Component: ARM Compiler 5.05 update 2 (build 169) Tool: armlink [4d0f33]

==============================================================================

Section Cross References

    startup_stm32f103xe.o(STACK) refers (Special) to heapauxi.o(.text) for __use_two_region_memory
    startup_stm32f103xe.o(HEAP) refers (Special) to heapauxi.o(.text) for __use_two_region_memory
    startup_stm32f103xe.o(RESET) refers (Special) to heapauxi.o(.text) for __use_two_region_memory
    startup_stm32f103xe.o(RESET) refers to startup_stm32f103xe.o(STACK) for __initial_sp
    startup_stm32f103xe.o(RESET) refers to startup_stm32f103xe.o(.text) for Reset_Handler
    startup_stm32f103xe.o(RESET) refers to stm32f1xx_it.o(i.NMI_Handler) for NMI_Handler
    startup_stm32f103xe.o(RESET) refers to stm32f1xx_it.o(i.HardFault_Handler) for HardFault_Handler
    startup_stm32f103xe.o(RESET) refers to stm32f1xx_it.o(i.MemManage_Handler) for MemManage_Handler
    startup_stm32f103xe.o(RESET) refers to stm32f1xx_it.o(i.BusFault_Handler) for BusFault_Handler
    startup_stm32f103xe.o(RESET) refers to stm32f1xx_it.o(i.UsageFault_Handler) for UsageFault_Handler
    startup_stm32f103xe.o(RESET) refers to stm32f1xx_it.o(i.SVC_Handler) for SVC_Handler
    startup_stm32f103xe.o(RESET) refers to stm32f1xx_it.o(i.DebugMon_Handler) for DebugMon_Handler
    startup_stm32f103xe.o(RESET) refers to stm32f1xx_it.o(i.PendSV_Handler) for PendSV_Handler
    startup_stm32f103xe.o(RESET) refers to stm32f1xx_it.o(i.SysTick_Handler) for SysTick_Handler
    startup_stm32f103xe.o(RESET) refers to stm32f1xx_it.o(i.TIM6_IRQHandler) for TIM6_IRQHandler
    startup_stm32f103xe.o(RESET) refers to stm32f1xx_it.o(i.TIM7_IRQHandler) for TIM7_IRQHandler
    startup_stm32f103xe.o(.text) refers (Special) to heapauxi.o(.text) for __use_two_region_memory
    startup_stm32f103xe.o(.text) refers to system_stm32f1xx.o(i.SystemInit) for SystemInit
    startup_stm32f103xe.o(.text) refers to __main.o(!!!main) for __main
    startup_stm32f103xe.o(.text) refers to startup_stm32f103xe.o(HEAP) for Heap_Mem
    startup_stm32f103xe.o(.text) refers to startup_stm32f103xe.o(STACK) for Stack_Mem
    lcd.o(i.LCD_Clear) refers to lcd.o(i.LCD_SetCursor) for LCD_SetCursor
    lcd.o(i.LCD_ClearLine) refers to lcd.o(i.LCD_DisplayStringLine) for LCD_DisplayStringLine
    lcd.o(i.LCD_DisplayChar) refers to lcd.o(i.LCD_DrawChar) for LCD_DrawChar
    lcd.o(i.LCD_DisplayChar) refers to lcd.o(.constdata) for .constdata
    lcd.o(i.LCD_DisplayOff) refers to lcd.o(i.LCD_WriteReg) for LCD_WriteReg
    lcd.o(i.LCD_DisplayOn) refers to lcd.o(i.LCD_WriteReg) for LCD_WriteReg
    lcd.o(i.LCD_DisplayStringLine) refers to lcd.o(i.LCD_DisplayChar) for LCD_DisplayChar
    lcd.o(i.LCD_DrawChar) refers to lcd.o(i.LCD_SetCursor) for LCD_SetCursor
    lcd.o(i.LCD_DrawChar) refers to lcd.o(.data) for .data
    lcd.o(i.LCD_DrawCircle) refers to lcd.o(i.LCD_SetCursor) for LCD_SetCursor
    lcd.o(i.LCD_DrawCircle) refers to lcd.o(.data) for .data
    lcd.o(i.LCD_DrawLine) refers to lcd.o(i.LCD_SetCursor) for LCD_SetCursor
    lcd.o(i.LCD_DrawLine) refers to lcd.o(.data) for .data
    lcd.o(i.LCD_DrawMonoPict) refers to lcd.o(i.LCD_SetCursor) for LCD_SetCursor
    lcd.o(i.LCD_DrawMonoPict) refers to lcd.o(.data) for .data
    lcd.o(i.LCD_DrawRect) refers to lcd.o(i.LCD_DrawLine) for LCD_DrawLine
    lcd.o(i.LCD_PowerOn) refers to lcd.o(i.LCD_WriteReg) for LCD_WriteReg
    lcd.o(i.LCD_PowerOn) refers to stm32f1xx_hal.o(i.HAL_Delay) for HAL_Delay
    lcd.o(i.LCD_SetBackColor) refers to lcd.o(.data) for .data
    lcd.o(i.LCD_SetCursor) refers to lcd.o(i.LCD_WriteReg) for LCD_WriteReg
    lcd.o(i.LCD_SetDisplayWindow) refers to lcd.o(i.LCD_WriteReg) for LCD_WriteReg
    lcd.o(i.LCD_SetDisplayWindow) refers to lcd.o(i.LCD_SetCursor) for LCD_SetCursor
    lcd.o(i.LCD_SetTextColor) refers to lcd.o(.data) for .data
    lcd.o(i.LCD_WindowModeDisable) refers to lcd.o(i.LCD_SetDisplayWindow) for LCD_SetDisplayWindow
    lcd.o(i.LCD_WindowModeDisable) refers to lcd.o(i.LCD_WriteReg) for LCD_WriteReg
    lcd.o(i.LCD_WriteBMP) refers to lcd.o(i.LCD_WriteReg) for LCD_WriteReg
    lcd.o(i.STM3210E_LCD_Init) refers to stm32f1xx_hal.o(i.HAL_Delay) for HAL_Delay
    lcd.o(i.STM3210E_LCD_Init) refers to lcd.o(i.LCD_WriteReg) for LCD_WriteReg
    main.o(i.MX_ADC1_Init) refers to stm32f1xx_hal_adc.o(i.HAL_ADC_Init) for HAL_ADC_Init
    main.o(i.MX_ADC1_Init) refers to stm32f1xx_hal_adc.o(i.HAL_ADC_ConfigChannel) for HAL_ADC_ConfigChannel
    main.o(i.MX_ADC1_Init) refers to main.o(.bss) for .bss
    main.o(i.MX_FSMC_Init) refers to rt_memclr_w.o(.text) for __aeabi_memclr4
    main.o(i.MX_FSMC_Init) refers to stm32f1xx_hal_sram.o(i.HAL_SRAM_Init) for HAL_SRAM_Init
    main.o(i.MX_FSMC_Init) refers to main.o(.bss) for .bss
    main.o(i.MX_GPIO_Init) refers to stm32f1xx_hal_gpio.o(i.HAL_GPIO_WritePin) for HAL_GPIO_WritePin
[...]
    ../fplib/fdiv.s                          0x00000000   Number         0  fdiv.o ABSOLUTE
    ../fplib/fflt.s                          0x00000000   Number         0  fflt_clz.o ABSOLUTE
    ../fplib/fleqf.s                         0x00000000   Number         0  fleqf.o ABSOLUTE
    ../fplib/fmul.s                          0x00000000   Number         0  fmul.o ABSOLUTE
    ../fplib/fnaninf.s                       0x00000000   Number         0  fnaninf.o ABSOLUTE
    ../fplib/fpinit.s                        0x00000000   Number         0  fpinit.o ABSOLUTE
    ../fplib/fretinf.s                       0x00000000   Number         0  fretinf.o ABSOLUTE
    ../fplib/frleqf.s                        0x00000000   Number         0  frleqf.o ABSOLUTE
    ../fplib/istatus.s                       0x00000000   Number         0  istatus.o ABSOLUTE
    ../fplib/printf1.s                       0x00000000   Number         0  printf1.o ABSOLUTE
    ../fplib/usenofp.s                       0x00000000   Number         0  usenofp.o ABSOLUTE
    ../mathlib/fpclassify.c                  0x00000000   Number         0  fpclassify.o ABSOLUTE
    ..\Core\Src\lcd.c                        0x00000000   Number         0  lcd.o ABSOLUTE
    ..\Core\Src\main.c                       0x00000000   Number         0  main.o ABSOLUTE
    ..\Core\Src\stm32f1xx_hal_msp.c          0x00000000   Number         0  stm32f1xx_hal_msp.o ABSOLUTE
    ..\Core\Src\stm32f1xx_it.c               0x00000000   Number         0  stm32f1xx_it.o ABSOLUTE
    ..\Core\Src\system_stm32f1xx.c           0x00000000   Number         0  system_stm32f1xx.o ABSOLUTE
    ..\Drivers\STM32F1xx_HAL_Driver\Src\stm32f1xx_hal.c 0x00000000   Number         0  stm32f1xx_hal.o ABSOLUTE
    ..\Drivers\STM32F1xx_HAL_Driver\Src\stm32f1xx_hal_adc.c 0x00000000   Number         0  stm32f1xx_hal_adc.o ABSOLUTE
    ..\Drivers\STM32F1xx_HAL_Driver\Src\stm32f1xx_hal_adc_ex.c 0x00000000   Number         0  stm32f1xx_hal_adc_ex.o ABSOLUTE
    ..\Drivers\STM32F1xx_HAL_Driver\Src\stm32f1xx_hal_cortex.c 0x00000000   Number         0  stm32f1xx_hal_cortex.o ABSOLUTE
    ..\Drivers\STM32F1xx_HAL_Driver\Src\stm32f1xx_hal_dma.c 0x00000000   Number         0  stm32f1xx_hal_dma.o ABSOLUTE
    ..\Drivers\STM32F1xx_HAL_Driver\Src\stm32f1xx_hal_exti.c 0x00000000   Number         0  stm32f1xx_hal_exti.o ABSOLUTE
    ..\Drivers\STM32F1xx_HAL_Driver\Src\stm32f1xx_hal_flash.c 0x00000000   Number         0  stm32f1xx_hal_flash.o ABSOLUTE
    ..\Drivers\STM32F1xx_HAL_Driver\Src\stm32f1xx_hal_flash_ex.c 0x00000000   Number         0  stm32f1xx_hal_flash_ex.o ABSOLUTE
    ..\Drivers\STM32F1xx_HAL_Driver\Src\stm32f1xx_hal_gpio.c 0x00000000   Number         0  stm32f1xx_hal_gpio.o ABSOLUTE
    ..\Drivers\STM32F1xx_HAL_Driver\Src\stm32f1xx_hal_gpio_ex.c 0x00000000   Number         0  stm32f1xx_hal_gpio_ex.o ABSOLUTE
    ..\Drivers\STM32F1xx_HAL_Driver\Src\stm32f1xx_hal_pwr.c 0x00000000   Number         0  stm32f1xx_hal_pwr.o ABSOLUTE
    ..\Drivers\STM32F1xx_HAL_Driver\Src\stm32f1xx_hal_rcc.c 0x00000000   Number         0  stm32f1xx_hal_rcc.o ABSOLUTE
    ..\Drivers\STM32F1xx_HAL_Driver\Src\stm32f1xx_hal_rcc_ex.c 0x00000000   Number         0  stm32f1xx_hal_rcc_ex.o ABSOLUTE
    ..\Drivers\STM32F1xx_HAL_Driver\Src\stm32f1xx_hal_sram.c 0x00000000   Number         0  stm32f1xx_hal_sram.o ABSOLUTE
    ..\Drivers\STM32F1xx_HAL_Driver\Src\stm32f1xx_hal_tim.c 0x00000000   Number         0  stm32f1xx_hal_tim.o ABSOLUTE
    ..\Drivers\STM32F1xx_HAL_Driver\Src\stm32f1xx_hal_tim_ex.c 0x00000000   Number         0  stm32f1xx_hal_tim_ex.o ABSOLUTE
    ..\Drivers\STM32F1xx_HAL_Driver\Src\stm32f1xx_ll_fsmc.c 0x00000000   Number         0  stm32f1xx_ll_fsmc.o ABSOLUTE
    ..\\Core\\Src\\lcd.c                     0x00000000   Number         0  lcd.o ABSOLUTE
    dc.s                                     0x00000000   Number         0  dc.o ABSOLUTE
    startup_stm32f103xe.s                    0x00000000   Number         0  startup_stm32f103xe.o ABSOLUTE
    RESET                                    0x08000000   Section      304  startup_stm32f103xe.o(RESET)
    !!!main                                  0x08000130   Section        8  __main.o(!!!main)
    !!!scatter                               0x08000138   Section       52  __scatter.o(!!!scatter)
    !!handler_copy                           0x0800016c   Section       26  __scatter_copy.o(!!handler_copy)
    !!handler_zi                             0x08000188   Section       28  __scatter_zi.o(!!handler_zi)
    .ARM.Collect$$_printf_percent$$00000000  0x080001a4   Section        0  _printf_percent.o(.ARM.Collect$$_printf_percent$$00000000)
    .ARM.Collect$$_printf_percent$$00000003  0x080001a4   Section        6  _printf_f.o(.ARM.Collect$$_printf_percent$$00000003)
    .ARM.Collect$$_printf_percent$$00000017  0x080001aa   Section        4  _printf_percent_end.o(.ARM.Collect$$_printf_percent$$00000017)
    .ARM.Collect$$libinit$$00000000          0x080001ae   Section        2  libinit.o(.ARM.Collect$$libinit$$00000000)
    .ARM.Collect$$libinit$$00000002          0x080001b0   Section        0  libinit2.o(.ARM.Collect$$libinit$$00000002)
    .ARM.Collect$$libinit$$00000004          0x080001b0   Section        0  libinit2.o(.ARM.Collect$$libinit$$00000004)
    .ARM.Collect$$libinit$$0000000A          0x080001b0   Section        0  libinit2.o(.ARM.Collect$$libinit$$0000000A)
    .ARM.Collect$$libinit$$0000000C          0x080001b0   Section        0  libinit2.o(.ARM.Collect$$libinit$$0000000C)
    .ARM.Collect$$libinit$$0000000E          0x080001b0   Section        0  libinit2.o(.ARM.Collect$$libinit$$0000000E)
    .ARM.Collect$$libinit$$0000000F          0x080001b0   Section        6  libinit2.o(.ARM.Collect$$libinit$$0000000F)
    .ARM.Collect$$libinit$$00000011          0x080001b6   Section        0  libinit2.o(.ARM.Collect$$libinit$$00000011)
    .ARM.Collect$$libinit$$00000013          0x080001b6   Section        0  libinit2.o(.ARM.Collect$$libinit$$00000013)
    .ARM.Collect$$libinit$$00000015          0x080001b6   Section        0  libinit2.o(.ARM.Collect$$libinit$$00000015)
    .ARM.Collect$$libinit$$00000016          0x080001b6   Section       10  libinit2.o(.ARM.Collect$$libinit$$00000016)
    .ARM.Collect$$libinit$$00000017          0x080001c0   Section        0  libinit2.o(.ARM.Collect$$libinit$$00000017)
    .ARM.Collect$$libinit$$00000019          0x080001c0   Section        0  libinit2.o(.ARM.Collect$$libinit$$00000019)
    .ARM.Collect$$libinit$$0000001B          0x080001c0   Section        0  libinit2.o(.ARM.Collect$$libinit$$0000001B)
    .ARM.Collect$$libinit$$0000001D          0x080001c0   Section        0  libinit2.o(.ARM.Collect$$libinit$$0000001D)
    .ARM.Collect$$libinit$$0000001F          0x080001c0   Section        0  libinit2.o(.ARM.Collect$$libinit$$0000001F)
    .ARM.Collect$$libinit$$00000021          0x080001c0   Section        0  libinit2.o(.ARM.Collect$$libinit$$00000021)
    .ARM.Collect$$libinit$$00000023          0x080001c0   Section        0  libinit2.o(.ARM.Collect$$libinit$$00000023)
    .ARM.Collect$$libinit$$00000025          0x080001c0   Section        0  libinit2.o(.ARM.Collect$$libinit$$00000025)
    .ARM.Collect$$libinit$$0000002C          0x080001c0   Section        0  libinit2.o(.ARM.Collect$$libinit$$0000002C)
    .ARM.Collect$$libinit$$0000002E          0x080001c0   Section        0  libinit2.o(.ARM.Collect$$libinit$$0000002E)
    .ARM.Collect$$libinit$$00000030          0x080001c0   Section        0  libinit2.o(.ARM.Collect$$libinit$$00000030)
    .ARM.Collect$$libinit$$00000032          0x080001c0   Section        0  libinit2.o(.ARM.Collect$$libinit$$00000032)
    .ARM.Collect$$libinit$$00000033          0x080001c0   Section        2  libinit2.o(.ARM.Collect$$libinit$$00000033)
    .ARM.Collect$$libshutdown$$00000000      0x080001c2   Section        2  libshutdown.o(.ARM.Collect$$libshutdown$$00000000)
    .ARM.Collect$$libshutdown$$00000003      0x080001c4   Section        0  libshutdown2.o(.ARM.Collect$$libshutdown$$00000003)
    .ARM.Collect$$libshutdown$$00000006      0x080001c4   Section        0  libshutdown2.o(.ARM.Collect$$libshutdown$$00000006)
    .ARM.Collect$$libshutdown$$00000009      0x080001c4   Section        0  libshutdown2.o(.ARM.Collect$$libshutdown$$00000009)
    .ARM.Collect$$libshutdown$$0000000B      0x080001c4   Section        0  libshutdown2.o(.ARM.Collect$$libshutdown$$0000000B)
    .ARM.Collect$$libshutdown$$0000000E      0x080001c4   Section        0  libshutdown2.o(.ARM.Collect$$libshutdown$$0000000E)
    .ARM.Collect$$libshutdown$$0000000F      0x080001c4   Section        2  libshutdown2.o(.ARM.Collect$$libshutdown$$0000000F)
    .ARM.Collect$$rtentry$$00000000          0x080001c6   Section        0  __rtentry.o(.ARM.Collect$$rtentry$$00000000)
    .ARM.Collect$$rtentry$$00000002          0x080001c6   Section        0  __rtentry2.o(.ARM.Collect$$rtentry$$00000002)
    .ARM.Collect$$rtentry$$00000004          0x080001c6   Section        6  __rtentry4.o(.ARM.Collect$$rtentry$$00000004)
    .ARM.Collect$$rtentry$$00000009          0x080001cc   Section        0  __rtentry2.o(.ARM.Collect$$rtentry$$00000009)
    .ARM.Collect$$rtentry$$0000000A          0x080001cc   Section        4  __rtentry2.o(.ARM.Collect$$rtentry$$0000000A)
    .ARM.Collect$$rtentry$$0000000C          0x080001d0   Section        0  __rtentry2.o(.ARM.Collect$$rtentry$$0000000C)
    .ARM.Collect$$rtentry$$0000000D          0x080001d0   Section        8  __rtentry2.o(.ARM.Collect$$rtentry$$0000000D)
    .ARM.Collect$$rtexit$$00000000           0x080001d8   Section        2  rtexit.o(.ARM.Collect$$rtexit$$00000000)
    .ARM.Collect$$rtexit$$00000002           0x080001da   Section        0  rtexit2.o(.ARM.Collect$$rtexit$$00000002)
    .ARM.Collect$$rtexit$$00000003           0x080001da   Section        4  rtexit2.o(.ARM.Collect$$rtexit$$00000003)
    .ARM.Collect$$rtexit$$00000004           0x080001de   Section        6  rtexit2.o(.ARM.Collect$$rtexit$$00000004)
    .text                                    0x080001e4   Section       64  startup_stm32f103xe.o(.text)
    .text                                    0x08000224   Section        0  noretval__2snprintf.o(.text)
    .text                                    0x08000258   Section        0  __printf_wp.o(.text)
    .text                                    0x08000366   Section       78  rt_memclr_w.o(.text)
    .text                                    0x080003b4   Section        0  heapauxi.o(.text)
    .text                                    0x080003ba   Section        0  _printf_fp_dec.o(.text)
    _fp_digits                               0x080003bd   Thumb Code   428  _printf_fp_dec.o(.text)
    .text                                    0x080007d4   Section        0  _printf_char_common.o(.text)
    _printf_input_char                       0x080007d5   Thumb Code    10  _printf_char_common.o(.text)
    .text                                    0x08000804   Section        0  _sputc.o(.text)
    .text                                    0x0800080e   Section        0  _snputc.o(.text)
    .text                                    0x08000820   Section        8  rt_locale_intlibspace.o(.text)
    .text                                    0x08000828   Section      138  lludiv10.o(.text)
    .text                                    0x080008b4   Section        0  _printf_fp_infnan.o(.text)
    .text                                    0x08000934   Section        0  bigflt0.o(.text)
    .text                                    0x08000a10   Section        8  libspace.o(.text)
    .text                                    0x08000a18   Section       74  sys_stackheap_outer.o(.text)
    .text                                    0x08000a62   Section        0  exit.o(.text)
    .text                                    0x08000a70   Section      128  strcmpv7m.o(.text)
    .text                                    0x08000af0   Section        0  sys_exit.o(.text)
    .text                                    0x08000afc   Section        2  use_no_semi.o(.text)
    .text                                    0x08000afe   Section        0  indicate_semi.o(.text)
    CL$$btod_d2e                             0x08000afe   Section       62  btod.o(CL$$btod_d2e)
    CL$$btod_d2e_denorm_low                  0x08000b3c   Section       70  btod.o(CL$$btod_d2e_denorm_low)
    CL$$btod_d2e_norm_op1                    0x08000b82   Section       96  btod.o(CL$$btod_d2e_norm_op1)
    CL$$btod_div_common                      0x08000be2   Section      824  btod.o(CL$$btod_div_common)
    CL$$btod_e2e                             0x08000f1a   Section      198  btod.o(CL$$btod_e2e)
    CL$$btod_ediv                            0x08000fe0   Section       40  btod.o(CL$$btod_ediv)
    CL$$btod_emul                            0x08001008   Section       40  btod.o(CL$$btod_emul)
    CL$$btod_mult_common                     0x08001030   Section      580  btod.o(CL$$btod_mult_common)
    i.ADC_ConversionStop_Disable             0x08001274   Section        0  stm32f1xx_hal_adc.o(i.ADC_ConversionStop_Disable)
    i.ADC_Enable                             0x080012c0   Section        0  stm32f1xx_hal_adc.o(i.ADC_Enable)
    i.BusFault_Handler                       0x08001330   Section        0  stm32f1xx_it.o(i.BusFault_Handler)
    i.DebugMon_Handler                       0x08001332   Section        0  stm32f1xx_it.o(i.DebugMon_Handler)
    i.FSMC_NORSRAM_Extended_Timing_Init      0x08001334   Section        0  stm32f1xx_ll_fsmc.o(i.FSMC_NORSRAM_Extended_Timing_Init)
    i.FSMC_NORSRAM_Init                      0x08001370   Section        0  stm32f1xx_ll_fsmc.o(i.FSMC_NORSRAM_Init)
    i.FSMC_NORSRAM_Timing_Init               0x080013d8   Section        0  stm32f1xx_ll_fsmc.o(i.FSMC_NORSRAM_Timing_Init)
    i.HAL_ADC_ConfigChannel                  0x0800141c   Section        0  stm32f1xx_hal_adc.o(i.HAL_ADC_ConfigChannel)
    i.HAL_ADC_GetValue                       0x08001518   Section        0  stm32f1xx_hal_adc.o(i.HAL_ADC_GetValue)
    i.HAL_ADC_Init                           0x08001520   Section        0  stm32f1xx_hal_adc.o(i.HAL_ADC_Init)
    i.HAL_ADC_MspInit                        0x08001644   Section        0  stm32f1xx_hal_msp.o(i.HAL_ADC_MspInit)
    i.HAL_ADC_PollForConversion              0x0800169c   Section        0  stm32f1xx_hal_adc.o(i.HAL_ADC_PollForConversion)
    i.HAL_ADC_Start                          0x080017cc   Section        0  stm32f1xx_hal_adc.o(i.HAL_ADC_Start)
    i.HAL_Delay                              0x0800188c   Section        0  stm32f1xx_hal.o(i.HAL_Delay)
    i.HAL_FSMC_MspInit                       0x080018b0   Section        0  stm32f1xx_hal_msp.o(i.HAL_FSMC_MspInit)
    HAL_FSMC_MspInit                         0x080018b1   Thumb Code   118  stm32f1xx_hal_msp.o(i.HAL_FSMC_MspInit)
    i.HAL_GPIO_Init                          0x08001940   Section        0  stm32f1xx_hal_gpio.o(i.HAL_GPIO_Init)
    i.HAL_GPIO_ReadPin                       0x08001b38   Section        0  stm32f1xx_hal_gpio.o(i.HAL_GPIO_ReadPin)
    i.HAL_GPIO_WritePin                      0x08001b42   Section        0  stm32f1xx_hal_gpio.o(i.HAL_GPIO_WritePin)
    i.HAL_GetTick                            0x08001b4c   Section        0  stm32f1xx_hal.o(i.HAL_GetTick)
    i.HAL_IncTick                            0x08001b58   Section        0  stm32f1xx_hal.o(i.HAL_IncTick)
    i.HAL_Init                               0x08001b68   Section        0  stm32f1xx_hal.o(i.HAL_Init)
    i.HAL_InitTick                           0x08001b8c   Section        0  stm32f1xx_hal.o(i.HAL_InitTick)
    i.HAL_MspInit                            0x08001bcc   Section        0  stm32f1xx_hal_msp.o(i.HAL_MspInit)
    i.HAL_NVIC_EnableIRQ                     0x08001c08   Section        0  stm32f1xx_hal_cortex.o(i.HAL_NVIC_EnableIRQ)
    i.HAL_NVIC_SetPriority                   0x08001c24   Section        0  stm32f1xx_hal_cortex.o(i.HAL_NVIC_SetPriority)
    i.HAL_NVIC_SetPriorityGrouping           0x08001c64   Section        0  stm32f1xx_hal_cortex.o(i.HAL_NVIC_SetPriorityGrouping)
    i.HAL_RCCEx_GetPeriphCLKFreq             0x08001c88   Section        0  stm32f1xx_hal_rcc_ex.o(i.HAL_RCCEx_GetPeriphCLKFreq)
    i.HAL_RCCEx_PeriphCLKConfig              0x08001d5c   Section        0  stm32f1xx_hal_rcc_ex.o(i.HAL_RCCEx_PeriphCLKConfig)
    i.HAL_RCC_ClockConfig                    0x08001e48   Section        0  stm32f1xx_hal_rcc.o(i.HAL_RCC_ClockConfig)
    i.HAL_RCC_GetPCLK2Freq                   0x08001f74   Section        0  stm32f1xx_hal_rcc.o(i.HAL_RCC_GetPCLK2Freq)
    i.HAL_RCC_GetSysClockFreq                0x08001f94   Section        0  stm32f1xx_hal_rcc.o(i.HAL_RCC_GetSysClockFreq)
    i.HAL_RCC_OscConfig                      0x08002000   Section        0  stm32f1xx_hal_rcc.o(i.HAL_RCC_OscConfig)
    i.HAL_SRAM_Init                          0x08002320   Section        0  stm32f1xx_hal_sram.o(i.HAL_SRAM_Init)
    i.HAL_SRAM_MspInit                       0x08002384   Section        0  stm32f1xx_hal_msp.o(i.HAL_SRAM_MspInit)
    i.HAL_SYSTICK_Config                     0x08002388   Section        0  stm32f1xx_hal_cortex.o(i.HAL_SYSTICK_Config)
    i.HAL_TIMEx_BreakCallback                0x080023b0   Section        0  stm32f1xx_hal_tim_ex.o(i.HAL_TIMEx_BreakCallback)
    i.HAL_TIMEx_CommutCallback               0x080023b2   Section        0  stm32f1xx_hal_tim_ex.o(i.HAL_TIMEx_CommutCallback)
    i.HAL_TIMEx_MasterConfigSynchronization  0x080023b4   Section        0  stm32f1xx_hal_tim_ex.o(i.HAL_TIMEx_MasterConfigSynchronization)
    i.HAL_TIM_Base_Init                      0x08002430   Section        0  stm32f1xx_hal_tim.o(i.HAL_TIM_Base_Init)
    i.HAL_TIM_Base_MspInit                   0x0800248c   Section        0  stm32f1xx_hal_msp.o(i.HAL_TIM_Base_MspInit)
    i.HAL_TIM_Base_Start                     0x080024f0   Section        0  stm32f1xx_hal_tim.o(i.HAL_TIM_Base_Start)
    i.HAL_TIM_Base_Start_IT                  0x08002554   Section        0  stm32f1xx_hal_tim.o(i.HAL_TIM_Base_Start_IT)
    i.HAL_TIM_IC_CaptureCallback             0x080025c0   Section        0  stm32f1xx_hal_tim.o(i.HAL_TIM_IC_CaptureCallback)
    i.HAL_TIM_IRQHandler                     0x080025c2   Section        0  stm32f1xx_hal_tim.o(i.HAL_TIM_IRQHandler)
    i.HAL_TIM_OC_DelayElapsedCallback        0x08002728   Section        0  stm32f1xx_hal_tim.o(i.HAL_TIM_OC_DelayElapsedCallback)
    i.HAL_TIM_PWM_PulseFinishedCallback      0x0800272a   Section        0  stm32f1xx_hal_tim.o(i.HAL_TIM_PWM_PulseFinishedCallback)
    i.HAL_TIM_PeriodElapsedCallback          0x0800272c   Section        0  stm32f1xx_hal_tim.o(i.HAL_TIM_PeriodElapsedCallback)
    i.HAL_TIM_TriggerCallback                0x0800272e   Section        0  stm32f1xx_hal_tim.o(i.HAL_TIM_TriggerCallback)
    i.HardFault_Handler                      0x08002730   Section        0  stm32f1xx_it.o(i.HardFault_Handler)
    i.LCD_Clear                              0x08002732   Section        0  lcd.o(i.LCD_Clear)
    i.LCD_DisplayChar                        0x08002758   Section        0  lcd.o(i.LCD_DisplayChar)
    i.LCD_DisplayStringLine                  0x08002770   Section        0  lcd.o(i.LCD_DisplayStringLine)
    i.LCD_DrawChar                           0x0800279c   Section        0  lcd.o(i.LCD_DrawChar)
    i.LCD_SetBackColor                       0x08002800   Section        0  lcd.o(i.LCD_SetBackColor)
    i.LCD_SetCursor                          0x08002810   Section        0  lcd.o(i.LCD_SetCursor)
    i.LCD_SetTextColor                       0x08002828   Section        0  lcd.o(i.LCD_SetTextColor)
    i.LCD_WriteReg                           0x08002838   Section        0  lcd.o(i.LCD_WriteReg)
    i.MX_ADC1_Init                           0x08002844   Section        0  main.o(i.MX_ADC1_Init)
    MX_ADC1_Init                             0x08002845   Thumb Code    70  main.o(i.MX_ADC1_Init)
    i.MX_FSMC_Init                           0x08002894   Section        0  main.o(i.MX_FSMC_Init)
    MX_FSMC_Init                             0x08002895   Thumb Code   108  main.o(i.MX_FSMC_Init)
    i.MX_GPIO_Init                           0x0800290c   Section        0  main.o(i.MX_GPIO_Init)
    MX_GPIO_Init                             0x0800290d   Thumb Code   230  main.o(i.MX_GPIO_Init)
    i.MemManage_Handler                      0x08002a08   Section        0  stm32f1xx_it.o(i.MemManage_Handler)
    i.NMI_Handler                            0x08002a0a   Section        0  stm32f1xx_it.o(i.NMI_Handler)
    i.PendSV_Handler                         0x08002a0c   Section        0  stm32f1xx_it.o(i.PendSV_Handler)
    i.STM3210E_LCD_Init                      0x08002a0e   Section        0  lcd.o(i.STM3210E_LCD_Init)
    i.SVC_Handler                            0x08002c1e   Section        0  stm32f1xx_it.o(i.SVC_Handler)
    i.SysTick_Handler                        0x08002c20   Section        0  stm32f1xx_it.o(i.SysTick_Handler)
    i.SystemClock_Config                     0x08002c24   Section        0  main.o(i.SystemClock_Config)
    i.SystemInit                             0x08002c96   Section        0  system_stm32f1xx.o(i.SystemInit)
    i.TIM6_IRQHandler                        0x08002c98   Section        0  stm32f1xx_it.o(i.TIM6_IRQHandler)
    i.TIM7_IRQHandler                        0x08002d00   Section        0  stm32f1xx_it.o(i.TIM7_IRQHandler)
    i.TIM_Base_SetConfig                     0x080034d8   Section        0  stm32f1xx_hal_tim.o(i.TIM_Base_SetConfig)
    i.UsageFault_Handler                     0x08003564   Section        0  stm32f1xx_it.o(i.UsageFault_Handler)
    i.__ARM_fpclassify                       0x08003566   Section        0  fpclassify.o(i.__ARM_fpclassify)
    i.__NVIC_SetPriority                     0x0800358e   Section        0  stm32f1xx_hal_cortex.o(i.__NVIC_SetPriority)
    __NVIC_SetPriority                       0x0800358f   Thumb Code    32  stm32f1xx_hal_cortex.o(i.__NVIC_SetPriority)
    i._is_digit                              0x080035ae   Section        0  __printf_wp.o(i._is_digit)
    i.main                                   0x080035bc   Section        0  main.o(i.main)
    locale$$code                             0x080039d0   Section       44  lc_numeric_c.o(locale$$code)
    x$fpl$d2f                                0x080039fc   Section       98  d2f.o(x$fpl$d2f)
    x$fpl$dadd                               0x08003a60   Section      336  daddsub_clz.o(x$fpl$dadd)
    _dadd1                                   0x08003a71   Thumb Code     0  daddsub_clz.o(x$fpl$dadd)
    x$fpl$ddiv                               0x08003bb0   Section      688  ddiv.o(x$fpl$ddiv)
    ddiv_entry                               0x08003bb7   Thumb Code     0  ddiv.o(x$fpl$ddiv)
    x$fpl$dfltu                              0x08003e60   Section       38  dflt_clz.o(x$fpl$dfltu)
    x$fpl$dmul                               0x08003e88   Section      340  dmul.o(x$fpl$dmul)
    x$fpl$dnaninf                            0x08003fdc   Section      156  dnaninf.o(x$fpl$dnaninf)
    x$fpl$dretinf                            0x08004078   Section       12  dretinf.o(x$fpl$dretinf)
    x$fpl$dsub                               0x08004084   Section      468  daddsub_clz.o(x$fpl$dsub)
    _dsub1                                   0x08004095   Thumb Code     0  daddsub_clz.o(x$fpl$dsub)
    x$fpl$f2d                                0x08004258   Section       86  f2d.o(x$fpl$f2d)
    x$fpl$fadd                               0x080042b0   Section      196  faddsub_clz.o(x$fpl$fadd)
    _fadd1                                   0x080042bf   Thumb Code     0  faddsub_clz.o(x$fpl$fadd)
    x$fpl$fcmpinf                            0x08004374   Section       24  fcmpi.o(x$fpl$fcmpinf)
    x$fpl$fdiv                               0x0800438c   Section      388  fdiv.o(x$fpl$fdiv)
    _fdiv1                                   0x0800438d   Thumb Code     0  fdiv.o(x$fpl$fdiv)
    x$fpl$ffltu                              0x08004510   Section       38  fflt_clz.o(x$fpl$ffltu)
    x$fpl$fleqf                              0x08004538   Section      104  fleqf.o(x$fpl$fleqf)
    x$fpl$fmul                               0x080045a0   Section      258  fmul.o(x$fpl$fmul)
    x$fpl$fnaninf                            0x080046a2   Section      140  fnaninf.o(x$fpl$fnaninf)
    x$fpl$fretinf                            0x0800472e   Section       10  fretinf.o(x$fpl$fretinf)
    x$fpl$frleqf                             0x08004738   Section       98  frleqf.o(x$fpl$frleqf)
    x$fpl$fsub                               0x0800479c   Section      234  faddsub_clz.o(x$fpl$fsub)
    _fsub1                                   0x080047ab   Thumb Code     0  faddsub_clz.o(x$fpl$fsub)
    x$fpl$printf1                            0x08004886   Section        4  printf1.o(x$fpl$printf1)
    .constdata                               0x0800488a   Section     4560  lcd.o(.constdata)
    x$fpl$usenofp                            0x0800488a   Section        0  usenofp.o(x$fpl$usenofp)
    .constdata                               0x08005a5a   Section       16  system_stm32f1xx.o(.constdata)
    .constdata                               0x08005a6a   Section        8  system_stm32f1xx.o(.constdata)
    .constdata                               0x08005a74   Section      148  bigflt0.o(.constdata)
    tenpwrs_x                                0x08005a74   Data          60  bigflt0.o(.constdata)
    tenpwrs_i                                0x08005ab0   Data          64  bigflt0.o(.constdata)
    locale$$data                             0x08005b28   Section       28  lc_numeric_c.o(locale$$data)
    __lcnum_c_name                           0x08005b2c   Data           2  lc_numeric_c.o(locale$$data)
    __lcnum_c_start                          0x08005b34   Data           0  lc_numeric_c.o(locale$$data)
    __lcnum_c_point                          0x08005b40   Data           0  lc_numeric_c.o(locale$$data)
    __lcnum_c_thousands                      0x08005b42   Data           0  lc_numeric_c.o(locale$$data)
    __lcnum_c_grouping                       0x08005b43   Data           0  lc_numeric_c.o(locale$$data)
    __lcnum_c_end                            0x08005b44   Data           0  lc_numeric_c.o(locale$$data)
    .data                                    0x20000000   Section        4  lcd.o(.data)
    TextColor                                0x20000000   Data           2  lcd.o(.data)
    BackColor                                0x20000002   Data           2  lcd.o(.data)
    .data                                    0x20000004   Section        1  main.o(.data)
    .data                                    0x20000005   Section        1  main.o(.data)
    .data                                    0x20000006   Section        1  main.o(.data)
    .data                                    0x20000008   Section        8  main.o(.data)
    .data                                    0x20000010   Section        1  main.o(.data)
    .data                                    0x20000011   Section        1  main.o(.data)
    .data                                    0x20000012   Section        1  main.o(.data)
    .data                                    0x20000013   Section        1  main.o(.data)
    .data                                    0x20000014   Section        1  main.o(.data)
    .data                                    0x20000015   Section        1  main.o(.data)
    .data                                    0x20000016   Section        1  main.o(.data)
    .data                                    0x20000017   Section        1  main.o(.data)
    .data                                    0x20000018   Section        1  main.o(.data)
    .data                                    0x20000019   Section        1  main.o(.data)
    .data                                    0x2000001a   Section        1  main.o(.data)
    .data                                    0x2000001b   Section        1  main.o(.data)
    .data                                    0x2000001c   Section        1  main.o(.data)
    .data                                    0x2000001d   Section        1  main.o(.data)
    .data                                    0x2000001e   Section        1  main.o(.data)
    .data                                    0x2000001f   Section        1  main.o(.data)
    .data                                    0x20000020   Section        8  stm32f1xx_hal_msp.o(.data)
    FSMC_Initialized                         0x20000020   Data           4  stm32f1xx_hal_msp.o(.data)
    FSMC_DeInitialized                       0x20000024   Data           4  stm32f1xx_hal_msp.o(.data)
    .data                                    0x20000028   Section       12  stm32f1xx_hal.o(.data)
    .data                                    0x20000034   Section        4  system_stm32f1xx.o(.data)
    .bss                                     0x20000038   Section      264  main.o(.bss)
    .bss                                     0x20000140   Section       96  libspace.o(.bss)
    HEAP                                     0x200001a0   Section      512  startup_stm32f103xe.o(HEAP)
    Heap_Mem                                 0x200001a0   Data         512  startup_stm32f103xe.o(HEAP)
    STACK                                    0x200003a0   Section     1024  startup_stm32f103xe.o(STACK)
    Stack_Mem                                0x200003a0   Data        1024  startup_stm32f103xe.o(STACK)
    __initial_sp                             0x200007a0   Data           0  startup_stm32f103xe.o(STACK)

    Global Symbols

    Symbol Name                              Value     Ov Type        Size  Object(Section)

    BuildAttributes$$THM_ISAv4$P$D$K$B$S$PE$A:L22UL41UL21$X:L11$S22US41US21$IEEE1$IW$USESV6$~STKCKD$USESV7$~SHL$OTIME$ROPI$IEEEJ$EBA8$UX$STANDARDLIB$REQ8$PRES8$EABIv2 0x00000000   Number         0  anon$$obj.o ABSOLUTE
    __ARM_use_no_argv                        0x00000000   Number         0  main.o ABSOLUTE
    _printf_flags                            0x00000000   Number         0  printf_stubs.o ABSOLUTE
    _printf_return_value                     0x00000000   Number         0  printf_stubs.o ABSOLUTE
    _printf_sizespec                         0x00000000   Number         0  printf_stubs.o ABSOLUTE
    _printf_widthprec                        0x00000000   Number         0  printf_stubs.o ABSOLUTE
    __ARM_exceptions_init                     - Undefined Weak Reference
    __alloca_initialize                       - Undefined Weak Reference
    __arm_preinit_                            - Undefined Weak Reference
    __cpp_initialize__aeabi_                  - Undefined Weak Reference
    __cxa_finalize                            - Undefined Weak Reference
    __sigvec_lookup                           - Undefined Weak Reference
    _atexit_init                              - Undefined Weak Reference
    _call_atexit_fns                          - Undefined Weak Reference
    _clock_init                               - Undefined Weak Reference
    _fp_trap_init                             - Undefined Weak Reference
    _fp_trap_shutdown                         - Undefined Weak Reference
    _get_lc_collate                           - Undefined Weak Reference
    _get_lc_ctype                             - Undefined Weak Reference
    _get_lc_monetary                          - Undefined Weak Reference
    _get_lc_time                              - Undefined Weak Reference
    _getenv_init                              - Undefined Weak Reference
    _handle_redirection                       - Undefined Weak Reference
    _init_alloc                               - Undefined Weak Reference
    _init_user_alloc                          - Undefined Weak Reference
    _initio                                   - Undefined Weak Reference
    _printf_post_padding                      - Undefined Weak Reference
    _printf_pre_padding                       - Undefined Weak Reference
    _rand_init                                - Undefined Weak Reference
    _signal_finish                            - Undefined Weak Reference
    _signal_init                              - Undefined Weak Reference
    _terminate_alloc                          - Undefined Weak Reference
    _terminate_user_alloc                     - Undefined Weak Reference
    _terminateio                              - Undefined Weak Reference
    __Vectors_Size                           0x00000130   Number         0  startup_stm32f103xe.o ABSOLUTE
    __Vectors                                0x08000000   Data           4  startup_stm32f103xe.o(RESET)
    __Vectors_End                            0x08000130   Data           0  startup_stm32f103xe.o(RESET)
    __main                                   0x08000131   Thumb Code     8  __main.o(!!!main)
    __scatterload                            0x08000139   Thumb Code     0  __scatter.o(!!!scatter)
    __scatterload_rt2                        0x08000139   Thumb Code    44  __scatter.o(!!!scatter)
    __scatterload_rt2_thumb_only             0x08000139   Thumb Code     0  __scatter.o(!!!scatter)
    __scatterload_null                       0x08000147   Thumb Code     0  __scatter.o(!!!scatter)
    __scatterload_copy                       0x0800016d   Thumb Code    26  __scatter_copy.o(!!handler_copy)
    __scatterload_zeroinit                   0x08000189   Thumb Code    28  __scatter_zi.o(!!handler_zi)
    _printf_f                                0x080001a5   Thumb Code     0  _printf_f.o(.ARM.Collect$$_printf_percent$$00000003)
    _printf_percent                          0x080001a5   Thumb Code     0  _printf_percent.o(.ARM.Collect$$_printf_percent$$00000000)
    _printf_percent_end                      0x080001ab   Thumb Code     0  _printf_percent_end.o(.ARM.Collect$$_printf_percent$$00000017)
    __rt_lib_init                            0x080001af   Thumb Code     0  libinit.o(.ARM.Collect$$libinit$$00000000)
    __rt_lib_init_fp_1                       0x080001b1   Thumb Code     0  libinit2.o(.ARM.Collect$$libinit$$00000002)
    __rt_lib_init_heap_1                     0x080001b1   Thumb Code     0  libinit2.o(.ARM.Collect$$libinit$$0000000A)
    __rt_lib_init_lc_common                  0x080001b1   Thumb Code     0  libinit2.o(.ARM.Collect$$libinit$$0000000F)
    __rt_lib_init_preinit_1                  0x080001b1   Thumb Code     0  libinit2.o(.ARM.Collect$$libinit$$00000004)
    __rt_lib_init_rand_1                     0x080001b1   Thumb Code     0  libinit2.o(.ARM.Collect$$libinit$$0000000E)
    __rt_lib_init_user_alloc_1               0x080001b1   Thumb Code     0  libinit2.o(.ARM.Collect$$libinit$$0000000C)
    __rt_lib_init_lc_collate_1               0x080001b7   Thumb Code     0  libinit2.o(.ARM.Collect$$libinit$$00000011)
    __rt_lib_init_lc_ctype_1                 0x080001b7   Thumb Code     0  libinit2.o(.ARM.Collect$$libinit$$00000013)
    __rt_lib_init_lc_monetary_1              0x080001b7   Thumb Code     0  libinit2.o(.ARM.Collect$$libinit$$00000015)
    __rt_lib_init_lc_numeric_2               0x080001b7   Thumb Code     0  libinit2.o(.ARM.Collect$$libinit$$00000016)
    __rt_lib_init_alloca_1                   0x080001c1   Thumb Code     0  libinit2.o(.ARM.Collect$$libinit$$0000002E)
    __rt_lib_init_argv_1                     0x080001c1   Thumb Code     0  libinit2.o(.ARM.Collect$$libinit$$0000002C)
    __rt_lib_init_atexit_1                   0x080001c1   Thumb Code     0  libinit2.o(.ARM.Collect$$libinit$$0000001B)
    __rt_lib_init_clock_1                    0x080001c1   Thumb Code     0  libinit2.o(.ARM.Collect$$libinit$$00000021)
    __rt_lib_init_cpp_1                      0x080001c1   Thumb Code     0  libinit2.o(.ARM.Collect$$libinit$$00000032)
    __rt_lib_init_exceptions_1               0x080001c1   Thumb Code     0  libinit2.o(.ARM.Collect$$libinit$$00000030)
    __rt_lib_init_fp_trap_1                  0x080001c1   Thumb Code     0  libinit2.o(.ARM.Collect$$libinit$$0000001F)
    __rt_lib_init_getenv_1                   0x080001c1   Thumb Code     0  libinit2.o(.ARM.Collect$$libinit$$00000023)
    __rt_lib_init_lc_numeric_1               0x080001c1   Thumb Code     0  libinit2.o(.ARM.Collect$$libinit$$00000017)
    __rt_lib_init_lc_time_1                  0x080001c1   Thumb Code     0  libinit2.o(.ARM.Collect$$libinit$$00000019)
    __rt_lib_init_return                     0x080001c1   Thumb Code     0  libinit2.o(.ARM.Collect$$libinit$$00000033)
    __rt_lib_init_signal_1                   0x080001c1   Thumb Code     0  libinit2.o(.ARM.Collect$$libinit$$0000001D)
    __rt_lib_init_stdio_1                    0x080001c1   Thumb Code     0  libinit2.o(.ARM.Collect$$libinit$$00000025)
    __rt_lib_shutdown                        0x080001c3   Thumb Code     0  libshutdown.o(.ARM.Collect$$libshutdown$$00000000)
    __rt_lib_shutdown_fp_trap_1              0x080001c5   Thumb Code     0  libshutdown2.o(.ARM.Collect$$libshutdown$$00000006)
    __rt_lib_shutdown_heap_1                 0x080001c5   Thumb Code     0  libshutdown2.o(.ARM.Collect$$libshutdown$$0000000E)
    __rt_lib_shutdown_return                 0x080001c5   Thumb Code     0  libshutdown2.o(.ARM.Collect$$libshutdown$$0000000F)
    __rt_lib_shutdown_signal_1               0x080001c5   Thumb Code     0  libshutdown2.o(.ARM.Collect$$libshutdown$$00000009)
    __rt_lib_shutdown_stdio_1                0x080001c5   Thumb Code     0  libshutdown2.o(.ARM.Collect$$libshutdown$$00000003)
    __rt_lib_shutdown_user_alloc_1           0x080001c5   Thumb Code     0  libshutdown2.o(.ARM.Collect$$libshutdown$$0000000B)
    __rt_entry                               0x080001c7   Thumb Code     0  __rtentry.o(.ARM.Collect$$rtentry$$00000000)
    __rt_entry_presh_1                       0x080001c7   Thumb Code     0  __rtentry2.o(.ARM.Collect$$rtentry$$00000002)
    __rt_entry_sh                            0x080001c7   Thumb Code     0  __rtentry4.o(.ARM.Collect$$rtentry$$00000004)
    __rt_entry_li                            0x080001cd   Thumb Code     0  __rtentry2.o(.ARM.Collect$$rtentry$$0000000A)
    __rt_entry_postsh_1                      0x080001cd   Thumb Code     0  __rtentry2.o(.ARM.Collect$$rtentry$$00000009)
    __rt_entry_main                          0x080001d1   Thumb Code     0  __rtentry2.o(.ARM.Collect$$rtentry$$0000000D)
    __rt_entry_postli_1                      0x080001d1   Thumb Code     0  __rtentry2.o(.ARM.Collect$$rtentry$$0000000C)
    __rt_exit                                0x080001d9   Thumb Code     0  rtexit.o(.ARM.Collect$$rtexit$$00000000)
    __rt_exit_ls                             0x080001db   Thumb Code     0  rtexit2.o(.ARM.Collect$$rtexit$$00000003)
    __rt_exit_prels_1                        0x080001db   Thumb Code     0  rtexit2.o(.ARM.Collect$$rtexit$$00000002)
    __rt_exit_exit                           0x080001df   Thumb Code     0  rtexit2.o(.ARM.Collect$$rtexit$$00000004)
    Reset_Handler                            0x080001e5   Thumb Code     8  startup_stm32f103xe.o(.text)
    ADC1_2_IRQHandler                        0x080001ff   Thumb Code     0  startup_stm32f103xe.o(.text)
    ADC3_IRQHandler                          0x080001ff   Thumb Code     0  startup_stm32f103xe.o(.text)
    CAN1_RX1_IRQHandler                      0x080001ff   Thumb Code     0  startup_stm32f103xe.o(.text)
    CAN1_SCE_IRQHandler                      0x080001ff   Thumb Code     0  startup_stm32f103xe.o(.text)
    DMA1_Channel1_IRQHandler                 0x080001ff   Thumb Code     0  startup_stm32f103xe.o(.text)
    DMA1_Channel2_IRQHandler                 0x080001ff   Thumb Code     0  startup_stm32f103xe.o(.text)
    DMA1_Channel3_IRQHandler                 0x080001ff   Thumb Code     0  startup_stm32f103xe.o(.text)
    DMA1_Channel4_IRQHandler                 0x080001ff   Thumb Code     0  startup_stm32f103xe.o(.text)
    DMA1_Channel5_IRQHandler                 0x080001ff   Thumb Code     0  startup_stm32f103xe.o(.text)
    DMA1_Channel6_IRQHandler                 0x080001ff   Thumb Code     0  startup_stm32f103xe.o(.text)
    DMA1_Channel7_IRQHandler                 0x080001ff   Thumb Code     0  startup_stm32f103xe.o(.text)
    DMA2_Channel1_IRQHandler                 0x080001ff   Thumb Code     0  startup_stm32f103xe.o(.text)
    DMA2_Channel2_IRQHandler                 0x080001ff   Thumb Code     0  startup_stm32f103xe.o(.text)
    DMA2_Channel3_IRQHandler                 0x080001ff   Thumb Code     0  startup_stm32f103xe.o(.text)
    DMA2_Channel4_5_IRQHandler               0x080001ff   Thumb Code     0  startup_stm32f103xe.o(.text)
    EXTI0_IRQHandler                         0x080001ff   Thumb Code     0  startup_stm32f103xe.o(.text)
    EXTI15_10_IRQHandler                     0x080001ff   Thumb Code     0  startup_stm32f103xe.o(.text)
    EXTI1_IRQHandler                         0x080001ff   Thumb Code     0  startup_stm32f103xe.o(.text)
    EXTI2_IRQHandler                         0x080001ff   Thumb Code     0  startup_stm32f103xe.o(.text)
    EXTI3_IRQHandler                         0x080001ff   Thumb Code     0  startup_stm32f103xe.o(.text)
    EXTI4_IRQHandler                         0x080001ff   Thumb Code     0  startup_stm32f103xe.o(.text)
    EXTI9_5_IRQHandler                       0x080001ff   Thumb Code     0  startup_stm32f103xe.o(.text)
    FLASH_IRQHandler                         0x080001ff   Thumb Code     0  startup_stm32f103xe.o(.text)
    FSMC_IRQHandler                          0x080001ff   Thumb Code     0  startup_stm32f103xe.o(.text)
    I2C1_ER_IRQHandler                       0x080001ff   Thumb Code     0  startup_stm32f103xe.o(.text)
    I2C1_EV_IRQHandler                       0x080001ff   Thumb Code     0  startup_stm32f103xe.o(.text)
    I2C2_ER_IRQHandler                       0x080001ff   Thumb Code     0  startup_stm32f103xe.o(.text)
    I2C2_EV_IRQHandler                       0x080001ff   Thumb Code     0  startup_stm32f103xe.o(.text)
    PVD_IRQHandler                           0x080001ff   Thumb Code     0  startup_stm32f103xe.o(.text)
    RCC_IRQHandler                           0x080001ff   Thumb Code     0  startup_stm32f103xe.o(.text)
    RTC_Alarm_IRQHandler                     0x080001ff   Thumb Code     0  startup_stm32f103xe.o(.text)
    RTC_IRQHandler                           0x080001ff   Thumb Code     0  startup_stm32f103xe.o(.text)
    SDIO_IRQHandler                          0x080001ff   Thumb Code     0  startup_stm32f103xe.o(.text)
    SPI1_IRQHandler                          0x080001ff   Thumb Code     0  startup_stm32f103xe.o(.text)
    SPI2_IRQHandler                          0x080001ff   Thumb Code     0  startup_stm32f103xe.o(.text)
    SPI3_IRQHandler                          0x080001ff   Thumb Code     0  startup_stm32f103xe.o(.text)
    TAMPER_IRQHandler                        0x080001ff   Thumb Code     0  startup_stm32f103xe.o(.text)
    TIM1_BRK_IRQHandler                      0x080001ff   Thumb Code     0  startup_stm32f103xe.o(.text)
    TIM1_CC_IRQHandler                       0x080001ff   Thumb Code     0  startup_stm32f103xe.o(.text)
    TIM1_TRG_COM_IRQHandler                  0x080001ff   Thumb Code     0  startup_stm32f103xe.o(.text)
    TIM1_UP_IRQHandler                       0x080001ff   Thumb Code     0  startup_stm32f103xe.o(.text)
    TIM2_IRQHandler                          0x080001ff   Thumb Code     0  startup_stm32f103xe.o(.text)
    TIM3_IRQHandler                          0x080001ff   Thumb Code     0  startup_stm32f103xe.o(.text)
    TIM4_IRQHandler                          0x080001ff   Thumb Code     0  startup_stm32f103xe.o(.text)
    TIM5_IRQHandler                          0x080001ff   Thumb Code     0  startup_stm32f103xe.o(.text)
    TIM8_BRK_IRQHandler                      0x080001ff   Thumb Code     0  startup_stm32f103xe.o(.text)
    TIM8_CC_IRQHandler                       0x080001ff   Thumb Code     0  startup_stm32f103xe.o(.text)
    TIM8_TRG_COM_IRQHandler                  0x080001ff   Thumb Code     0  startup_stm32f103xe.o(.text)
    TIM8_UP_IRQHandler                       0x080001ff   Thumb Code     0  startup_stm32f103xe.o(.text)
    UART4_IRQHandler                         0x080001ff   Thumb Code     0  startup_stm32f103xe.o(.text)
    UART5_IRQHandler                         0x080001ff   Thumb Code     0  startup_stm32f103xe.o(.text)
    USART1_IRQHandler                        0x080001ff   Thumb Code     0  startup_stm32f103xe.o(.text)
    USART2_IRQHandler                        0x080001ff   Thumb Code     0  startup_stm32f103xe.o(.text)
    USART3_IRQHandler                        0x080001ff   Thumb Code     0  startup_stm32f103xe.o(.text)
    USBWakeUp_IRQHandler                     0x080001ff   Thumb Code     0  startup_stm32f103xe.o(.text)
    USB_HP_CAN1_TX_IRQHandler                0x080001ff   Thumb Code     0  startup_stm32f103xe.o(.text)
    USB_LP_CAN1_RX0_IRQHandler               0x080001ff   Thumb Code     0  startup_stm32f103xe.o(.text)
    WWDG_IRQHandler                          0x080001ff   Thumb Code     0  startup_stm32f103xe.o(.text)
    __user_initial_stackheap                 0x08000201   Thumb Code     0  startup_stm32f103xe.o(.text)
    __2snprintf                              0x08000225   Thumb Code    48  noretval__2snprintf.o(.text)
    __printf                                 0x08000259   Thumb Code   270  __printf_wp.o(.text)
    __aeabi_memclr4                          0x08000367   Thumb Code     0  rt_memclr_w.o(.text)
    __aeabi_memclr8                          0x08000367   Thumb Code     0  rt_memclr_w.o(.text)
    __rt_memclr_w                            0x08000367   Thumb Code    78  rt_memclr_w.o(.text)
    _memset_w                                0x0800036b   Thumb Code     0  rt_memclr_w.o(.text)
    __use_two_region_memory                  0x080003b5   Thumb Code     2  heapauxi.o(.text)
    __rt_heap_escrow$2region                 0x080003b7   Thumb Code     2  heapauxi.o(.text)
    __rt_heap_expand$2region                 0x080003b9   Thumb Code     2  heapauxi.o(.text)
    __lib_sel_fp_printf                      0x080003bb   Thumb Code     2  _printf_fp_dec.o(.text)
    _printf_fp_dec_real                      0x08000569   Thumb Code   620  _printf_fp_dec.o(.text)
    _printf_char_common                      0x080007df   Thumb Code    32  _printf_char_common.o(.text)
    _sputc                                   0x08000805   Thumb Code    10  _sputc.o(.text)
    _snputc                                  0x0800080f   Thumb Code    16  _snputc.o(.text)
    __rt_locale                              0x08000821   Thumb Code     8  rt_locale_intlibspace.o(.text)
    _ll_udiv10                               0x08000829   Thumb Code   138  lludiv10.o(.text)
    _printf_fp_infnan                        0x080008b5   Thumb Code   112  _printf_fp_infnan.o(.text)
    _btod_etento                             0x08000935   Thumb Code   216  bigflt0.o(.text)
    __user_libspace                          0x08000a11   Thumb Code     8  libspace.o(.text)
    __user_perproc_libspace                  0x08000a11   Thumb Code     0  libspace.o(.text)
    __user_perthread_libspace                0x08000a11   Thumb Code     0  libspace.o(.text)
    __user_setup_stackheap                   0x08000a19   Thumb Code    74  sys_stackheap_outer.o(.text)
    exit                                     0x08000a63   Thumb Code    12  exit.o(.text)
    strcmp                                   0x08000a71   Thumb Code   128  strcmpv7m.o(.text)
    _sys_exit                                0x08000af1   Thumb Code     8  sys_exit.o(.text)
    __I$use$semihosting                      0x08000afd   Thumb Code     0  use_no_semi.o(.text)
    __use_no_semihosting_swi                 0x08000afd   Thumb Code     2  use_no_semi.o(.text)
    __semihosting_library_function           0x08000aff   Thumb Code     0  indicate_semi.o(.text)
    _btod_d2e                                0x08000aff   Thumb Code    62  btod.o(CL$$btod_d2e)
    _d2e_denorm_low                          0x08000b3d   Thumb Code    70  btod.o(CL$$btod_d2e_denorm_low)
    _d2e_norm_op1                            0x08000b83   Thumb Code    96  btod.o(CL$$btod_d2e_norm_op1)
    __btod_div_common                        0x08000be3   Thumb Code   696  btod.o(CL$$btod_div_common)
    _e2e                                     0x08000f1b   Thumb Code   198  btod.o(CL$$btod_e2e)
    _btod_ediv                               0x08000fe1   Thumb Code    40  btod.o(CL$$btod_ediv)
    _btod_emul                               0x08001009   Thumb Code    40  btod.o(CL$$btod_emul)
    __btod_mult_common                       0x08001031   Thumb Code   580  btod.o(CL$$btod_mult_common)
    ADC_ConversionStop_Disable               0x08001275   Thumb Code    76  stm32f1xx_hal_adc.o(i.ADC_ConversionStop_Disable)
    ADC_Enable                               0x080012c1   Thumb Code   104  stm32f1xx_hal_adc.o(i.ADC_Enable)
    BusFault_Handler                         0x08001331   Thumb Code     2  stm32f1xx_it.o(i.BusFault_Handler)
    DebugMon_Handler                         0x08001333   Thumb Code     2  stm32f1xx_it.o(i.DebugMon_Handler)
    FSMC_NORSRAM_Extended_Timing_Init        0x08001335   Thumb Code    56  stm32f1xx_ll_fsmc.o(i.FSMC_NORSRAM_Extended_Timing_Init)
    FSMC_NORSRAM_Init                        0x08001371   Thumb Code    98  stm32f1xx_ll_fsmc.o(i.FSMC_NORSRAM_Init)
    FSMC_NORSRAM_Timing_Init                 0x080013d9   Thumb Code    64  stm32f1xx_ll_fsmc.o(i.FSMC_NORSRAM_Timing_Init)
    HAL_ADC_ConfigChannel                    0x0800141d   Thumb Code   240  stm32f1xx_hal_adc.o(i.HAL_ADC_ConfigChannel)
    HAL_ADC_GetValue                         0x08001519   Thumb Code     6  stm32f1xx_hal_adc.o(i.HAL_ADC_GetValue)
    HAL_ADC_Init                             0x08001521   Thumb Code   276  stm32f1xx_hal_adc.o(i.HAL_ADC_Init)
    HAL_ADC_MspInit                          0x08001645   Thumb Code    76  stm32f1xx_hal_msp.o(i.HAL_ADC_MspInit)
    HAL_ADC_PollForConversion                0x0800169d   Thumb Code   290  stm32f1xx_hal_adc.o(i.HAL_ADC_PollForConversion)
    HAL_ADC_Start                            0x080017cd   Thumb Code   184  stm32f1xx_hal_adc.o(i.HAL_ADC_Start)
    HAL_Delay                                0x0800188d   Thumb Code    32  stm32f1xx_hal.o(i.HAL_Delay)
    HAL_GPIO_Init                            0x08001941   Thumb Code   462  stm32f1xx_hal_gpio.o(i.HAL_GPIO_Init)
    HAL_GPIO_ReadPin                         0x08001b39   Thumb Code    10  stm32f1xx_hal_gpio.o(i.HAL_GPIO_ReadPin)
    HAL_GPIO_WritePin                        0x08001b43   Thumb Code    10  stm32f1xx_hal_gpio.o(i.HAL_GPIO_WritePin)
    HAL_GetTick                              0x08001b4d   Thumb Code     6  stm32f1xx_hal.o(i.HAL_GetTick)
    HAL_IncTick                              0x08001b59   Thumb Code    12  stm32f1xx_hal.o(i.HAL_IncTick)
    HAL_Init                                 0x08001b69   Thumb Code    32  stm32f1xx_hal.o(i.HAL_Init)
    HAL_InitTick                             0x08001b8d   Thumb Code    54  stm32f1xx_hal.o(i.HAL_InitTick)
    HAL_MspInit                              0x08001bcd   Thumb Code    52  stm32f1xx_hal_msp.o(i.HAL_MspInit)
    HAL_NVIC_EnableIRQ                       0x08001c09   Thumb Code    26  stm32f1xx_hal_cortex.o(i.HAL_NVIC_EnableIRQ)
    HAL_NVIC_SetPriority                     0x08001c25   Thumb Code    60  stm32f1xx_hal_cortex.o(i.HAL_NVIC_SetPriority)
    HAL_NVIC_SetPriorityGrouping             0x08001c65   Thumb Code    26  stm32f1xx_hal_cortex.o(i.HAL_NVIC_SetPriorityGrouping)
    HAL_RCCEx_GetPeriphCLKFreq               0x08001c89   Thumb Code   180  stm32f1xx_hal_rcc_ex.o(i.HAL_RCCEx_GetPeriphCLKFreq)
    HAL_RCCEx_PeriphCLKConfig                0x08001d5d   Thumb Code   224  stm32f1xx_hal_rcc_ex.o(i.HAL_RCCEx_PeriphCLKConfig)
    HAL_RCC_ClockConfig                      0x08001e49   Thumb Code   280  stm32f1xx_hal_rcc.o(i.HAL_RCC_ClockConfig)
    HAL_RCC_GetPCLK2Freq                     0x08001f75   Thumb Code    20  stm32f1xx_hal_rcc.o(i.HAL_RCC_GetPCLK2Freq)
    HAL_RCC_GetSysClockFreq                  0x08001f95   Thumb Code    74  stm32f1xx_hal_rcc.o(i.HAL_RCC_GetSysClockFreq)
    HAL_RCC_OscConfig                        0x08002001   Thumb Code   778  stm32f1xx_hal_rcc.o(i.HAL_RCC_OscConfig)
    HAL_SRAM_Init                            0x08002321   Thumb Code   100  stm32f1xx_hal_sram.o(i.HAL_SRAM_Init)
    HAL_SRAM_MspInit                         0x08002385   Thumb Code     4  stm32f1xx_hal_msp.o(i.HAL_SRAM_MspInit)
    HAL_SYSTICK_Config                       0x08002389   Thumb Code    40  stm32f1xx_hal_cortex.o(i.HAL_SYSTICK_Config)
    HAL_TIMEx_BreakCallback                  0x080023b1   Thumb Code     2  stm32f1xx_hal_tim_ex.o(i.HAL_TIMEx_BreakCallback)
    HAL_TIMEx_CommutCallback                 0x080023b3   Thumb Code     2  stm32f1xx_hal_tim_ex.o(i.HAL_TIMEx_CommutCallback)
    HAL_TIMEx_MasterConfigSynchronization    0x080023b5   Thumb Code   104  stm32f1xx_hal_tim_ex.o(i.HAL_TIMEx_MasterConfigSynchronization)
    HAL_TIM_Base_Init                        0x08002431   Thumb Code    90  stm32f1xx_hal_tim.o(i.HAL_TIM_Base_Init)
    HAL_TIM_Base_MspInit                     0x0800248d   Thumb Code    86  stm32f1xx_hal_msp.o(i.HAL_TIM_Base_MspInit)
    HAL_TIM_Base_Start                       0x080024f1   Thumb Code    78  stm32f1xx_hal_tim.o(i.HAL_TIM_Base_Start)
    HAL_TIM_Base_Start_IT                    0x08002555   Thumb Code    88  stm32f1xx_hal_tim.o(i.HAL_TIM_Base_Start_IT)
    HAL_TIM_IC_CaptureCallback               0x080025c1   Thumb Code     2  stm32f1xx_hal_tim.o(i.HAL_TIM_IC_CaptureCallback)
    HAL_TIM_IRQHandler                       0x080025c3   Thumb Code   358  stm32f1xx_hal_tim.o(i.HAL_TIM_IRQHandler)
    HAL_TIM_OC_DelayElapsedCallback          0x08002729   Thumb Code     2  stm32f1xx_hal_tim.o(i.HAL_TIM_OC_DelayElapsedCallback)
    HAL_TIM_PWM_PulseFinishedCallback        0x0800272b   Thumb Code     2  stm32f1xx_hal_tim.o(i.HAL_TIM_PWM_PulseFinishedCallback)
    HAL_TIM_PeriodElapsedCallback            0x0800272d   Thumb Code     2  stm32f1xx_hal_tim.o(i.HAL_TIM_PeriodElapsedCallback)
    HAL_TIM_TriggerCallback                  0x0800272f   Thumb Code     2  stm32f1xx_hal_tim.o(i.HAL_TIM_TriggerCallback)
    HardFault_Handler                        0x08002731   Thumb Code     2  stm32f1xx_it.o(i.HardFault_Handler)
    LCD_Clear                                0x08002733   Thumb Code    36  lcd.o(i.LCD_Clear)
    LCD_DisplayChar                          0x08002759   Thumb Code    18  lcd.o(i.LCD_DisplayChar)
    LCD_DisplayStringLine                    0x08002771   Thumb Code    42  lcd.o(i.LCD_DisplayStringLine)
    LCD_DrawChar                             0x0800279d   Thumb Code    94  lcd.o(i.LCD_DrawChar)
    LCD_SetBackColor                         0x08002801   Thumb Code    12  lcd.o(i.LCD_SetBackColor)
    LCD_SetCursor                            0x08002811   Thumb Code    24  lcd.o(i.LCD_SetCursor)
    LCD_SetTextColor                         0x08002829   Thumb Code    12  lcd.o(i.LCD_SetTextColor)
    LCD_WriteReg                             0x08002839   Thumb Code    10  lcd.o(i.LCD_WriteReg)
    MemManage_Handler                        0x08002a09   Thumb Code     2  stm32f1xx_it.o(i.MemManage_Handler)
    NMI_Handler                              0x08002a0b   Thumb Code     2  stm32f1xx_it.o(i.NMI_Handler)
    PendSV_Handler                           0x08002a0d   Thumb Code     2  stm32f1xx_it.o(i.PendSV_Handler)
    STM3210E_LCD_Init                        0x08002a0f   Thumb Code   528  lcd.o(i.STM3210E_LCD_Init)
    SVC_Handler                              0x08002c1f   Thumb Code     2  stm32f1xx_it.o(i.SVC_Handler)
    SysTick_Handler                          0x08002c21   Thumb Code     4  stm32f1xx_it.o(i.SysTick_Handler)
    SystemClock_Config                       0x08002c25   Thumb Code   114  main.o(i.SystemClock_Config)
    SystemInit                               0x08002c97   Thumb Code     2  system_stm32f1xx.o(i.SystemInit)
    TIM6_IRQHandler                          0x08002c99   Thumb Code    74  stm32f1xx_it.o(i.TIM6_IRQHandler)
    TIM7_IRQHandler                          0x08002d01   Thumb Code  1950  stm32f1xx_it.o(i.TIM7_IRQHandler)
    TIM_Base_SetConfig                       0x080034d9   Thumb Code   120  stm32f1xx_hal_tim.o(i.TIM_Base_SetConfig)
    UsageFault_Handler                       0x08003565   Thumb Code     2  stm32f1xx_it.o(i.UsageFault_Handler)
    __ARM_fpclassify                         0x08003567   Thumb Code    40  fpclassify.o(i.__ARM_fpclassify)
    _is_digit                                0x080035af   Thumb Code    14  __printf_wp.o(i._is_digit)
    main                                     0x080035bd   Thumb Code   870  main.o(i.main)
    _get_lc_numeric                          0x080039d1   Thumb Code    44  lc_numeric_c.o(locale$$code)
    __aeabi_d2f                              0x080039fd   Thumb Code     0  d2f.o(x$fpl$d2f)
    _d2f                                     0x080039fd   Thumb Code    98  d2f.o(x$fpl$d2f)
    __aeabi_dadd                             0x08003a61   Thumb Code     0  daddsub_clz.o(x$fpl$dadd)
    _dadd                                    0x08003a61   Thumb Code   332  daddsub_clz.o(x$fpl$dadd)
    __aeabi_ddiv                             0x08003bb1   Thumb Code     0  ddiv.o(x$fpl$ddiv)
    _ddiv                                    0x08003bb1   Thumb Code   552  ddiv.o(x$fpl$ddiv)
    __aeabi_ui2d                             0x08003e61   Thumb Code     0  dflt_clz.o(x$fpl$dfltu)
    _dfltu                                   0x08003e61   Thumb Code    38  dflt_clz.o(x$fpl$dfltu)
    __aeabi_dmul                             0x08003e89   Thumb Code     0  dmul.o(x$fpl$dmul)
    _dmul                                    0x08003e89   Thumb Code   332  dmul.o(x$fpl$dmul)
    __fpl_dnaninf                            0x08003fdd   Thumb Code   156  dnaninf.o(x$fpl$dnaninf)
    __fpl_dretinf                            0x08004079   Thumb Code    12  dretinf.o(x$fpl$dretinf)
    __aeabi_dsub                             0x08004085   Thumb Code     0  daddsub_clz.o(x$fpl$dsub)
    _dsub                                    0x08004085   Thumb Code   464  daddsub_clz.o(x$fpl$dsub)
    __aeabi_f2d                              0x08004259   Thumb Code     0  f2d.o(x$fpl$f2d)
    _f2d                                     0x08004259   Thumb Code    86  f2d.o(x$fpl$f2d)
    __aeabi_fadd                             0x080042b1   Thumb Code     0  faddsub_clz.o(x$fpl$fadd)
    _fadd                                    0x080042b1   Thumb Code   196  faddsub_clz.o(x$fpl$fadd)
    __fpl_fcmp_Inf                           0x08004375   Thumb Code    24  fcmpi.o(x$fpl$fcmpinf)
    __aeabi_fdiv                             0x0800438d   Thumb Code     0  fdiv.o(x$fpl$fdiv)
    _fdiv                                    0x0800438d   Thumb Code   384  fdiv.o(x$fpl$fdiv)
    __aeabi_ui2f                             0x08004511   Thumb Code     0  fflt_clz.o(x$fpl$ffltu)
    _ffltu                                   0x08004511   Thumb Code    38  fflt_clz.o(x$fpl$ffltu)
    __aeabi_cfcmple                          0x08004539   Thumb Code     0  fleqf.o(x$fpl$fleqf)
    _fcmple                                  0x08004539   Thumb Code   104  fleqf.o(x$fpl$fleqf)
    __fpl_fcmple_InfNaN                      0x0800458b   Thumb Code     0  fleqf.o(x$fpl$fleqf)
    __aeabi_fmul                             0x080045a1   Thumb Code     0  fmul.o(x$fpl$fmul)
    _fmul                                    0x080045a1   Thumb Code   258  fmul.o(x$fpl$fmul)
    __fpl_fnaninf                            0x080046a3   Thumb Code   140  fnaninf.o(x$fpl$fnaninf)
    __fpl_fretinf                            0x0800472f   Thumb Code    10  fretinf.o(x$fpl$fretinf)
    __aeabi_cfrcmple                         0x08004739   Thumb Code     0  frleqf.o(x$fpl$frleqf)
    _frcmple                                 0x08004739   Thumb Code    98  frleqf.o(x$fpl$frleqf)
    __aeabi_fsub                             0x0800479d   Thumb Code     0  faddsub_clz.o(x$fpl$fsub)
    _fsub                                    0x0800479d   Thumb Code   234  faddsub_clz.o(x$fpl$fsub)
    _printf_fp_dec                           0x08004887   Thumb Code     4  printf1.o(x$fpl$printf1)
    ASCII_Table                              0x0800488a   Data        4560  lcd.o(.constdata)
    __I$use$fp                               0x0800488a   Number         0  usenofp.o(x$fpl$usenofp)
    AHBPrescTable                            0x08005a5a   Data          16  system_stm32f1xx.o(.constdata)
    APBPrescTable                            0x08005a6a   Data           8  system_stm32f1xx.o(.constdata)
    Region$$Table$$Base                      0x08005b08   Number         0  anon$$obj.o(Region$$Table)
    Region$$Table$$Limit                     0x08005b28   Number         0  anon$$obj.o(Region$$Table)
    JOY_UP                                   0x20000004   Data           1  main.o(.data)
    JOY_DOWN                                 0x20000005   Data           1  main.o(.data)
    JOY_SEL                                  0x20000006   Data           1  main.o(.data)
    znak                                     0x20000008   Data           1  main.o(.data)
    symbol                                   0x20000009   Data           1  main.o(.data)
    n                                        0x2000000a   Data           1  main.o(.data)
    temperatura_C                            0x2000000c   Data           4  main.o(.data)
    klawisz_0                                0x20000010   Data           1  main.o(.data)
    klawisz_1                                0x20000011   Data           1  main.o(.data)
    klawisz_2                                0x20000012   Data           1  main.o(.data)
    klawisz_3                                0x20000013   Data           1  main.o(.data)
    klawisz_4                                0x20000014   Data           1  main.o(.data)
    klawisz_5                                0x20000015   Data           1  main.o(.data)
    klawisz_6                                0x20000016   Data           1  main.o(.data)
    klawisz_7                                0x20000017   Data           1  main.o(.data)
    klawisz_8                                0x20000018   Data           1  main.o(.data)
    klawisz_9                                0x20000019   Data           1  main.o(.data)
    klawisz_A                                0x2000001a   Data           1  main.o(.data)
    klawisz_B                                0x2000001b   Data           1  main.o(.data)
    klawisz_C                                0x2000001c   Data           1  main.o(.data)
    klawisz_D                                0x2000001d   Data           1  main.o(.data)
    klawisz_K                                0x2000001e   Data           1  main.o(.data)
    klawisz_G                                0x2000001f   Data           1  main.o(.data)
    uwTickFreq                               0x20000028   Data           1  stm32f1xx_hal.o(.data)
    uwTickPrio                               0x2000002c   Data           4  stm32f1xx_hal.o(.data)
    uwTick                                   0x20000030   Data           4  stm32f1xx_hal.o(.data)
    SystemCoreClock                          0x20000034   Data           4  system_stm32f1xx.o(.data)
    hadc1                                    0x20000038   Data          48  main.o(.bss)
    htim6                                    0x20000068   Data          72  main.o(.bss)
    htim7                                    0x200000b0   Data          72  main.o(.bss)
    hsram3                                   0x200000f8   Data          72  main.o(.bss)
    __libspace_start                         0x20000140   Data          96  libspace.o(.bss)
    __temporary_stack_top$libspace           0x200001a0   Data           0  libspace.o(.bss)



==============================================================================

Memory Map of the image

  Image Entry point : 0x08000131

  Load Region LR_IROM1 (Base: 0x08000000, Size: 0x00005b7c, Max: 0x00080000, ABSOLUTE)

    Execution Region ER_IROM1 (Base: 0x08000000, Size: 0x00005b44, Max: 0x00080000, ABSOLUTE)

    Base Addr    Size         Type   Attr      Idx    E Section Name        Object

    0x08000000   0x00000130   Data   RO            3    RESET               startup_stm32f103xe.o
    0x08000130   0x00000008   Code   RO         3103  * !!!main             c_w.l(__main.o)
    0x08000138   0x00000034   Code   RO         3370    !!!scatter          c_w.l(__scatter.o)
    0x0800016c   0x0000001a   Code   RO         3372    !!handler_copy      c_w.l(__scatter_copy.o)
    0x08000186   0x00000002   PAD
    0x08000188   0x0000001c   Code   RO         3374    !!handler_zi        c_w.l(__scatter_zi.o)
    0x080001a4   0x00000000   Code   RO         3098    .ARM.Collect$$_printf_percent$$00000000  c_w.l(_printf_percent.o)
    0x080001a4   0x00000006   Code   RO         3097    .ARM.Collect$$_printf_percent$$00000003  c_w.l(_printf_f.o)
    0x080001aa   0x00000004   Code   RO         3160    .ARM.Collect$$_printf_percent$$00000017  c_w.l(_printf_percent_end.o)
    0x080001ae   0x00000002   Code   RO         3244    .ARM.Collect$$libinit$$00000000  c_w.l(libinit.o)
    0x080001b0   0x00000000   Code   RO         3246    .ARM.Collect$$libinit$$00000002  c_w.l(libinit2.o)
    0x080001b0   0x00000000   Code   RO         3248    .ARM.Collect$$libinit$$00000004  c_w.l(libinit2.o)
    0x080001b0   0x00000000   Code   RO         3251    .ARM.Collect$$libinit$$0000000A  c_w.l(libinit2.o)
    0x080001b0   0x00000000   Code   RO         3253    .ARM.Collect$$libinit$$0000000C  c_w.l(libinit2.o)
    0x080001b0   0x00000000   Code   RO         3255    .ARM.Collect$$libinit$$0000000E  c_w.l(libinit2.o)
    0x080001b0   0x00000006   Code   RO         3256    .ARM.Collect$$libinit$$0000000F  c_w.l(libinit2.o)
    0x080001b6   0x00000000   Code   RO         3258    .ARM.Collect$$libinit$$00000011  c_w.l(libinit2.o)
    0x080001b6   0x00000000   Code   RO         3260    .ARM.Collect$$libinit$$00000013  c_w.l(libinit2.o)
    0x080001b6   0x00000000   Code   RO         3262    .ARM.Collect$$libinit$$00000015  c_w.l(libinit2.o)
    0x080001b6   0x0000000a   Code   RO         3263    .ARM.Collect$$libinit$$00000016  c_w.l(libinit2.o)
    0x080001c0   0x00000000   Code   RO         3264    .ARM.Collect$$libinit$$00000017  c_w.l(libinit2.o)
    0x080001c0   0x00000000   Code   RO         3266    .ARM.Collect$$libinit$$00000019  c_w.l(libinit2.o)
    0x080001c0   0x00000000   Code   RO         3268    .ARM.Collect$$libinit$$0000001B  c_w.l(libinit2.o)
    0x080001c0   0x00000000   Code   RO         3270    .ARM.Collect$$libinit$$0000001D  c_w.l(libinit2.o)
    0x080001c0   0x00000000   Code   RO         3272    .ARM.Collect$$libinit$$0000001F  c_w.l(libinit2.o)
    0x080001c0   0x00000000   Code   RO         3274    .ARM.Collect$$libinit$$00000021  c_w.l(libinit2.o)
    0x080001c0   0x00000000   Code   RO         3276    .ARM.Collect$$libinit$$00000023  c_w.l(libinit2.o)
    0x080001c0   0x00000000   Code   RO         3278    .ARM.Collect$$libinit$$00000025  c_w.l(libinit2.o)
    0x080001c0   0x00000000   Code   RO         3282    .ARM.Collect$$libinit$$0000002C  c_w.l(libinit2.o)
    0x080001c0   0x00000000   Code   RO         3284    .ARM.Collect$$libinit$$0000002E  c_w.l(libinit2.o)
    0x080001c0   0x00000000   Code   RO         3286    .ARM.Collect$$libinit$$00000030  c_w.l(libinit2.o)
    0x080001c0   0x00000000   Code   RO         3288    .ARM.Collect$$libinit$$00000032  c_w.l(libinit2.o)
    0x080001c0   0x00000002   Code   RO         3289    .ARM.Collect$$libinit$$00000033  c_w.l(libinit2.o)
    0x080001c2   0x00000002   Code   RO         3319    .ARM.Collect$$libshutdown$$00000000  c_w.l(libshutdown.o)
    0x080001c4   0x00000000   Code   RO         3331    .ARM.Collect$$libshutdown$$00000003  c_w.l(libshutdown2.o)
    0x080001c4   0x00000000   Code   RO         3334    .ARM.Collect$$libshutdown$$00000006  c_w.l(libshutdown2.o)
    0x080001c4   0x00000000   Code   RO         3337    .ARM.Collect$$libshutdown$$00000009  c_w.l(libshutdown2.o)
    0x080001c4   0x00000000   Code   RO         3339    .ARM.Collect$$libshutdown$$0000000B  c_w.l(libshutdown2.o)
    0x080001c4   0x00000000   Code   RO         3342    .ARM.Collect$$libshutdown$$0000000E  c_w.l(libshutdown2.o)
    0x080001c4   0x00000002   Code   RO         3343    .ARM.Collect$$libshutdown$$0000000F  c_w.l(libshutdown2.o)
    0x080001c6   0x00000000   Code   RO         3151    .ARM.Collect$$rtentry$$00000000  c_w.l(__rtentry.o)
    0x080001c6   0x00000000   Code   RO         3173    .ARM.Collect$$rtentry$$00000002  c_w.l(__rtentry2.o)
    0x080001c6   0x00000006   Code   RO         3185    .ARM.Collect$$rtentry$$00000004  c_w.l(__rtentry4.o)
    0x080001cc   0x00000000   Code   RO         3175    .ARM.Collect$$rtentry$$00000009  c_w.l(__rtentry2.o)
    0x080001cc   0x00000004   Code   RO         3176    .ARM.Collect$$rtentry$$0000000A  c_w.l(__rtentry2.o)
    0x080001d0   0x00000000   Code   RO         3178    .ARM.Collect$$rtentry$$0000000C  c_w.l(__rtentry2.o)
    0x080001d0   0x00000008   Code   RO         3179    .ARM.Collect$$rtentry$$0000000D  c_w.l(__rtentry2.o)
    0x080001d8   0x00000002   Code   RO         3290    .ARM.Collect$$rtexit$$00000000  c_w.l(rtexit.o)
    0x080001da   0x00000000   Code   RO         3297    .ARM.Collect$$rtexit$$00000002  c_w.l(rtexit2.o)
    0x080001da   0x00000004   Code   RO         3298    .ARM.Collect$$rtexit$$00000003  c_w.l(rtexit2.o)
    0x080001de   0x00000006   Code   RO         3299    .ARM.Collect$$rtexit$$00000004  c_w.l(rtexit2.o)
    0x080001e4   0x00000040   Code   RO            4    .text               startup_stm32f103xe.o
    0x08000224   0x00000034   Code   RO         3073    .text               c_w.l(noretval__2snprintf.o)
    0x08000258   0x0000010e   Code   RO         3085    .text               c_w.l(__printf_wp.o)
    0x08000366   0x0000004e   Code   RO         3099    .text               c_w.l(rt_memclr_w.o)
    0x080003b4   0x00000006   Code   RO         3101    .text               c_w.l(heapauxi.o)
    0x080003ba   0x0000041a   Code   RO         3152    .text               c_w.l(_printf_fp_dec.o)
    0x080007d4   0x00000030   Code   RO         3154    .text               c_w.l(_printf_char_common.o)
    0x08000804   0x0000000a   Code   RO         3156    .text               c_w.l(_sputc.o)
    0x0800080e   0x00000010   Code   RO         3158    .text               c_w.l(_snputc.o)
    0x0800081e   0x00000002   PAD
    0x08000820   0x00000008   Code   RO         3190    .text               c_w.l(rt_locale_intlibspace.o)
    0x08000828   0x0000008a   Code   RO         3192    .text               c_w.l(lludiv10.o)
    0x080008b2   0x00000002   PAD
    0x080008b4   0x00000080   Code   RO         3194    .text               c_w.l(_printf_fp_infnan.o)
    0x08000934   0x000000dc   Code   RO         3198    .text               c_w.l(bigflt0.o)
    0x08000a10   0x00000008   Code   RO         3230    .text               c_w.l(libspace.o)
    0x08000a18   0x0000004a   Code   RO         3233    .text               c_w.l(sys_stackheap_outer.o)
    0x08000a62   0x0000000c   Code   RO         3235    .text               c_w.l(exit.o)
    0x08000a6e   0x00000002   PAD
    0x08000a70   0x00000080   Code   RO         3237    .text               c_w.l(strcmpv7m.o)
    0x08000af0   0x0000000c   Code   RO         3309    .text               c_w.l(sys_exit.o)
    0x08000afc   0x00000002   Code   RO         3320    .text               c_w.l(use_no_semi.o)
    0x08000afe   0x00000000   Code   RO         3322    .text               c_w.l(indicate_semi.o)
    0x08000afe   0x0000003e   Code   RO         3201    CL$$btod_d2e        c_w.l(btod.o)
    0x08000b3c   0x00000046   Code   RO         3203    CL$$btod_d2e_denorm_low  c_w.l(btod.o)
    0x08000b82   0x00000060   Code   RO         3202    CL$$btod_d2e_norm_op1  c_w.l(btod.o)
    0x08000be2   0x00000338   Code   RO         3211    CL$$btod_div_common  c_w.l(btod.o)
    0x08000f1a   0x000000c6   Code   RO         3208    CL$$btod_e2e        c_w.l(btod.o)
    0x08000fe0   0x00000028   Code   RO         3205    CL$$btod_ediv       c_w.l(btod.o)
    0x08001008   0x00000028   Code   RO         3204    CL$$btod_emul       c_w.l(btod.o)
    0x08001030   0x00000244   Code   RO         3210    CL$$btod_mult_common  c_w.l(btod.o)
    0x08001274   0x0000004c   Code   RO          547    i.ADC_ConversionStop_Disable  stm32f1xx_hal_adc.o
    0x080012c0   0x00000070   Code   RO          551    i.ADC_Enable        stm32f1xx_hal_adc.o
    0x08001330   0x00000002   Code   RO          356    i.BusFault_Handler  stm32f1xx_it.o
    0x08001332   0x00000002   Code   RO          357    i.DebugMon_Handler  stm32f1xx_it.o
    0x08001334   0x0000003c   Code   RO         1806    i.FSMC_NORSRAM_Extended_Timing_Init  stm32f1xx_ll_fsmc.o
    0x08001370   0x00000068   Code   RO         1807    i.FSMC_NORSRAM_Init  stm32f1xx_ll_fsmc.o
    0x080013d8   0x00000044   Code   RO         1808    i.FSMC_NORSRAM_Timing_Init  stm32f1xx_ll_fsmc.o
    0x0800141c   0x000000fc   Code   RO          553    i.HAL_ADC_ConfigChannel  stm32f1xx_hal_adc.o
    0x08001518   0x00000006   Code   RO          560    i.HAL_ADC_GetValue  stm32f1xx_hal_adc.o
    0x0800151e   0x00000002   PAD
    0x08001520   0x00000124   Code   RO          562    i.HAL_ADC_Init      stm32f1xx_hal_adc.o
    0x08001644   0x00000058   Code   RO          445    i.HAL_ADC_MspInit   stm32f1xx_hal_msp.o
    0x0800169c   0x00000130   Code   RO          566    i.HAL_ADC_PollForConversion  stm32f1xx_hal_adc.o
    0x080017cc   0x000000c0   Code   RO          568    i.HAL_ADC_Start     stm32f1xx_hal_adc.o
    0x0800188c   0x00000024   Code   RO          830    i.HAL_Delay         stm32f1xx_hal.o
    0x080018b0   0x00000090   Code   RO          446    i.HAL_FSMC_MspInit  stm32f1xx_hal_msp.o
    0x08001940   0x000001f8   Code   RO         1138    i.HAL_GPIO_Init     stm32f1xx_hal_gpio.o
    0x08001b38   0x0000000a   Code   RO         1140    i.HAL_GPIO_ReadPin  stm32f1xx_hal_gpio.o
    0x08001b42   0x0000000a   Code   RO         1142    i.HAL_GPIO_WritePin  stm32f1xx_hal_gpio.o
    0x08001b4c   0x0000000c   Code   RO          834    i.HAL_GetTick       stm32f1xx_hal.o
    0x08001b58   0x00000010   Code   RO          840    i.HAL_IncTick       stm32f1xx_hal.o
    0x08001b68   0x00000024   Code   RO          841    i.HAL_Init          stm32f1xx_hal.o
    0x08001b8c   0x00000040   Code   RO          842    i.HAL_InitTick      stm32f1xx_hal.o
    0x08001bcc   0x0000003c   Code   RO          447    i.HAL_MspInit       stm32f1xx_hal_msp.o
    0x08001c08   0x0000001a   Code   RO         1298    i.HAL_NVIC_EnableIRQ  stm32f1xx_hal_cortex.o
    0x08001c22   0x00000002   PAD
    0x08001c24   0x00000040   Code   RO         1304    i.HAL_NVIC_SetPriority  stm32f1xx_hal_cortex.o
    0x08001c64   0x00000024   Code   RO         1305    i.HAL_NVIC_SetPriorityGrouping  stm32f1xx_hal_cortex.o
    0x08001c88   0x000000d4   Code   RO         1100    i.HAL_RCCEx_GetPeriphCLKFreq  stm32f1xx_hal_rcc_ex.o
    0x08001d5c   0x000000ec   Code   RO         1101    i.HAL_RCCEx_PeriphCLKConfig  stm32f1xx_hal_rcc_ex.o
    0x08001e48   0x0000012c   Code   RO          998    i.HAL_RCC_ClockConfig  stm32f1xx_hal_rcc.o
    0x08001f74   0x00000020   Code   RO         1006    i.HAL_RCC_GetPCLK2Freq  stm32f1xx_hal_rcc.o
    0x08001f94   0x0000006c   Code   RO         1007    i.HAL_RCC_GetSysClockFreq  stm32f1xx_hal_rcc.o
    0x08002000   0x00000320   Code   RO         1010    i.HAL_RCC_OscConfig  stm32f1xx_hal_rcc.o
    0x08002320   0x00000064   Code   RO         1928    i.HAL_SRAM_Init     stm32f1xx_hal_sram.o
    0x08002384   0x00000004   Code   RO          449    i.HAL_SRAM_MspInit  stm32f1xx_hal_msp.o
    0x08002388   0x00000028   Code   RO         1309    i.HAL_SYSTICK_Config  stm32f1xx_hal_cortex.o
    0x080023b0   0x00000002   Code   RO         2765    i.HAL_TIMEx_BreakCallback  stm32f1xx_hal_tim_ex.o
    0x080023b2   0x00000002   Code   RO         2766    i.HAL_TIMEx_CommutCallback  stm32f1xx_hal_tim_ex.o
    0x080023b4   0x0000007c   Code   RO         2784    i.HAL_TIMEx_MasterConfigSynchronization  stm32f1xx_hal_tim_ex.o
    0x08002430   0x0000005a   Code   RO         2061    i.HAL_TIM_Base_Init  stm32f1xx_hal_tim.o
    0x0800248a   0x00000002   PAD
    0x0800248c   0x00000064   Code   RO          451    i.HAL_TIM_Base_MspInit  stm32f1xx_hal_msp.o
    0x080024f0   0x00000064   Code   RO         2064    i.HAL_TIM_Base_Start  stm32f1xx_hal_tim.o
    0x08002554   0x0000006c   Code   RO         2066    i.HAL_TIM_Base_Start_IT  stm32f1xx_hal_tim.o
    0x080025c0   0x00000002   Code   RO         2095    i.HAL_TIM_IC_CaptureCallback  stm32f1xx_hal_tim.o
    0x080025c2   0x00000166   Code   RO         2109    i.HAL_TIM_IRQHandler  stm32f1xx_hal_tim.o
    0x08002728   0x00000002   Code   RO         2112    i.HAL_TIM_OC_DelayElapsedCallback  stm32f1xx_hal_tim.o
    0x0800272a   0x00000002   Code   RO         2139    i.HAL_TIM_PWM_PulseFinishedCallback  stm32f1xx_hal_tim.o
    0x0800272c   0x00000002   Code   RO         2147    i.HAL_TIM_PeriodElapsedCallback  stm32f1xx_hal_tim.o
    0x0800272e   0x00000002   Code   RO         2152    i.HAL_TIM_TriggerCallback  stm32f1xx_hal_tim.o
    0x08002730   0x00000002   Code   RO          358    i.HardFault_Handler  stm32f1xx_it.o
    0x08002732   0x00000024   Code   RO           13    i.LCD_Clear         lcd.o
    0x08002756   0x00000002   PAD
    0x08002758   0x00000018   Code   RO           15    i.LCD_DisplayChar   lcd.o
    0x08002770   0x0000002a   Code   RO           18    i.LCD_DisplayStringLine  lcd.o
    0x0800279a   0x00000002   PAD
    0x0800279c   0x00000064   Code   RO           19    i.LCD_DrawChar      lcd.o
    0x08002800   0x00000010   Code   RO           27    i.LCD_SetBackColor  lcd.o
    0x08002810   0x00000018   Code   RO           28    i.LCD_SetCursor     lcd.o
    0x08002828   0x00000010   Code   RO           30    i.LCD_SetTextColor  lcd.o
    0x08002838   0x0000000a   Code   RO           35    i.LCD_WriteReg      lcd.o
    0x08002842   0x00000002   PAD
    0x08002844   0x00000050   Code   RO          279    i.MX_ADC1_Init      main.o
    0x08002894   0x00000078   Code   RO          280    i.MX_FSMC_Init      main.o
    0x0800290c   0x000000fc   Code   RO          281    i.MX_GPIO_Init      main.o
    0x08002a08   0x00000002   Code   RO          359    i.MemManage_Handler  stm32f1xx_it.o
    0x08002a0a   0x00000002   Code   RO          360    i.NMI_Handler       stm32f1xx_it.o
    0x08002a0c   0x00000002   Code   RO          361    i.PendSV_Handler    stm32f1xx_it.o
    0x08002a0e   0x00000210   Code   RO           36    i.STM3210E_LCD_Init  lcd.o
    0x08002c1e   0x00000002   Code   RO          362    i.SVC_Handler       stm32f1xx_it.o
    0x08002c20   0x00000004   Code   RO          363    i.SysTick_Handler   stm32f1xx_it.o
    0x08002c24   0x00000072   Code   RO          282    i.SystemClock_Config  main.o
    0x08002c96   0x00000002   Code   RO         3033    i.SystemInit        system_stm32f1xx.o
    0x08002c98   0x00000068   Code   RO          364    i.TIM6_IRQHandler   stm32f1xx_it.o
    0x08002d00   0x000007d8   Code   RO          365    i.TIM7_IRQHandler   stm32f1xx_it.o
    0x080034d8   0x0000008c   Code   RO         2154    i.TIM_Base_SetConfig  stm32f1xx_hal_tim.o
    0x08003564   0x00000002   Code   RO          366    i.UsageFault_Handler  stm32f1xx_it.o
    0x08003566   0x00000028   Code   RO         3228    i.__ARM_fpclassify  m_ws.l(fpclassify.o)
    0x0800358e   0x00000020   Code   RO         1311    i.__NVIC_SetPriority  stm32f1xx_hal_cortex.o
    0x080035ae   0x0000000e   Code   RO         3087    i._is_digit         c_w.l(__printf_wp.o)
    0x080035bc   0x00000414   Code   RO          283    i.main              main.o
    0x080039d0   0x0000002c   Code   RO         3224    locale$$code        c_w.l(lc_numeric_c.o)
    0x080039fc   0x00000062   Code   RO         3105    x$fpl$d2f           fz_ws.l(d2f.o)
    0x08003a5e   0x00000002   PAD
    0x08003a60   0x00000150   Code   RO         3107    x$fpl$dadd          fz_ws.l(daddsub_clz.o)
    0x08003bb0   0x000002b0   Code   RO         3114    x$fpl$ddiv          fz_ws.l(ddiv.o)
    0x08003e60   0x00000026   Code   RO         3117    x$fpl$dfltu         fz_ws.l(dflt_clz.o)
    0x08003e86   0x00000002   PAD
    0x08003e88   0x00000154   Code   RO         3123    x$fpl$dmul          fz_ws.l(dmul.o)
    0x08003fdc   0x0000009c   Code   RO         3161    x$fpl$dnaninf       fz_ws.l(dnaninf.o)
    0x08004078   0x0000000c   Code   RO         3163    x$fpl$dretinf       fz_ws.l(dretinf.o)
    0x08004084   0x000001d4   Code   RO         3109    x$fpl$dsub          fz_ws.l(daddsub_clz.o)
    0x08004258   0x00000056   Code   RO         3125    x$fpl$f2d           fz_ws.l(f2d.o)
    0x080042ae   0x00000002   PAD
    0x080042b0   0x000000c4   Code   RO         3127    x$fpl$fadd          fz_ws.l(faddsub_clz.o)
    0x08004374   0x00000018   Code   RO         3165    x$fpl$fcmpinf       fz_ws.l(fcmpi.o)
    0x0800438c   0x00000184   Code   RO         3134    x$fpl$fdiv          fz_ws.l(fdiv.o)
    0x08004510   0x00000026   Code   RO         3137    x$fpl$ffltu         fz_ws.l(fflt_clz.o)
    0x08004536   0x00000002   PAD
    0x08004538   0x00000068   Code   RO         3143    x$fpl$fleqf         fz_ws.l(fleqf.o)
    0x080045a0   0x00000102   Code   RO         3145    x$fpl$fmul          fz_ws.l(fmul.o)
    0x080046a2   0x0000008c   Code   RO         3167    x$fpl$fnaninf       fz_ws.l(fnaninf.o)
    0x0800472e   0x0000000a   Code   RO         3169    x$fpl$fretinf       fz_ws.l(fretinf.o)
    0x08004738   0x00000062   Code   RO         3147    x$fpl$frleqf        fz_ws.l(frleqf.o)
    0x0800479a   0x00000002   PAD
    0x0800479c   0x000000ea   Code   RO         3129    x$fpl$fsub          fz_ws.l(faddsub_clz.o)
    0x08004886   0x00000004   Code   RO         3149    x$fpl$printf1       fz_ws.l(printf1.o)
    0x0800488a   0x00000000   Code   RO         3171    x$fpl$usenofp       fz_ws.l(usenofp.o)
    0x0800488a   0x000011d0   Data   RO           37    .constdata          lcd.o
    0x08005a5a   0x00000010   Data   RO         3034    .constdata          system_stm32f1xx.o
    0x08005a6a   0x00000008   Data   RO         3035    .constdata          system_stm32f1xx.o
    0x08005a72   0x00000002   PAD
    0x08005a74   0x00000094   Data   RO         3199    .constdata          c_w.l(bigflt0.o)
    0x08005b08   0x00000020   Data   RO         3368    Region$$Table       anon$$obj.o
    0x08005b28   0x0000001c   Data   RO         3223    locale$$data        c_w.l(lc_numeric_c.o)


    Execution Region RW_IRAM1 (Base: 0x20000000, Size: 0x000007a0, Max: 0x00010000, ABSOLUTE)

    Base Addr    Size         Type   Attr      Idx    E Section Name        Object

    0x20000000   0x00000004   Data   RW           39    .data               lcd.o
    0x20000004   0x00000001   Data   RW          285    .data               main.o
    0x20000005   0x00000001   Data   RW          286    .data               main.o
    0x20000006   0x00000001   Data   RW          287    .data               main.o
    0x20000007   0x00000001   PAD
    0x20000008   0x00000008   Data   RW          288    .data               main.o
    0x20000010   0x00000001   Data   RW          289    .data               main.o
    0x20000011   0x00000001   Data   RW          290    .data               main.o
    0x20000012   0x00000001   Data   RW          291    .data               main.o
    0x20000013   0x00000001   Data   RW          292    .data               main.o
    0x20000014   0x00000001   Data   RW          293    .data               main.o
    0x20000015   0x00000001   Data   RW          294    .data               main.o
    0x20000016   0x00000001   Data   RW          295    .data               main.o
    0x20000017   0x00000001   Data   RW          296    .data               main.o
    0x20000018   0x00000001   Data   RW          297    .data               main.o
    0x20000019   0x00000001   Data   RW          298    .data               main.o
    0x2000001a   0x00000001   Data   RW          299    .data               main.o
    0x2000001b   0x00000001   Data   RW          300    .data               main.o
    0x2000001c   0x00000001   Data   RW          301    .data               main.o
    0x2000001d   0x00000001   Data   RW          302    .data               main.o
    0x2000001e   0x00000001   Data   RW          303    .data               main.o
    0x2000001f   0x00000001   Data   RW          304    .data               main.o
    0x20000020   0x00000008   Data   RW          452    .data               stm32f1xx_hal_msp.o
    0x20000028   0x0000000c   Data   RW          848    .data               stm32f1xx_hal.o
    0x20000034   0x00000004   Data   RW         3036    .data               system_stm32f1xx.o
    0x20000038   0x00000108   Zero   RW          284    .bss                main.o
    0x20000140   0x00000060   Zero   RW         3231    .bss                c_w.l(libspace.o)
    0x200001a0   0x00000200   Zero   RW            2    HEAP                startup_stm32f103xe.o
    0x200003a0   0x00000400   Zero   RW            1    STACK               startup_stm32f103xe.o


==============================================================================

Image component sizes


      Code (inc. data)   RO Data    RW Data    ZI Data      Debug   Object Name

       796         20       4560          4          0     508726   lcd.o
      1610        218          0         27        264       5431   main.o
        64         26        304          0       1536        816   startup_stm32f103xe.o
       164         28          0         12          0       6541   stm32f1xx_hal.o
      1234         58          0          0          0       6524   stm32f1xx_hal_adc.o
       198         14          0          0          0      28887   stm32f1xx_hal_cortex.o
       524         42          0          0          0       3507   stm32f1xx_hal_gpio.o
       396         60          0          8          0       3562   stm32f1xx_hal_msp.o
      1240         88          0          0          0       4637   stm32f1xx_hal_rcc.o
       448         44          0          0          0       2549   stm32f1xx_hal_rcc_ex.o
       100          0          0          0          0       1184   stm32f1xx_hal_sram.o
       806         62          0          0          0       7770   stm32f1xx_hal_tim.o
       128         20          0          0          0       2393   stm32f1xx_hal_tim_ex.o
      2132        248          0          0          0       6546   stm32f1xx_it.o
       232         14          0          0          0       3791   stm32f1xx_ll_fsmc.o
         2          0         24          4          0       1131   system_stm32f1xx.o

    ----------------------------------------------------------------------
     10086        942       4922         56       1800     593995   Object Totals
         0          0         32          0          0          0   (incl. Generated)
        12          0          2          1          0          0   (incl. Padding)

    ----------------------------------------------------------------------

      Code (inc. data)   RO Data    RW Data    ZI Data      Debug   Library Member Name

         8          0          0          0          0         68   __main.o
       284          0          0          0          0        156   __printf_wp.o
         0          0          0          0          0          0   __rtentry.o
        12          0          0          0          0          0   __rtentry2.o
         6          0          0          0          0          0   __rtentry4.o
        52          8          0          0          0          0   __scatter.o
        26          0          0          0          0          0   __scatter_copy.o
        28          0          0          0          0          0   __scatter_zi.o
        48          6          0          0          0         96   _printf_char_common.o
         6          0          0          0          0          0   _printf_f.o
      1050          0          0          0          0        216   _printf_fp_dec.o
       128         16          0          0          0         84   _printf_fp_infnan.o
         0          0          0          0          0          0   _printf_percent.o
         4          0          0          0          0          0   _printf_percent_end.o
        16          0          0          0          0         68   _snputc.o
        10          0          0          0          0         68   _sputc.o
       220          4        148          0          0         96   bigflt0.o
      1910        128          0          0          0        672   btod.o
        12          0          0          0          0         72   exit.o
         6          0          0          0          0        152   heapauxi.o
         0          0          0          0          0          0   indicate_semi.o
        44         10         28          0          0         76   lc_numeric_c.o
         2          0          0          0          0          0   libinit.o
        18          0          0          0          0          0   libinit2.o
         2          0          0          0          0          0   libshutdown.o
         2          0          0          0          0          0   libshutdown2.o
         8          4          0          0         96         68   libspace.o
       138          0          0          0          0         80   lludiv10.o
        52          4          0          0          0         84   noretval__2snprintf.o
         8          4          0          0          0         68   rt_locale_intlibspace.o
        78          0          0          0          0         80   rt_memclr_w.o
         2          0          0          0          0          0   rtexit.o
        10          0          0          0          0          0   rtexit2.o
       128          0          0          0          0         68   strcmpv7m.o
        12          4          0          0          0         68   sys_exit.o
        74          0          0          0          0         80   sys_stackheap_outer.o
         2          0          0          0          0         68   use_no_semi.o
        98          4          0          0          0         92   d2f.o
       804         16          0          0          0        272   daddsub_clz.o
       688        140          0          0          0        208   ddiv.o
        38          0          0          0          0         68   dflt_clz.o
       340         12          0          0          0        104   dmul.o
       156          4          0          0          0         92   dnaninf.o
        12          0          0          0          0         68   dretinf.o
        86          4          0          0          0         84   f2d.o
       430          8          0          0          0        168   faddsub_clz.o
        24          0          0          0          0         68   fcmpi.o
       388         76          0          0          0         96   fdiv.o
        38          0          0          0          0         68   fflt_clz.o
       104          4          0          0          0         84   fleqf.o
       258          4          0          0          0         84   fmul.o
       140          4          0          0          0         84   fnaninf.o
        10          0          0          0          0         68   fretinf.o
        98          0          0          0          0         68   frleqf.o
         4          0          0          0          0         68   printf1.o
         0          0          0          0          0          0   usenofp.o
        40          0          0          0          0         68   fpclassify.o

    ----------------------------------------------------------------------
      8180        464        176          0         96       4400   Library Totals
        18          0          0          0          0          0   (incl. Padding)

    ----------------------------------------------------------------------

      Code (inc. data)   RO Data    RW Data    ZI Data      Debug   Library Name

      4406        188        176          0         96       2488   c_w.l
      3716        276          0          0          0       1844   fz_ws.l
        40          0          0          0          0         68   m_ws.l

    ----------------------------------------------------------------------
      8180        464        176          0         96       4400   Library Totals

    ----------------------------------------------------------------------

==============================================================================


      Code (inc. data)   RO Data    RW Data    ZI Data      Debug   

     18266       1406       5098         56       1896     592411   Grand Totals
     18266       1406       5098         56       1896     592411   ELF Image Totals
     18266       1406       5098         56          0          0   ROM Totals

==============================================================================

    Total RO  Size (Code + RO Data)                23364 (  22.82kB)
    Total RW  Size (RW Data + ZI Data)              1952 (   1.91kB)
    Total ROM Size (Code + RO Data + RW Data)      23420 (  22.87kB)

==============================================================================

