Component: Arm Compiler for Embedded 6.19 Tool: armlink [5e73cb00]

==============================================================================

Section Cross References

    startup_stm32f103xe.o(STACK) refers (Special) to heapauxi.o(.text) for __use_two_region_memory
    startup_stm32f103xe.o(HEAP) refers (Special) to heapauxi.o(.text) for __use_two_region_memory
    startup_stm32f103xe.o(RESET) refers (Special) to heapauxi.o(.text) for __use_two_region_memory
    startup_stm32f103xe.o(RESET) refers to startup_stm32f103xe.o(STACK) for __initial_sp
    startup_stm32f103xe.o(RESET) refers to startup_stm32f103xe.o(.text) for Reset_Handler
    startup_stm32f103xe.o(RESET) refers to stm32f1xx_it.o(.text.NMI_Handler) for NMI_Handler
    startup_stm32f103xe.o(RESET) refers to stm32f1xx_it.o(.text.HardFault_Handler) for HardFault_Handler
    startup_stm32f103xe.o(RESET) refers to stm32f1xx_it.o(.text.MemManage_Handler) for MemManage_Handler
    startup_stm32f103xe.o(RESET) refers to stm32f1xx_it.o(.text.BusFault_Handler) for BusFault_Handler
    startup_stm32f103xe.o(RESET) refers to stm32f1xx_it.o(.text.UsageFault_Handler) for UsageFault_Handler
    startup_stm32f103xe.o(RESET) refers to stm32f1xx_it.o(.text.SVC_Handler) for SVC_Handler
    startup_stm32f103xe.o(RESET) refers to stm32f1xx_it.o(.text.DebugMon_Handler) for DebugMon_Handler
    startup_stm32f103xe.o(RESET) refers to stm32f1xx_it.o(.text.PendSV_Handler) for PendSV_Handler
    startup_stm32f103xe.o(RESET) refers to stm32f1xx_it.o(.text.SysTick_Handler) for SysTick_Handler
    startup_stm32f103xe.o(RESET) refers to stm32f1xx_it.o(.text.TIM6_IRQHandler) for TIM6_IRQHandler
    startup_stm32f103xe.o(RESET) refers to stm32f1xx_it.o(.text.TIM7_IRQHandler) for TIM7_IRQHandler
    startup_stm32f103xe.o(.text) refers (Special) to heapauxi.o(.text) for __use_two_region_memory
    startup_stm32f103xe.o(.text) refers to system_stm32f1xx.o(.text.SystemInit) for SystemInit
    startup_stm32f103xe.o(.text) refers to __main.o(!!!main) for __main
    startup_stm32f103xe.o(.text) refers to startup_stm32f103xe.o(HEAP) for Heap_Mem
    startup_stm32f103xe.o(.text) refers to startup_stm32f103xe.o(STACK) for Stack_Mem
    lcd.o(.text.STM3210E_LCD_Init) refers to stm32f1xx_hal.o(.text.HAL_Delay) for HAL_Delay
    lcd.o(.ARM.exidx.text.STM3210E_LCD_Init) refers to lcd.o(.text.STM3210E_LCD_Init) for [Anonymous Symbol]
    lcd.o(.ARM.exidx.text.LCD_WriteReg) refers to lcd.o(.text.LCD_WriteReg) for [Anonymous Symbol]
    lcd.o(.text.LCD_SetTextColor) refers to lcd.o(.bss.TextColor) for TextColor
    lcd.o(.ARM.exidx.text.LCD_SetTextColor) refers to lcd.o(.text.LCD_SetTextColor) for [Anonymous Symbol]
    lcd.o(.text.LCD_SetBackColor) refers to lcd.o(.data.BackColor) for BackColor
    lcd.o(.ARM.exidx.text.LCD_SetBackColor) refers to lcd.o(.text.LCD_SetBackColor) for [Anonymous Symbol]
    lcd.o(.text.LCD_ClearLine) refers to lcd.o(.rodata.ASCII_Table) for ASCII_Table
    lcd.o(.text.LCD_ClearLine) refers to lcd.o(.text.LCD_DrawChar) for LCD_DrawChar
    lcd.o(.ARM.exidx.text.LCD_ClearLine) refers to lcd.o(.text.LCD_ClearLine) for [Anonymous Symbol]
    lcd.o(.text.LCD_DisplayStringLine) refers to lcd.o(.rodata.ASCII_Table) for ASCII_Table
    lcd.o(.text.LCD_DisplayStringLine) refers to lcd.o(.text.LCD_DrawChar) for LCD_DrawChar
    lcd.o(.ARM.exidx.text.LCD_DisplayStringLine) refers to lcd.o(.text.LCD_DisplayStringLine) for [Anonymous Symbol]
    lcd.o(.ARM.exidx.text.LCD_Clear) refers to lcd.o(.text.LCD_Clear) for [Anonymous Symbol]
    lcd.o(.ARM.exidx.text.LCD_SetCursor) refers to lcd.o(.text.LCD_SetCursor) for [Anonymous Symbol]
    lcd.o(.ARM.exidx.text.LCD_WriteRAM_Prepare) refers to lcd.o(.text.LCD_WriteRAM_Prepare) for [Anonymous Symbol]
    lcd.o(.text.LCD_DrawChar) refers to lcd.o(.data.BackColor) for BackColor
    lcd.o(.text.LCD_DrawChar) refers to lcd.o(.bss.TextColor) for TextColor
    lcd.o(.ARM.exidx.text.LCD_DrawChar) refers to lcd.o(.text.LCD_DrawChar) for [Anonymous Symbol]
    lcd.o(.ARM.exidx.text.LCD_WriteRAM) refers to lcd.o(.text.LCD_WriteRAM) for [Anonymous Symbol]
    lcd.o(.text.LCD_DisplayChar) refers to lcd.o(.rodata.ASCII_Table) for ASCII_Table
    lcd.o(.text.LCD_DisplayChar) refers to lcd.o(.text.LCD_DrawChar) for LCD_DrawChar
    lcd.o(.ARM.exidx.text.LCD_DisplayChar) refers to lcd.o(.text.LCD_DisplayChar) for [Anonymous Symbol]
    lcd.o(.ARM.exidx.text.LCD_SetDisplayWindow) refers to lcd.o(.text.LCD_SetDisplayWindow) for [Anonymous Symbol]
    lcd.o(.ARM.exidx.text.LCD_WindowModeDisable) refers to lcd.o(.text.LCD_WindowModeDisable) for [Anonymous Symbol]
    lcd.o(.text.LCD_DrawLine) refers to lcd.o(.bss.TextColor) for TextColor
    lcd.o(.ARM.exidx.text.LCD_DrawLine) refers to lcd.o(.text.LCD_DrawLine) for [Anonymous Symbol]
    lcd.o(.text.LCD_DrawRect) refers to lcd.o(.bss.TextColor) for TextColor
[...]
    stm32f1xx_hal_pwr.c                      0x00000000   Number         0  stm32f1xx_hal_pwr.o ABSOLUTE
    stm32f1xx_hal_rcc.c                      0x00000000   Number         0  stm32f1xx_hal_rcc.o ABSOLUTE
    stm32f1xx_hal_rcc_ex.c                   0x00000000   Number         0  stm32f1xx_hal_rcc_ex.o ABSOLUTE
    stm32f1xx_hal_sram.c                     0x00000000   Number         0  stm32f1xx_hal_sram.o ABSOLUTE
    stm32f1xx_hal_tim.c                      0x00000000   Number         0  stm32f1xx_hal_tim.o ABSOLUTE
    stm32f1xx_hal_tim_ex.c                   0x00000000   Number         0  stm32f1xx_hal_tim_ex.o ABSOLUTE
    stm32f1xx_it.c                           0x00000000   Number         0  stm32f1xx_it.o ABSOLUTE
    stm32f1xx_ll_fsmc.c                      0x00000000   Number         0  stm32f1xx_ll_fsmc.o ABSOLUTE
    system_stm32f1xx.c                       0x00000000   Number         0  system_stm32f1xx.o ABSOLUTE
    RESET                                    0x08000000   Section      304  startup_stm32f103xe.o(RESET)
    !!!main                                  0x08000130   Section        8  __main.o(!!!main)
    !!!scatter                               0x08000138   Section       52  __scatter.o(!!!scatter)
    !!handler_copy                           0x0800016c   Section       26  __scatter_copy.o(!!handler_copy)
    !!handler_zi                             0x08000188   Section       28  __scatter_zi.o(!!handler_zi)
    .ARM.Collect$$_printf_percent$$00000000  0x080001a4   Section        0  _printf_percent.o(.ARM.Collect$$_printf_percent$$00000000)
    .ARM.Collect$$_printf_percent$$00000003  0x080001a4   Section        6  _printf_f.o(.ARM.Collect$$_printf_percent$$00000003)
    .ARM.Collect$$_printf_percent$$00000017  0x080001aa   Section        4  _printf_percent_end.o(.ARM.Collect$$_printf_percent$$00000017)
    .ARM.Collect$$libinit$$00000000          0x080001ae   Section        2  libinit.o(.ARM.Collect$$libinit$$00000000)
    .ARM.Collect$$libinit$$00000002          0x080001b0   Section        0  libinit2.o(.ARM.Collect$$libinit$$00000002)
    .ARM.Collect$$libinit$$00000004          0x080001b0   Section        0  libinit2.o(.ARM.Collect$$libinit$$00000004)
    .ARM.Collect$$libinit$$00000006          0x080001b0   Section        0  libinit2.o(.ARM.Collect$$libinit$$00000006)
    .ARM.Collect$$libinit$$0000000C          0x080001b0   Section        0  libinit2.o(.ARM.Collect$$libinit$$0000000C)
    .ARM.Collect$$libinit$$0000000E          0x080001b0   Section        0  libinit2.o(.ARM.Collect$$libinit$$0000000E)
    .ARM.Collect$$libinit$$00000010          0x080001b0   Section        0  libinit2.o(.ARM.Collect$$libinit$$00000010)
    .ARM.Collect$$libinit$$00000011          0x080001b0   Section        6  libinit2.o(.ARM.Collect$$libinit$$00000011)
    .ARM.Collect$$libinit$$00000013          0x080001b6   Section        0  libinit2.o(.ARM.Collect$$libinit$$00000013)
    .ARM.Collect$$libinit$$00000015          0x080001b6   Section        0  libinit2.o(.ARM.Collect$$libinit$$00000015)
    .ARM.Collect$$libinit$$00000017          0x080001b6   Section        0  libinit2.o(.ARM.Collect$$libinit$$00000017)
    .ARM.Collect$$libinit$$00000018          0x080001b6   Section       10  libinit2.o(.ARM.Collect$$libinit$$00000018)
    .ARM.Collect$$libinit$$00000019          0x080001c0   Section        0  libinit2.o(.ARM.Collect$$libinit$$00000019)
    .ARM.Collect$$libinit$$0000001B          0x080001c0   Section        0  libinit2.o(.ARM.Collect$$libinit$$0000001B)
    .ARM.Collect$$libinit$$0000001D          0x080001c0   Section        0  libinit2.o(.ARM.Collect$$libinit$$0000001D)
    .ARM.Collect$$libinit$$0000001F          0x080001c0   Section        0  libinit2.o(.ARM.Collect$$libinit$$0000001F)
    .ARM.Collect$$libinit$$00000021          0x080001c0   Section        0  libinit2.o(.ARM.Collect$$libinit$$00000021)
    .ARM.Collect$$libinit$$00000023          0x080001c0   Section        0  libinit2.o(.ARM.Collect$$libinit$$00000023)
    .ARM.Collect$$libinit$$00000025          0x080001c0   Section        0  libinit2.o(.ARM.Collect$$libinit$$00000025)
    .ARM.Collect$$libinit$$00000027          0x080001c0   Section        0  libinit2.o(.ARM.Collect$$libinit$$00000027)
    .ARM.Collect$$libinit$$0000002E          0x080001c0   Section        0  libinit2.o(.ARM.Collect$$libinit$$0000002E)
    .ARM.Collect$$libinit$$00000030          0x080001c0   Section        0  libinit2.o(.ARM.Collect$$libinit$$00000030)
    .ARM.Collect$$libinit$$00000032          0x080001c0   Section        0  libinit2.o(.ARM.Collect$$libinit$$00000032)
    .ARM.Collect$$libinit$$00000034          0x080001c0   Section        0  libinit2.o(.ARM.Collect$$libinit$$00000034)
    .ARM.Collect$$libinit$$00000035          0x080001c0   Section        2  libinit2.o(.ARM.Collect$$libinit$$00000035)
    .ARM.Collect$$libshutdown$$00000000      0x080001c2   Section        2  libshutdown.o(.ARM.Collect$$libshutdown$$00000000)
    .ARM.Collect$$libshutdown$$00000002      0x080001c4   Section        0  libshutdown2.o(.ARM.Collect$$libshutdown$$00000002)
    .ARM.Collect$$libshutdown$$00000004      0x080001c4   Section        0  libshutdown2.o(.ARM.Collect$$libshutdown$$00000004)
    .ARM.Collect$$libshutdown$$00000007      0x080001c4   Section        0  libshutdown2.o(.ARM.Collect$$libshutdown$$00000007)
    .ARM.Collect$$libshutdown$$0000000A      0x080001c4   Section        0  libshutdown2.o(.ARM.Collect$$libshutdown$$0000000A)
    .ARM.Collect$$libshutdown$$0000000C      0x080001c4   Section        0  libshutdown2.o(.ARM.Collect$$libshutdown$$0000000C)
    .ARM.Collect$$libshutdown$$0000000F      0x080001c4   Section        0  libshutdown2.o(.ARM.Collect$$libshutdown$$0000000F)
    .ARM.Collect$$libshutdown$$00000010      0x080001c4   Section        2  libshutdown2.o(.ARM.Collect$$libshutdown$$00000010)
    .ARM.Collect$$rtentry$$00000000          0x080001c6   Section        0  __rtentry.o(.ARM.Collect$$rtentry$$00000000)
    .ARM.Collect$$rtentry$$00000002          0x080001c6   Section        0  __rtentry2.o(.ARM.Collect$$rtentry$$00000002)
    .ARM.Collect$$rtentry$$00000004          0x080001c6   Section        6  __rtentry4.o(.ARM.Collect$$rtentry$$00000004)
    .ARM.Collect$$rtentry$$00000009          0x080001cc   Section        0  __rtentry2.o(.ARM.Collect$$rtentry$$00000009)
    .ARM.Collect$$rtentry$$0000000A          0x080001cc   Section        4  __rtentry2.o(.ARM.Collect$$rtentry$$0000000A)
    .ARM.Collect$$rtentry$$0000000C          0x080001d0   Section        0  __rtentry2.o(.ARM.Collect$$rtentry$$0000000C)
    .ARM.Collect$$rtentry$$0000000D          0x080001d0   Section        8  __rtentry2.o(.ARM.Collect$$rtentry$$0000000D)
    .ARM.Collect$$rtexit$$00000000           0x080001d8   Section        2  rtexit.o(.ARM.Collect$$rtexit$$00000000)
    .ARM.Collect$$rtexit$$00000002           0x080001da   Section        0  rtexit2.o(.ARM.Collect$$rtexit$$00000002)
    .ARM.Collect$$rtexit$$00000003           0x080001da   Section        4  rtexit2.o(.ARM.Collect$$rtexit$$00000003)
    .ARM.Collect$$rtexit$$00000004           0x080001de   Section        6  rtexit2.o(.ARM.Collect$$rtexit$$00000004)
    .text                                    0x080001e4   Section       64  startup_stm32f103xe.o(.text)
    .text                                    0x08000224   Section        0  noretval__2snprintf.o(.text)
    .text                                    0x08000264   Section        0  __printf_wp.o(.text)
    .text                                    0x08000372   Section        0  heapauxi.o(.text)
    _fp_digits                               0x08000379   Thumb Code   432  _printf_fp_dec.o(.text)
    .text                                    0x08000378   Section        0  _printf_fp_dec.o(.text)
    _printf_input_char                       0x08000795   Thumb Code    10  _printf_char_common.o(.text)
    .text                                    0x08000794   Section        0  _printf_char_common.o(.text)
    .text                                    0x080007c4   Section        0  _snputc.o(.text)
    .text                                    0x080007d4   Section        8  rt_locale_intlibspace.o(.text)
    .text                                    0x080007dc   Section      138  lludiv10.o(.text)
    .text                                    0x08000868   Section        0  _printf_fp_infnan.o(.text)
    .text                                    0x080008e8   Section        0  bigflt0.o(.text)
    .text                                    0x080009cc   Section        8  libspace.o(.text)
    .text                                    0x080009d4   Section       74  sys_stackheap_outer.o(.text)
    .text                                    0x08000a1e   Section        0  exit.o(.text)
    .text                                    0x08000a30   Section      128  strcmpv7m.o(.text)
    .text                                    0x08000ab0   Section        0  sys_exit.o(.text)
    .text                                    0x08000abc   Section        2  use_no_semi.o(.text)
    .text                                    0x08000abe   Section        0  indicate_semi.o(.text)
    [Anonymous Symbol]                       0x08000ac0   Section        0  stm32f1xx_it.o(.text.BusFault_Handler)
    [Anonymous Symbol]                       0x08000ac4   Section        0  stm32f1xx_it.o(.text.DebugMon_Handler)
    [Anonymous Symbol]                       0x08000ac8   Section        0  stm32f1xx_ll_fsmc.o(.text.FSMC_NORSRAM_Extended_Timing_Init)
    [Anonymous Symbol]                       0x08000b14   Section        0  stm32f1xx_ll_fsmc.o(.text.FSMC_NORSRAM_Init)
    [Anonymous Symbol]                       0x08000b9c   Section        0  stm32f1xx_ll_fsmc.o(.text.FSMC_NORSRAM_Timing_Init)
    [Anonymous Symbol]                       0x08000be0   Section        0  stm32f1xx_hal_adc.o(.text.HAL_ADC_ConfigChannel)
    [Anonymous Symbol]                       0x08000d6c   Section        0  stm32f1xx_hal_adc.o(.text.HAL_ADC_GetValue)
    [Anonymous Symbol]                       0x08000d74   Section        0  stm32f1xx_hal_adc.o(.text.HAL_ADC_Init)
    [Anonymous Symbol]                       0x08000ed4   Section        0  stm32f1xx_hal_msp.o(.text.HAL_ADC_MspInit)
    [Anonymous Symbol]                       0x08000f38   Section        0  stm32f1xx_hal_adc.o(.text.HAL_ADC_PollForConversion)
    [Anonymous Symbol]                       0x08001114   Section        0  stm32f1xx_hal_adc.o(.text.HAL_ADC_Start)
    [Anonymous Symbol]                       0x08001264   Section        0  stm32f1xx_hal.o(.text.HAL_Delay)
    [Anonymous Symbol]                       0x0800128c   Section        0  stm32f1xx_hal_gpio.o(.text.HAL_GPIO_Init)
    [Anonymous Symbol]                       0x08001488   Section        0  stm32f1xx_hal_gpio.o(.text.HAL_GPIO_ReadPin)
    [Anonymous Symbol]                       0x08001494   Section        0  stm32f1xx_hal_gpio.o(.text.HAL_GPIO_WritePin)
    [Anonymous Symbol]                       0x080014a0   Section        0  stm32f1xx_hal.o(.text.HAL_GetTick)
    [Anonymous Symbol]                       0x080014ac   Section        0  stm32f1xx_hal.o(.text.HAL_IncTick)
    [Anonymous Symbol]                       0x080014c8   Section        0  stm32f1xx_hal.o(.text.HAL_Init)
    [Anonymous Symbol]                       0x080014f0   Section        0  stm32f1xx_hal.o(.text.HAL_InitTick)
    [Anonymous Symbol]                       0x08001538   Section        0  stm32f1xx_hal_msp.o(.text.HAL_MspInit)
    [Anonymous Symbol]                       0x0800157c   Section        0  stm32f1xx_hal_cortex.o(.text.HAL_NVIC_EnableIRQ)
    [Anonymous Symbol]                       0x080015a4   Section        0  stm32f1xx_hal_cortex.o(.text.HAL_NVIC_SetPriority)
    [Anonymous Symbol]                       0x080015fc   Section        0  stm32f1xx_hal_cortex.o(.text.HAL_NVIC_SetPriorityGrouping)
    [Anonymous Symbol]                       0x0800161c   Section        0  stm32f1xx_hal_rcc_ex.o(.text.HAL_RCCEx_GetPeriphCLKFreq)
    [Anonymous Symbol]                       0x0800172c   Section        0  stm32f1xx_hal_rcc_ex.o(.text.HAL_RCCEx_PeriphCLKConfig)
    [Anonymous Symbol]                       0x08001838   Section        0  stm32f1xx_hal_rcc.o(.text.HAL_RCC_ClockConfig)
    [Anonymous Symbol]                       0x080019f8   Section        0  stm32f1xx_hal_rcc.o(.text.HAL_RCC_GetPCLK2Freq)
    [Anonymous Symbol]                       0x08001a20   Section        0  stm32f1xx_hal_rcc.o(.text.HAL_RCC_GetSysClockFreq)
    [Anonymous Symbol]                       0x08001a78   Section        0  stm32f1xx_hal_rcc.o(.text.HAL_RCC_OscConfig)
    [Anonymous Symbol]                       0x08001e2c   Section        0  stm32f1xx_hal_sram.o(.text.HAL_SRAM_Init)
    [Anonymous Symbol]                       0x08001e98   Section        0  stm32f1xx_hal_msp.o(.text.HAL_SRAM_MspInit)
    [Anonymous Symbol]                       0x08001f28   Section        0  stm32f1xx_hal_cortex.o(.text.HAL_SYSTICK_Config)
    [Anonymous Symbol]                       0x08001f54   Section        0  stm32f1xx_hal_tim_ex.o(.text.HAL_TIMEx_BreakCallback)
    [Anonymous Symbol]                       0x08001f58   Section        0  stm32f1xx_hal_tim_ex.o(.text.HAL_TIMEx_CommutCallback)
    [Anonymous Symbol]                       0x08001f5c   Section        0  stm32f1xx_hal_tim_ex.o(.text.HAL_TIMEx_MasterConfigSynchronization)
    [Anonymous Symbol]                       0x08001ff0   Section        0  stm32f1xx_hal_tim.o(.text.HAL_TIM_Base_Init)
    [Anonymous Symbol]                       0x08002118   Section        0  stm32f1xx_hal_msp.o(.text.HAL_TIM_Base_MspInit)
    [Anonymous Symbol]                       0x0800218c   Section        0  stm32f1xx_hal_tim.o(.text.HAL_TIM_Base_Start)
    [Anonymous Symbol]                       0x0800220c   Section        0  stm32f1xx_hal_tim.o(.text.HAL_TIM_Base_Start_IT)
    [Anonymous Symbol]                       0x08002294   Section        0  stm32f1xx_hal_tim.o(.text.HAL_TIM_IC_CaptureCallback)
    [Anonymous Symbol]                       0x08002298   Section        0  stm32f1xx_hal_tim.o(.text.HAL_TIM_IRQHandler)
    [Anonymous Symbol]                       0x08002408   Section        0  stm32f1xx_hal_tim.o(.text.HAL_TIM_OC_DelayElapsedCallback)
    [Anonymous Symbol]                       0x0800240c   Section        0  stm32f1xx_hal_tim.o(.text.HAL_TIM_PWM_PulseFinishedCallback)
    [Anonymous Symbol]                       0x08002410   Section        0  stm32f1xx_hal_tim.o(.text.HAL_TIM_PeriodElapsedCallback)
    [Anonymous Symbol]                       0x08002414   Section        0  stm32f1xx_hal_tim.o(.text.HAL_TIM_TriggerCallback)
    [Anonymous Symbol]                       0x08002418   Section        0  stm32f1xx_it.o(.text.HardFault_Handler)
    [Anonymous Symbol]                       0x0800241c   Section        0  lcd.o(.text.LCD_Clear)
    [Anonymous Symbol]                       0x080024cc   Section        0  lcd.o(.text.LCD_DisplayStringLine)
    [Anonymous Symbol]                       0x08002518   Section        0  lcd.o(.text.LCD_DrawChar)
    [Anonymous Symbol]                       0x08002674   Section        0  lcd.o(.text.LCD_SetBackColor)
    [Anonymous Symbol]                       0x0800268c   Section        0  lcd.o(.text.LCD_SetTextColor)
    [Anonymous Symbol]                       0x080026a4   Section        0  stm32f1xx_it.o(.text.MemManage_Handler)
    [Anonymous Symbol]                       0x080026a8   Section        0  stm32f1xx_it.o(.text.NMI_Handler)
    [Anonymous Symbol]                       0x080026ac   Section        0  stm32f1xx_it.o(.text.PendSV_Handler)
    [Anonymous Symbol]                       0x080026b0   Section        0  lcd.o(.text.STM3210E_LCD_Init)
    [Anonymous Symbol]                       0x080028b4   Section        0  stm32f1xx_it.o(.text.SVC_Handler)
    [Anonymous Symbol]                       0x080028b8   Section        0  stm32f1xx_it.o(.text.SysTick_Handler)
    [Anonymous Symbol]                       0x080028bc   Section        0  system_stm32f1xx.o(.text.SystemInit)
    [Anonymous Symbol]                       0x080028c0   Section        0  stm32f1xx_it.o(.text.TIM6_IRQHandler)
    [Anonymous Symbol]                       0x0800293c   Section        0  stm32f1xx_it.o(.text.TIM7_IRQHandler)
    [Anonymous Symbol]                       0x080033c8   Section        0  stm32f1xx_it.o(.text.UsageFault_Handler)
    [Anonymous Symbol]                       0x080033cc   Section        0  main.o(.text.main)
    CL$$btod_d2e                             0x08003b68   Section       62  btod.o(CL$$btod_d2e)
    CL$$btod_d2e_denorm_low                  0x08003ba6   Section       70  btod.o(CL$$btod_d2e_denorm_low)
    CL$$btod_d2e_norm_op1                    0x08003bec   Section       96  btod.o(CL$$btod_d2e_norm_op1)
    CL$$btod_div_common                      0x08003c4c   Section      824  btod.o(CL$$btod_div_common)
    CL$$btod_e2e                             0x08003f84   Section      220  btod.o(CL$$btod_e2e)
    CL$$btod_ediv                            0x08004060   Section       42  btod.o(CL$$btod_ediv)
    CL$$btod_emul                            0x0800408a   Section       42  btod.o(CL$$btod_emul)
    CL$$btod_mult_common                     0x080040b4   Section      580  btod.o(CL$$btod_mult_common)
    i.__ARM_fpclassify                       0x080042f8   Section        0  fpclassify.o(i.__ARM_fpclassify)
    i._is_digit                              0x08004320   Section        0  __printf_wp.o(i._is_digit)
    locale$$code                             0x08004330   Section       44  lc_numeric_c.o(locale$$code)
    x$fpl$d2f                                0x0800435c   Section       98  d2f.o(x$fpl$d2f)
    x$fpl$dadd                               0x080043c0   Section      336  daddsub_clz.o(x$fpl$dadd)
    _dadd1                                   0x080043d1   Thumb Code     0  daddsub_clz.o(x$fpl$dadd)
    x$fpl$ddiv                               0x08004510   Section      692  ddiv.o(x$fpl$ddiv)
    ddiv_entry                               0x08004517   Thumb Code     0  ddiv.o(x$fpl$ddiv)
    x$fpl$dfltu                              0x080047c4   Section       38  dflt_clz.o(x$fpl$dfltu)
    x$fpl$dmul                               0x080047ec   Section      340  dmul.o(x$fpl$dmul)
    x$fpl$dnaninf                            0x08004940   Section      156  dnaninf.o(x$fpl$dnaninf)
    x$fpl$dretinf                            0x080049dc   Section       12  dretinf.o(x$fpl$dretinf)
    x$fpl$dsub                               0x080049e8   Section      476  daddsub_clz.o(x$fpl$dsub)
    _dsub1                                   0x080049f9   Thumb Code     0  daddsub_clz.o(x$fpl$dsub)
    x$fpl$f2d                                0x08004bc4   Section       86  f2d.o(x$fpl$f2d)
    x$fpl$fadd                               0x08004c1c   Section      196  faddsub_clz.o(x$fpl$fadd)
    _fadd1                                   0x08004c2b   Thumb Code     0  faddsub_clz.o(x$fpl$fadd)
    x$fpl$fcmp                               0x08004ce0   Section       84  fcmp.o(x$fpl$fcmp)
    x$fpl$fcmpinf                            0x08004d34   Section       24  fcmpi.o(x$fpl$fcmpinf)
    _fdiv1                                   0x08004d4d   Thumb Code     0  fdiv.o(x$fpl$fdiv)
    x$fpl$fdiv                               0x08004d4c   Section      388  fdiv.o(x$fpl$fdiv)
    x$fpl$feqf                               0x08004ed0   Section      104  feqf.o(x$fpl$feqf)
    x$fpl$ffltu                              0x08004f38   Section       38  fflt_clz.o(x$fpl$ffltu)
    x$fpl$fgeqf                              0x08004f60   Section      104  fgeqf.o(x$fpl$fgeqf)
    x$fpl$fleqf                              0x08004fc8   Section      104  fleqf.o(x$fpl$fleqf)
    x$fpl$fmul                               0x08005030   Section      258  fmul.o(x$fpl$fmul)
    x$fpl$fnaninf                            0x08005132   Section      140  fnaninf.o(x$fpl$fnaninf)
    x$fpl$fretinf                            0x080051be   Section       10  fretinf.o(x$fpl$fretinf)
    x$fpl$fsub                               0x080051c8   Section      234  faddsub_clz.o(x$fpl$fsub)
    _fsub1                                   0x080051d7   Thumb Code     0  faddsub_clz.o(x$fpl$fsub)
    x$fpl$printf1                            0x080052b2   Section        4  printf1.o(x$fpl$printf1)
    x$fpl$usenofp                            0x080052b6   Section        0  usenofp.o(x$fpl$usenofp)
    tenpwrs_x                                0x080052b8   Data          60  bigflt0.o(.constdata)
    .constdata                               0x080052b8   Section      148  bigflt0.o(.constdata)
    tenpwrs_i                                0x080052f4   Data          64  bigflt0.o(.constdata)
    .L__const.HAL_RCC_GetSysClockFreq.aPredivFactorTable 0x0800534c   Data           2  stm32f1xx_hal_rcc.o(.rodata..L__const.HAL_RCC_GetSysClockFreq.aPredivFactorTable)
    .L__const.HAL_RCC_GetSysClockFreq.aPLLMULFactorTable 0x08006536   Data          16  stm32f1xx_hal_rcc.o(.rodata.cst16)
    .L.str.2                                 0x08006546   Data          23  main.o(.rodata.str1.1)
    [Anonymous Symbol]                       0x08006546   Section        0  main.o(.rodata.str1.1)
    .L.str.3                                 0x0800655d   Data          22  main.o(.rodata.str1.1)
    locale$$data                             0x08006594   Section       28  lc_numeric_c.o(locale$$data)
    __lcnum_c_name                           0x08006598   Data           2  lc_numeric_c.o(locale$$data)
    __lcnum_c_start                          0x080065a0   Data           0  lc_numeric_c.o(locale$$data)
    __lcnum_c_point                          0x080065ac   Data           0  lc_numeric_c.o(locale$$data)
    __lcnum_c_thousands                      0x080065ae   Data           0  lc_numeric_c.o(locale$$data)
    __lcnum_c_grouping                       0x080065af   Data           0  lc_numeric_c.o(locale$$data)
    __lcnum_c_end                            0x080065b0   Data           0  lc_numeric_c.o(locale$$data)
    .L_MergedGlobals                         0x20000000   Data           8  stm32f1xx_hal.o(.data..L_MergedGlobals)
    [Anonymous Symbol]                       0x20000000   Section        0  stm32f1xx_hal.o(.data..L_MergedGlobals)
    BackColor                                0x20000008   Data           2  lcd.o(.data.BackColor)
    [Anonymous Symbol]                       0x20000008   Section        0  lcd.o(.data.BackColor)
    .bss                                     0x20000018   Section       96  libspace.o(.bss)
    .L_MergedGlobals                         0x20000078   Data          56  main.o(.bss..L_MergedGlobals)
    [Anonymous Symbol]                       0x20000078   Section        0  main.o(.bss..L_MergedGlobals)
    FSMC_Initialized                         0x200000b0   Data           1  stm32f1xx_hal_msp.o(.bss.FSMC_Initialized)
    [Anonymous Symbol]                       0x200000b0   Section        0  stm32f1xx_hal_msp.o(.bss.FSMC_Initialized)
    TextColor                                0x200000b4   Data           2  lcd.o(.bss.TextColor)
    [Anonymous Symbol]                       0x200000b4   Section        0  lcd.o(.bss.TextColor)
    Heap_Mem                                 0x200001a8   Data         512  startup_stm32f103xe.o(HEAP)
    HEAP                                     0x200001a8   Section      512  startup_stm32f103xe.o(HEAP)
    Stack_Mem                                0x200003a8   Data        1024  startup_stm32f103xe.o(STACK)
    STACK                                    0x200003a8   Section     1024  startup_stm32f103xe.o(STACK)
    __initial_sp                             0x200007a8   Data           0  startup_stm32f103xe.o(STACK)

    Global Symbols

    Symbol Name                              Value     Ov Type        Size  Object(Section)

    BuildAttributes$$THM_ISAv4$P$D$K$B$S$PE$A:L22UL41UL21$X:L11$S22US41US21$IEEE1$IW$~IW$USESV6$~STKCKD$USESV7$~SHL$OTIME$ROPI$IEEEJ$EBA8$UX$STANDARDLIB$REQ8$PRES8$EABIv2 0x00000000   Number         0  anon$$obj.o ABSOLUTE
    __fp_init_empty                          0x00000000   Number         0  fpinit_empty.o ABSOLUTE
    _printf_flags                            0x00000000   Number         0  printf_stubs.o ABSOLUTE
    _printf_return_value                     0x00000000   Number         0  printf_stubs.o ABSOLUTE
    _printf_sizespec                         0x00000000   Number         0  printf_stubs.o ABSOLUTE
    _printf_widthprec                        0x00000000   Number         0  printf_stubs.o ABSOLUTE
    __ARM_exceptions_init                     - Undefined Weak Reference
    __alloca_initialize                       - Undefined Weak Reference
    __arm_preinit_                            - Undefined Weak Reference
    __arm_relocate_pie_                       - Undefined Weak Reference
    __cpp_initialize__aeabi_                  - Undefined Weak Reference
    __cxa_finalize                            - Undefined Weak Reference
    __sigvec_lookup                           - Undefined Weak Reference
    _atexit_init                              - Undefined Weak Reference
    _call_atexit_fns                          - Undefined Weak Reference
    _clock_init                               - Undefined Weak Reference
    _fp_trap_init                             - Undefined Weak Reference
    _fp_trap_shutdown                         - Undefined Weak Reference
    _get_lc_collate                           - Undefined Weak Reference
    _get_lc_ctype                             - Undefined Weak Reference
    _get_lc_monetary                          - Undefined Weak Reference
    _get_lc_time                              - Undefined Weak Reference
    _getenv_init                              - Undefined Weak Reference
    _handle_redirection                       - Undefined Weak Reference
    _init_alloc                               - Undefined Weak Reference
    _init_user_alloc                          - Undefined Weak Reference
    _initio                                   - Undefined Weak Reference
    _printf_post_padding                      - Undefined Weak Reference
    _printf_pre_padding                       - Undefined Weak Reference
    _rand_init                                - Undefined Weak Reference
    _signal_finish                            - Undefined Weak Reference
    _signal_init                              - Undefined Weak Reference
    _terminate_alloc                          - Undefined Weak Reference
    _terminate_user_alloc                     - Undefined Weak Reference
    _terminateio                              - Undefined Weak Reference
    __Vectors_Size                           0x00000130   Number         0  startup_stm32f103xe.o ABSOLUTE
    __Vectors                                0x08000000   Data           4  startup_stm32f103xe.o(RESET)
    __Vectors_End                            0x08000130   Data           0  startup_stm32f103xe.o(RESET)
    __main                                   0x08000131   Thumb Code     8  __main.o(!!!main)
    __scatterload                            0x08000139   Thumb Code     0  __scatter.o(!!!scatter)
    __scatterload_rt2                        0x08000139   Thumb Code    44  __scatter.o(!!!scatter)
    __scatterload_rt2_thumb_only             0x08000139   Thumb Code     0  __scatter.o(!!!scatter)
    __scatterload_null                       0x08000147   Thumb Code     0  __scatter.o(!!!scatter)
    __scatterload_copy                       0x0800016d   Thumb Code    26  __scatter_copy.o(!!handler_copy)
    __scatterload_zeroinit                   0x08000189   Thumb Code    28  __scatter_zi.o(!!handler_zi)
    _printf_f                                0x080001a5   Thumb Code     0  _printf_f.o(.ARM.Collect$$_printf_percent$$00000003)
    _printf_percent                          0x080001a5   Thumb Code     0  _printf_percent.o(.ARM.Collect$$_printf_percent$$00000000)
    _printf_percent_end                      0x080001ab   Thumb Code     0  _printf_percent_end.o(.ARM.Collect$$_printf_percent$$00000017)
    __rt_lib_init                            0x080001af   Thumb Code     0  libinit.o(.ARM.Collect$$libinit$$00000000)
    __rt_lib_init_fp_1                       0x080001b1   Thumb Code     0  libinit2.o(.ARM.Collect$$libinit$$00000002)
    __rt_lib_init_heap_1                     0x080001b1   Thumb Code     0  libinit2.o(.ARM.Collect$$libinit$$0000000C)
    __rt_lib_init_lc_common                  0x080001b1   Thumb Code     0  libinit2.o(.ARM.Collect$$libinit$$00000011)
    __rt_lib_init_preinit_1                  0x080001b1   Thumb Code     0  libinit2.o(.ARM.Collect$$libinit$$00000006)
    __rt_lib_init_rand_1                     0x080001b1   Thumb Code     0  libinit2.o(.ARM.Collect$$libinit$$00000010)
    __rt_lib_init_relocate_pie_1             0x080001b1   Thumb Code     0  libinit2.o(.ARM.Collect$$libinit$$00000004)
    __rt_lib_init_user_alloc_1               0x080001b1   Thumb Code     0  libinit2.o(.ARM.Collect$$libinit$$0000000E)
    __rt_lib_init_lc_collate_1               0x080001b7   Thumb Code     0  libinit2.o(.ARM.Collect$$libinit$$00000013)
    __rt_lib_init_lc_ctype_1                 0x080001b7   Thumb Code     0  libinit2.o(.ARM.Collect$$libinit$$00000015)
    __rt_lib_init_lc_monetary_1              0x080001b7   Thumb Code     0  libinit2.o(.ARM.Collect$$libinit$$00000017)
    __rt_lib_init_lc_numeric_2               0x080001b7   Thumb Code     0  libinit2.o(.ARM.Collect$$libinit$$00000018)
    __rt_lib_init_alloca_1                   0x080001c1   Thumb Code     0  libinit2.o(.ARM.Collect$$libinit$$00000030)
    __rt_lib_init_argv_1                     0x080001c1   Thumb Code     0  libinit2.o(.ARM.Collect$$libinit$$0000002E)
    __rt_lib_init_atexit_1                   0x080001c1   Thumb Code     0  libinit2.o(.ARM.Collect$$libinit$$0000001D)
    __rt_lib_init_clock_1                    0x080001c1   Thumb Code     0  libinit2.o(.ARM.Collect$$libinit$$00000023)
    __rt_lib_init_cpp_1                      0x080001c1   Thumb Code     0  libinit2.o(.ARM.Collect$$libinit$$00000034)
    __rt_lib_init_exceptions_1               0x080001c1   Thumb Code     0  libinit2.o(.ARM.Collect$$libinit$$00000032)
    __rt_lib_init_fp_trap_1                  0x080001c1   Thumb Code     0  libinit2.o(.ARM.Collect$$libinit$$00000021)
    __rt_lib_init_getenv_1                   0x080001c1   Thumb Code     0  libinit2.o(.ARM.Collect$$libinit$$00000025)
    __rt_lib_init_lc_numeric_1               0x080001c1   Thumb Code     0  libinit2.o(.ARM.Collect$$libinit$$00000019)
    __rt_lib_init_lc_time_1                  0x080001c1   Thumb Code     0  libinit2.o(.ARM.Collect$$libinit$$0000001B)
    __rt_lib_init_return                     0x080001c1   Thumb Code     0  libinit2.o(.ARM.Collect$$libinit$$00000035)
    __rt_lib_init_signal_1                   0x080001c1   Thumb Code     0  libinit2.o(.ARM.Collect$$libinit$$0000001F)
    __rt_lib_init_stdio_1                    0x080001c1   Thumb Code     0  libinit2.o(.ARM.Collect$$libinit$$00000027)
    __rt_lib_shutdown                        0x080001c3   Thumb Code     0  libshutdown.o(.ARM.Collect$$libshutdown$$00000000)
    __rt_lib_shutdown_cpp_1                  0x080001c5   Thumb Code     0  libshutdown2.o(.ARM.Collect$$libshutdown$$00000002)
    __rt_lib_shutdown_fp_trap_1              0x080001c5   Thumb Code     0  libshutdown2.o(.ARM.Collect$$libshutdown$$00000007)
    __rt_lib_shutdown_heap_1                 0x080001c5   Thumb Code     0  libshutdown2.o(.ARM.Collect$$libshutdown$$0000000F)
    __rt_lib_shutdown_return                 0x080001c5   Thumb Code     0  libshutdown2.o(.ARM.Collect$$libshutdown$$00000010)
    __rt_lib_shutdown_signal_1               0x080001c5   Thumb Code     0  libshutdown2.o(.ARM.Collect$$libshutdown$$0000000A)
    __rt_lib_shutdown_stdio_1                0x080001c5   Thumb Code     0  libshutdown2.o(.ARM.Collect$$libshutdown$$00000004)
    __rt_lib_shutdown_user_alloc_1           0x080001c5   Thumb Code     0  libshutdown2.o(.ARM.Collect$$libshutdown$$0000000C)
    __rt_entry                               0x080001c7   Thumb Code     0  __rtentry.o(.ARM.Collect$$rtentry$$00000000)
    __rt_entry_presh_1                       0x080001c7   Thumb Code     0  __rtentry2.o(.ARM.Collect$$rtentry$$00000002)
    __rt_entry_sh                            0x080001c7   Thumb Code     0  __rtentry4.o(.ARM.Collect$$rtentry$$00000004)
    __rt_entry_li                            0x080001cd   Thumb Code     0  __rtentry2.o(.ARM.Collect$$rtentry$$0000000A)
    __rt_entry_postsh_1                      0x080001cd   Thumb Code     0  __rtentry2.o(.ARM.Collect$$rtentry$$00000009)
    __rt_entry_main                          0x080001d1   Thumb Code     0  __rtentry2.o(.ARM.Collect$$rtentry$$0000000D)
    __rt_entry_postli_1                      0x080001d1   Thumb Code     0  __rtentry2.o(.ARM.Collect$$rtentry$$0000000C)
    __rt_exit                                0x080001d9   Thumb Code     0  rtexit.o(.ARM.Collect$$rtexit$$00000000)
    __rt_exit_ls                             0x080001db   Thumb Code     0  rtexit2.o(.ARM.Collect$$rtexit$$00000003)
    __rt_exit_prels_1                        0x080001db   Thumb Code     0  rtexit2.o(.ARM.Collect$$rtexit$$00000002)
    __rt_exit_exit                           0x080001df   Thumb Code     0  rtexit2.o(.ARM.Collect$$rtexit$$00000004)
    Reset_Handler                            0x080001e5   Thumb Code     8  startup_stm32f103xe.o(.text)
    ADC1_2_IRQHandler                        0x080001ff   Thumb Code     0  startup_stm32f103xe.o(.text)
    ADC3_IRQHandler                          0x080001ff   Thumb Code     0  startup_stm32f103xe.o(.text)
    CAN1_RX1_IRQHandler                      0x080001ff   Thumb Code     0  startup_stm32f103xe.o(.text)
    CAN1_SCE_IRQHandler                      0x080001ff   Thumb Code     0  startup_stm32f103xe.o(.text)
    DMA1_Channel1_IRQHandler                 0x080001ff   Thumb Code     0  startup_stm32f103xe.o(.text)
    DMA1_Channel2_IRQHandler                 0x080001ff   Thumb Code     0  startup_stm32f103xe.o(.text)
    DMA1_Channel3_IRQHandler                 0x080001ff   Thumb Code     0  startup_stm32f103xe.o(.text)
    DMA1_Channel4_IRQHandler                 0x080001ff   Thumb Code     0  startup_stm32f103xe.o(.text)
    DMA1_Channel5_IRQHandler                 0x080001ff   Thumb Code     0  startup_stm32f103xe.o(.text)
    DMA1_Channel6_IRQHandler                 0x080001ff   Thumb Code     0  startup_stm32f103xe.o(.text)
    DMA1_Channel7_IRQHandler                 0x080001ff   Thumb Code     0  startup_stm32f103xe.o(.text)
    DMA2_Channel1_IRQHandler                 0x080001ff   Thumb Code     0  startup_stm32f103xe.o(.text)
    DMA2_Channel2_IRQHandler                 0x080001ff   Thumb Code     0  startup_stm32f103xe.o(.text)
    DMA2_Channel3_IRQHandler                 0x080001ff   Thumb Code     0  startup_stm32f103xe.o(.text)
    DMA2_Channel4_5_IRQHandler               0x080001ff   Thumb Code     0  startup_stm32f103xe.o(.text)
    EXTI0_IRQHandler                         0x080001ff   Thumb Code     0  startup_stm32f103xe.o(.text)
    EXTI15_10_IRQHandler                     0x080001ff   Thumb Code     0  startup_stm32f103xe.o(.text)
    EXTI1_IRQHandler                         0x080001ff   Thumb Code     0  startup_stm32f103xe.o(.text)
    EXTI2_IRQHandler                         0x080001ff   Thumb Code     0  startup_stm32f103xe.o(.text)
    EXTI3_IRQHandler                         0x080001ff   Thumb Code     0  startup_stm32f103xe.o(.text)
    EXTI4_IRQHandler                         0x080001ff   Thumb Code     0  startup_stm32f103xe.o(.text)
    EXTI9_5_IRQHandler                       0x080001ff   Thumb Code     0  startup_stm32f103xe.o(.text)
    FLASH_IRQHandler                         0x080001ff   Thumb Code     0  startup_stm32f103xe.o(.text)
    FSMC_IRQHandler                          0x080001ff   Thumb Code     0  startup_stm32f103xe.o(.text)
    I2C1_ER_IRQHandler                       0x080001ff   Thumb Code     0  startup_stm32f103xe.o(.text)
    I2C1_EV_IRQHandler                       0x080001ff   Thumb Code     0  startup_stm32f103xe.o(.text)
    I2C2_ER_IRQHandler                       0x080001ff   Thumb Code     0  startup_stm32f103xe.o(.text)
    I2C2_EV_IRQHandler                       0x080001ff   Thumb Code     0  startup_stm32f103xe.o(.text)
    PVD_IRQHandler                           0x080001ff   Thumb Code     0  startup_stm32f103xe.o(.text)
    RCC_IRQHandler                           0x080001ff   Thumb Code     0  startup_stm32f103xe.o(.text)
    RTC_Alarm_IRQHandler                     0x080001ff   Thumb Code     0  startup_stm32f103xe.o(.text)
    RTC_IRQHandler                           0x080001ff   Thumb Code     0  startup_stm32f103xe.o(.text)
    SDIO_IRQHandler                          0x080001ff   Thumb Code     0  startup_stm32f103xe.o(.text)
    SPI1_IRQHandler                          0x080001ff   Thumb Code     0  startup_stm32f103xe.o(.text)
    SPI2_IRQHandler                          0x080001ff   Thumb Code     0  startup_stm32f103xe.o(.text)
    SPI3_IRQHandler                          0x080001ff   Thumb Code     0  startup_stm32f103xe.o(.text)
    TAMPER_IRQHandler                        0x080001ff   Thumb Code     0  startup_stm32f103xe.o(.text)
    TIM1_BRK_IRQHandler                      0x080001ff   Thumb Code     0  startup_stm32f103xe.o(.text)
    TIM1_CC_IRQHandler                       0x080001ff   Thumb Code     0  startup_stm32f103xe.o(.text)
    TIM1_TRG_COM_IRQHandler                  0x080001ff   Thumb Code     0  startup_stm32f103xe.o(.text)
    TIM1_UP_IRQHandler                       0x080001ff   Thumb Code     0  startup_stm32f103xe.o(.text)
    TIM2_IRQHandler                          0x080001ff   Thumb Code     0  startup_stm32f103xe.o(.text)
    TIM3_IRQHandler                          0x080001ff   Thumb Code     0  startup_stm32f103xe.o(.text)
    TIM4_IRQHandler                          0x080001ff   Thumb Code     0  startup_stm32f103xe.o(.text)
    TIM5_IRQHandler                          0x080001ff   Thumb Code     0  startup_stm32f103xe.o(.text)
    TIM8_BRK_IRQHandler                      0x080001ff   Thumb Code     0  startup_stm32f103xe.o(.text)
    TIM8_CC_IRQHandler                       0x080001ff   Thumb Code     0  startup_stm32f103xe.o(.text)
    TIM8_TRG_COM_IRQHandler                  0x080001ff   Thumb Code     0  startup_stm32f103xe.o(.text)
    TIM8_UP_IRQHandler                       0x080001ff   Thumb Code     0  startup_stm32f103xe.o(.text)
    UART4_IRQHandler                         0x080001ff   Thumb Code     0  startup_stm32f103xe.o(.text)
    UART5_IRQHandler                         0x080001ff   Thumb Code     0  startup_stm32f103xe.o(.text)
    USART1_IRQHandler                        0x080001ff   Thumb Code     0  startup_stm32f103xe.o(.text)
    USART2_IRQHandler                        0x080001ff   Thumb Code     0  startup_stm32f103xe.o(.text)
    USART3_IRQHandler                        0x080001ff   Thumb Code     0  startup_stm32f103xe.o(.text)
    USBWakeUp_IRQHandler                     0x080001ff   Thumb Code     0  startup_stm32f103xe.o(.text)
    USB_HP_CAN1_TX_IRQHandler                0x080001ff   Thumb Code     0  startup_stm32f103xe.o(.text)
    USB_LP_CAN1_RX0_IRQHandler               0x080001ff   Thumb Code     0  startup_stm32f103xe.o(.text)
    WWDG_IRQHandler                          0x080001ff   Thumb Code     0  startup_stm32f103xe.o(.text)
    __user_initial_stackheap                 0x08000201   Thumb Code     0  startup_stm32f103xe.o(.text)
    __2snprintf                              0x08000225   Thumb Code    58  noretval__2snprintf.o(.text)
    __printf                                 0x08000265   Thumb Code   270  __printf_wp.o(.text)
    __use_two_region_memory                  0x08000373   Thumb Code     2  heapauxi.o(.text)
    __rt_heap_escrow$2region                 0x08000375   Thumb Code     2  heapauxi.o(.text)
    __rt_heap_expand$2region                 0x08000377   Thumb Code     2  heapauxi.o(.text)
    _printf_fp_dec_real                      0x08000529   Thumb Code   620  _printf_fp_dec.o(.text)
    _printf_char_common                      0x0800079f   Thumb Code    32  _printf_char_common.o(.text)
    _snputc                                  0x080007c5   Thumb Code    16  _snputc.o(.text)
    __rt_locale                              0x080007d5   Thumb Code     8  rt_locale_intlibspace.o(.text)
    _ll_udiv10                               0x080007dd   Thumb Code   138  lludiv10.o(.text)
    _printf_fp_infnan                        0x08000869   Thumb Code   112  _printf_fp_infnan.o(.text)
    _btod_etento                             0x080008e9   Thumb Code   224  bigflt0.o(.text)
    __user_libspace                          0x080009cd   Thumb Code     8  libspace.o(.text)
    __user_perproc_libspace                  0x080009cd   Thumb Code     0  libspace.o(.text)
    __user_perthread_libspace                0x080009cd   Thumb Code     0  libspace.o(.text)
    __user_setup_stackheap                   0x080009d5   Thumb Code    74  sys_stackheap_outer.o(.text)
    exit                                     0x08000a1f   Thumb Code    18  exit.o(.text)
    strcmp                                   0x08000a31   Thumb Code   128  strcmpv7m.o(.text)
    _sys_exit                                0x08000ab1   Thumb Code     8  sys_exit.o(.text)
    __I$use$semihosting                      0x08000abd   Thumb Code     0  use_no_semi.o(.text)
    __use_no_semihosting_swi                 0x08000abd   Thumb Code     2  use_no_semi.o(.text)
    __semihosting_library_function           0x08000abf   Thumb Code     0  indicate_semi.o(.text)
    BusFault_Handler                         0x08000ac1   Thumb Code     2  stm32f1xx_it.o(.text.BusFault_Handler)
    DebugMon_Handler                         0x08000ac5   Thumb Code     2  stm32f1xx_it.o(.text.DebugMon_Handler)
    FSMC_NORSRAM_Extended_Timing_Init        0x08000ac9   Thumb Code    76  stm32f1xx_ll_fsmc.o(.text.FSMC_NORSRAM_Extended_Timing_Init)
    FSMC_NORSRAM_Init                        0x08000b15   Thumb Code   134  stm32f1xx_ll_fsmc.o(.text.FSMC_NORSRAM_Init)
    FSMC_NORSRAM_Timing_Init                 0x08000b9d   Thumb Code    68  stm32f1xx_ll_fsmc.o(.text.FSMC_NORSRAM_Timing_Init)
    HAL_ADC_ConfigChannel                    0x08000be1   Thumb Code   396  stm32f1xx_hal_adc.o(.text.HAL_ADC_ConfigChannel)
    HAL_ADC_GetValue                         0x08000d6d   Thumb Code     6  stm32f1xx_hal_adc.o(.text.HAL_ADC_GetValue)
    HAL_ADC_Init                             0x08000d75   Thumb Code   352  stm32f1xx_hal_adc.o(.text.HAL_ADC_Init)
    HAL_ADC_MspInit                          0x08000ed5   Thumb Code    98  stm32f1xx_hal_msp.o(.text.HAL_ADC_MspInit)
    HAL_ADC_PollForConversion                0x08000f39   Thumb Code   474  stm32f1xx_hal_adc.o(.text.HAL_ADC_PollForConversion)
    HAL_ADC_Start                            0x08001115   Thumb Code   334  stm32f1xx_hal_adc.o(.text.HAL_ADC_Start)
    HAL_Delay                                0x08001265   Thumb Code    40  stm32f1xx_hal.o(.text.HAL_Delay)
    HAL_GPIO_Init                            0x0800128d   Thumb Code   506  stm32f1xx_hal_gpio.o(.text.HAL_GPIO_Init)
    HAL_GPIO_ReadPin                         0x08001489   Thumb Code    10  stm32f1xx_hal_gpio.o(.text.HAL_GPIO_ReadPin)
    HAL_GPIO_WritePin                        0x08001495   Thumb Code    10  stm32f1xx_hal_gpio.o(.text.HAL_GPIO_WritePin)
    HAL_GetTick                              0x080014a1   Thumb Code    12  stm32f1xx_hal.o(.text.HAL_GetTick)
    HAL_IncTick                              0x080014ad   Thumb Code    26  stm32f1xx_hal.o(.text.HAL_IncTick)
    HAL_Init                                 0x080014c9   Thumb Code    38  stm32f1xx_hal.o(.text.HAL_Init)
    HAL_InitTick                             0x080014f1   Thumb Code    72  stm32f1xx_hal.o(.text.HAL_InitTick)
    HAL_MspInit                              0x08001539   Thumb Code    66  stm32f1xx_hal_msp.o(.text.HAL_MspInit)
    HAL_NVIC_EnableIRQ                       0x0800157d   Thumb Code    38  stm32f1xx_hal_cortex.o(.text.HAL_NVIC_EnableIRQ)
    HAL_NVIC_SetPriority                     0x080015a5   Thumb Code    86  stm32f1xx_hal_cortex.o(.text.HAL_NVIC_SetPriority)
    HAL_NVIC_SetPriorityGrouping             0x080015fd   Thumb Code    32  stm32f1xx_hal_cortex.o(.text.HAL_NVIC_SetPriorityGrouping)
    HAL_RCCEx_GetPeriphCLKFreq               0x0800161d   Thumb Code   252  stm32f1xx_hal_rcc_ex.o(.text.HAL_RCCEx_GetPeriphCLKFreq)
    HAL_RCCEx_PeriphCLKConfig                0x0800172d   Thumb Code   266  stm32f1xx_hal_rcc_ex.o(.text.HAL_RCCEx_PeriphCLKConfig)
    HAL_RCC_ClockConfig                      0x08001839   Thumb Code   446  stm32f1xx_hal_rcc.o(.text.HAL_RCC_ClockConfig)
    HAL_RCC_GetPCLK2Freq                     0x080019f9   Thumb Code    38  stm32f1xx_hal_rcc.o(.text.HAL_RCC_GetPCLK2Freq)
    HAL_RCC_GetSysClockFreq                  0x08001a21   Thumb Code    86  stm32f1xx_hal_rcc.o(.text.HAL_RCC_GetSysClockFreq)
    HAL_RCC_OscConfig                        0x08001a79   Thumb Code   948  stm32f1xx_hal_rcc.o(.text.HAL_RCC_OscConfig)
    HAL_SRAM_Init                            0x08001e2d   Thumb Code   108  stm32f1xx_hal_sram.o(.text.HAL_SRAM_Init)
    HAL_SRAM_MspInit                         0x08001e99   Thumb Code   142  stm32f1xx_hal_msp.o(.text.HAL_SRAM_MspInit)
    HAL_SYSTICK_Config                       0x08001f29   Thumb Code    44  stm32f1xx_hal_cortex.o(.text.HAL_SYSTICK_Config)
    HAL_TIMEx_BreakCallback                  0x08001f55   Thumb Code     2  stm32f1xx_hal_tim_ex.o(.text.HAL_TIMEx_BreakCallback)
    HAL_TIMEx_CommutCallback                 0x08001f59   Thumb Code     2  stm32f1xx_hal_tim_ex.o(.text.HAL_TIMEx_CommutCallback)
    HAL_TIMEx_MasterConfigSynchronization    0x08001f5d   Thumb Code   146  stm32f1xx_hal_tim_ex.o(.text.HAL_TIMEx_MasterConfigSynchronization)
    HAL_TIM_Base_Init                        0x08001ff1   Thumb Code   294  stm32f1xx_hal_tim.o(.text.HAL_TIM_Base_Init)
    HAL_TIM_Base_MspInit                     0x08002119   Thumb Code   116  stm32f1xx_hal_msp.o(.text.HAL_TIM_Base_MspInit)
    HAL_TIM_Base_Start                       0x0800218d   Thumb Code   126  stm32f1xx_hal_tim.o(.text.HAL_TIM_Base_Start)
    HAL_TIM_Base_Start_IT                    0x0800220d   Thumb Code   134  stm32f1xx_hal_tim.o(.text.HAL_TIM_Base_Start_IT)
    HAL_TIM_IC_CaptureCallback               0x08002295   Thumb Code     2  stm32f1xx_hal_tim.o(.text.HAL_TIM_IC_CaptureCallback)
    HAL_TIM_IRQHandler                       0x08002299   Thumb Code   368  stm32f1xx_hal_tim.o(.text.HAL_TIM_IRQHandler)
    HAL_TIM_OC_DelayElapsedCallback          0x08002409   Thumb Code     2  stm32f1xx_hal_tim.o(.text.HAL_TIM_OC_DelayElapsedCallback)
    HAL_TIM_PWM_PulseFinishedCallback        0x0800240d   Thumb Code     2  stm32f1xx_hal_tim.o(.text.HAL_TIM_PWM_PulseFinishedCallback)
    HAL_TIM_PeriodElapsedCallback            0x08002411   Thumb Code     2  stm32f1xx_hal_tim.o(.text.HAL_TIM_PeriodElapsedCallback)
    HAL_TIM_TriggerCallback                  0x08002415   Thumb Code     2  stm32f1xx_hal_tim.o(.text.HAL_TIM_TriggerCallback)
    HardFault_Handler                        0x08002419   Thumb Code     2  stm32f1xx_it.o(.text.HardFault_Handler)
    LCD_Clear                                0x0800241d   Thumb Code   174  lcd.o(.text.LCD_Clear)
    LCD_DisplayStringLine                    0x080024cd   Thumb Code    74  lcd.o(.text.LCD_DisplayStringLine)
    LCD_DrawChar                             0x08002519   Thumb Code   346  lcd.o(.text.LCD_DrawChar)
    LCD_SetBackColor                         0x08002675   Thumb Code    24  lcd.o(.text.LCD_SetBackColor)
    LCD_SetTextColor                         0x0800268d   Thumb Code    24  lcd.o(.text.LCD_SetTextColor)
    MemManage_Handler                        0x080026a5   Thumb Code     2  stm32f1xx_it.o(.text.MemManage_Handler)
    NMI_Handler                              0x080026a9   Thumb Code     2  stm32f1xx_it.o(.text.NMI_Handler)
    PendSV_Handler                           0x080026ad   Thumb Code     2  stm32f1xx_it.o(.text.PendSV_Handler)
    STM3210E_LCD_Init                        0x080026b1   Thumb Code   514  lcd.o(.text.STM3210E_LCD_Init)
    SVC_Handler                              0x080028b5   Thumb Code     2  stm32f1xx_it.o(.text.SVC_Handler)
    SysTick_Handler                          0x080028b9   Thumb Code     4  stm32f1xx_it.o(.text.SysTick_Handler)
    SystemInit                               0x080028bd   Thumb Code     2  system_stm32f1xx.o(.text.SystemInit)
    TIM6_IRQHandler                          0x080028c1   Thumb Code   122  stm32f1xx_it.o(.text.TIM6_IRQHandler)
    TIM7_IRQHandler                          0x0800293d   Thumb Code  2698  stm32f1xx_it.o(.text.TIM7_IRQHandler)
    UsageFault_Handler                       0x080033c9   Thumb Code     2  stm32f1xx_it.o(.text.UsageFault_Handler)
    main                                     0x080033cd   Thumb Code  1872  main.o(.text.main)
    _btod_d2e                                0x08003b69   Thumb Code    62  btod.o(CL$$btod_d2e)
    _d2e_denorm_low                          0x08003ba7   Thumb Code    70  btod.o(CL$$btod_d2e_denorm_low)
    _d2e_norm_op1                            0x08003bed   Thumb Code    96  btod.o(CL$$btod_d2e_norm_op1)
    __btod_div_common                        0x08003c4d   Thumb Code   696  btod.o(CL$$btod_div_common)
    _e2e                                     0x08003f85   Thumb Code   220  btod.o(CL$$btod_e2e)
    _btod_ediv                               0x08004061   Thumb Code    42  btod.o(CL$$btod_ediv)
    _btod_emul                               0x0800408b   Thumb Code    42  btod.o(CL$$btod_emul)
    __btod_mult_common                       0x080040b5   Thumb Code   580  btod.o(CL$$btod_mult_common)
    __ARM_fpclassify                         0x080042f9   Thumb Code    40  fpclassify.o(i.__ARM_fpclassify)
    _is_digit                                0x08004321   Thumb Code    14  __printf_wp.o(i._is_digit)
    _get_lc_numeric                          0x08004331   Thumb Code    44  lc_numeric_c.o(locale$$code)
    __aeabi_d2f                              0x0800435d   Thumb Code     0  d2f.o(x$fpl$d2f)
    _d2f                                     0x0800435d   Thumb Code    98  d2f.o(x$fpl$d2f)
    __aeabi_dadd                             0x080043c1   Thumb Code     0  daddsub_clz.o(x$fpl$dadd)
    _dadd                                    0x080043c1   Thumb Code   332  daddsub_clz.o(x$fpl$dadd)
    __aeabi_ddiv                             0x08004511   Thumb Code     0  ddiv.o(x$fpl$ddiv)
    _ddiv                                    0x08004511   Thumb Code   556  ddiv.o(x$fpl$ddiv)
    __aeabi_ui2d                             0x080047c5   Thumb Code     0  dflt_clz.o(x$fpl$dfltu)
    _dfltu                                   0x080047c5   Thumb Code    38  dflt_clz.o(x$fpl$dfltu)
    __aeabi_dmul                             0x080047ed   Thumb Code     0  dmul.o(x$fpl$dmul)
    _dmul                                    0x080047ed   Thumb Code   332  dmul.o(x$fpl$dmul)
    __fpl_dnaninf                            0x08004941   Thumb Code   156  dnaninf.o(x$fpl$dnaninf)
    __fpl_dretinf                            0x080049dd   Thumb Code    12  dretinf.o(x$fpl$dretinf)
    __aeabi_dsub                             0x080049e9   Thumb Code     0  daddsub_clz.o(x$fpl$dsub)
    _dsub                                    0x080049e9   Thumb Code   472  daddsub_clz.o(x$fpl$dsub)
    __aeabi_f2d                              0x08004bc5   Thumb Code     0  f2d.o(x$fpl$f2d)
    _f2d                                     0x08004bc5   Thumb Code    86  f2d.o(x$fpl$f2d)
    __aeabi_fadd                             0x08004c1d   Thumb Code     0  faddsub_clz.o(x$fpl$fadd)
    _fadd                                    0x08004c1d   Thumb Code   196  faddsub_clz.o(x$fpl$fadd)
    __aeabi_fcmpeq                           0x08004ce1   Thumb Code     0  fcmp.o(x$fpl$fcmp)
    _feq                                     0x08004ce1   Thumb Code    14  fcmp.o(x$fpl$fcmp)
    _fneq                                    0x08004cef   Thumb Code    14  fcmp.o(x$fpl$fcmp)
    __aeabi_fcmpgt                           0x08004cfd   Thumb Code     0  fcmp.o(x$fpl$fcmp)
    _fgr                                     0x08004cfd   Thumb Code    14  fcmp.o(x$fpl$fcmp)
    __aeabi_fcmpge                           0x08004d0b   Thumb Code     0  fcmp.o(x$fpl$fcmp)
    _fgeq                                    0x08004d0b   Thumb Code    14  fcmp.o(x$fpl$fcmp)
    __aeabi_fcmple                           0x08004d19   Thumb Code     0  fcmp.o(x$fpl$fcmp)
    _fleq                                    0x08004d19   Thumb Code    14  fcmp.o(x$fpl$fcmp)
    __aeabi_fcmplt                           0x08004d27   Thumb Code     0  fcmp.o(x$fpl$fcmp)
    _fls                                     0x08004d27   Thumb Code    14  fcmp.o(x$fpl$fcmp)
    __fpl_fcmp_Inf                           0x08004d35   Thumb Code    24  fcmpi.o(x$fpl$fcmpinf)
    __aeabi_fdiv                             0x08004d4d   Thumb Code     0  fdiv.o(x$fpl$fdiv)
    _fdiv                                    0x08004d4d   Thumb Code   384  fdiv.o(x$fpl$fdiv)
    __aeabi_cfcmpeq                          0x08004ed1   Thumb Code     0  feqf.o(x$fpl$feqf)
    _fcmpeq                                  0x08004ed1   Thumb Code   104  feqf.o(x$fpl$feqf)
    __aeabi_ui2f                             0x08004f39   Thumb Code     0  fflt_clz.o(x$fpl$ffltu)
    _ffltu                                   0x08004f39   Thumb Code    38  fflt_clz.o(x$fpl$ffltu)
    _fcmpge                                  0x08004f61   Thumb Code   104  fgeqf.o(x$fpl$fgeqf)
    __aeabi_cfcmple                          0x08004fc9   Thumb Code     0  fleqf.o(x$fpl$fleqf)
    _fcmple                                  0x08004fc9   Thumb Code   104  fleqf.o(x$fpl$fleqf)
    __fpl_fcmple_InfNaN                      0x0800501b   Thumb Code     0  fleqf.o(x$fpl$fleqf)
    __aeabi_fmul                             0x08005031   Thumb Code     0  fmul.o(x$fpl$fmul)
    _fmul                                    0x08005031   Thumb Code   258  fmul.o(x$fpl$fmul)
    __fpl_fnaninf                            0x08005133   Thumb Code   140  fnaninf.o(x$fpl$fnaninf)
    __fpl_fretinf                            0x080051bf   Thumb Code    10  fretinf.o(x$fpl$fretinf)
    __aeabi_fsub                             0x080051c9   Thumb Code     0  faddsub_clz.o(x$fpl$fsub)
    _fsub                                    0x080051c9   Thumb Code   234  faddsub_clz.o(x$fpl$fsub)
    _printf_fp_dec                           0x080052b3   Thumb Code     4  printf1.o(x$fpl$printf1)
    __I$use$fp                               0x080052b6   Number         0  usenofp.o(x$fpl$usenofp)
    AHBPrescTable                            0x0800534e   Data          16  system_stm32f1xx.o(.rodata.AHBPrescTable)
    APBPrescTable                            0x0800535e   Data           8  system_stm32f1xx.o(.rodata.APBPrescTable)
    ASCII_Table                              0x08005366   Data        4560  lcd.o(.rodata.ASCII_Table)
    Region$$Table$$Base                      0x08006574   Number         0  anon$$obj.o(Region$$Table)
    Region$$Table$$Limit                     0x08006594   Number         0  anon$$obj.o(Region$$Table)
    uwTickFreq                               0x20000000   Data           1  stm32f1xx_hal.o(.data..L_MergedGlobals)
    uwTickPrio                               0x20000004   Data           4  stm32f1xx_hal.o(.data..L_MergedGlobals)
    SystemCoreClock                          0x2000000c   Data           4  system_stm32f1xx.o(.data.SystemCoreClock)
    symbol                                   0x20000010   Data           1  main.o(.data.symbol)
    __libspace_start                         0x20000018   Data          96  libspace.o(.bss)
    __temporary_stack_top$libspace           0x20000078   Data           0  libspace.o(.bss)
    znak                                     0x20000078   Data           1  main.o(.bss..L_MergedGlobals)
    n                                        0x20000079   Data           1  main.o(.bss..L_MergedGlobals)
    temperatura_C                            0x2000007c   Data           4  main.o(.bss..L_MergedGlobals)
    hadc1                                    0x20000080   Data          48  main.o(.bss..L_MergedGlobals)
    JOY_DOWN                                 0x200000b1   Data           1  main.o(.bss.JOY_DOWN)
    JOY_SEL                                  0x200000b2   Data           1  main.o(.bss.JOY_SEL)
    JOY_UP                                   0x200000b3   Data           1  main.o(.bss.JOY_UP)
    hsram3                                   0x200000b8   Data          72  main.o(.bss.hsram3)
    htim6                                    0x20000100   Data          72  main.o(.bss.htim6)
    htim7                                    0x20000148   Data          72  main.o(.bss.htim7)
    klawisz_0                                0x20000190   Data           1  main.o(.bss.klawisz_0)
    klawisz_1                                0x20000191   Data           1  main.o(.bss.klawisz_1)
    klawisz_2                                0x20000192   Data           1  main.o(.bss.klawisz_2)
    klawisz_3                                0x20000193   Data           1  main.o(.bss.klawisz_3)
    klawisz_4                                0x20000194   Data           1  main.o(.bss.klawisz_4)
    klawisz_5                                0x20000195   Data           1  main.o(.bss.klawisz_5)
    klawisz_6                                0x20000196   Data           1  main.o(.bss.klawisz_6)
    klawisz_7                                0x20000197   Data           1  main.o(.bss.klawisz_7)
    klawisz_8                                0x20000198   Data           1  main.o(.bss.klawisz_8)
    klawisz_9                                0x20000199   Data           1  main.o(.bss.klawisz_9)
    klawisz_A                                0x2000019a   Data           1  main.o(.bss.klawisz_A)
    klawisz_B                                0x2000019b   Data           1  main.o(.bss.klawisz_B)
    klawisz_C                                0x2000019c   Data           1  main.o(.bss.klawisz_C)
    klawisz_D                                0x2000019d   Data           1  main.o(.bss.klawisz_D)
    klawisz_G                                0x2000019e   Data           1  main.o(.bss.klawisz_G)
    klawisz_K                                0x2000019f   Data           1  main.o(.bss.klawisz_K)
    uwTick                                   0x200001a0   Data           4  stm32f1xx_hal.o(.bss.uwTick)



==============================================================================

Memory Map of the image

  Image Entry point : 0x08000131

  Load Region LR_IROM1 (Base: 0x08000000, Size: 0x000065c8, Max: 0x00080000, ABSOLUTE)

    Execution Region ER_IROM1 (Exec base: 0x08000000, Load base: 0x08000000, Size: 0x000065b0, Max: 0x00080000, ABSOLUTE)

    Exec Addr    Load Addr    Size         Type   Attr      Idx    E Section Name        Object

    0x08000000   0x08000000   0x00000130   Data   RO            3    RESET               startup_stm32f103xe.o
    0x08000130   0x08000130   0x00000008   Code   RO         1064  * !!!main             c_w.l(__main.o)
    0x08000138   0x08000138   0x00000034   Code   RO         1350    !!!scatter          c_w.l(__scatter.o)
    0x0800016c   0x0800016c   0x0000001a   Code   RO         1352    !!handler_copy      c_w.l(__scatter_copy.o)
    0x08000186   0x08000186   0x00000002   PAD
    0x08000188   0x08000188   0x0000001c   Code   RO         1354    !!handler_zi        c_w.l(__scatter_zi.o)
    0x080001a4   0x080001a4   0x00000000   Code   RO         1061    .ARM.Collect$$_printf_percent$$00000000  c_w.l(_printf_percent.o)
    0x080001a4   0x080001a4   0x00000006   Code   RO         1060    .ARM.Collect$$_printf_percent$$00000003  c_w.l(_printf_f.o)
    0x080001aa   0x080001aa   0x00000004   Code   RO         1119    .ARM.Collect$$_printf_percent$$00000017  c_w.l(_printf_percent_end.o)
    0x080001ae   0x080001ae   0x00000002   Code   RO         1213    .ARM.Collect$$libinit$$00000000  c_w.l(libinit.o)
    0x080001b0   0x080001b0   0x00000000   Code   RO         1215    .ARM.Collect$$libinit$$00000002  c_w.l(libinit2.o)
    0x080001b0   0x080001b0   0x00000000   Code   RO         1217    .ARM.Collect$$libinit$$00000004  c_w.l(libinit2.o)
    0x080001b0   0x080001b0   0x00000000   Code   RO         1219    .ARM.Collect$$libinit$$00000006  c_w.l(libinit2.o)
    0x080001b0   0x080001b0   0x00000000   Code   RO         1222    .ARM.Collect$$libinit$$0000000C  c_w.l(libinit2.o)
    0x080001b0   0x080001b0   0x00000000   Code   RO         1224    .ARM.Collect$$libinit$$0000000E  c_w.l(libinit2.o)
    0x080001b0   0x080001b0   0x00000000   Code   RO         1226    .ARM.Collect$$libinit$$00000010  c_w.l(libinit2.o)
    0x080001b0   0x080001b0   0x00000006   Code   RO         1227    .ARM.Collect$$libinit$$00000011  c_w.l(libinit2.o)
    0x080001b6   0x080001b6   0x00000000   Code   RO         1229    .ARM.Collect$$libinit$$00000013  c_w.l(libinit2.o)
    0x080001b6   0x080001b6   0x00000000   Code   RO         1231    .ARM.Collect$$libinit$$00000015  c_w.l(libinit2.o)
    0x080001b6   0x080001b6   0x00000000   Code   RO         1233    .ARM.Collect$$libinit$$00000017  c_w.l(libinit2.o)
    0x080001b6   0x080001b6   0x0000000a   Code   RO         1234    .ARM.Collect$$libinit$$00000018  c_w.l(libinit2.o)
    0x080001c0   0x080001c0   0x00000000   Code   RO         1235    .ARM.Collect$$libinit$$00000019  c_w.l(libinit2.o)
    0x080001c0   0x080001c0   0x00000000   Code   RO         1237    .ARM.Collect$$libinit$$0000001B  c_w.l(libinit2.o)
    0x080001c0   0x080001c0   0x00000000   Code   RO         1239    .ARM.Collect$$libinit$$0000001D  c_w.l(libinit2.o)
    0x080001c0   0x080001c0   0x00000000   Code   RO         1241    .ARM.Collect$$libinit$$0000001F  c_w.l(libinit2.o)
    0x080001c0   0x080001c0   0x00000000   Code   RO         1243    .ARM.Collect$$libinit$$00000021  c_w.l(libinit2.o)
    0x080001c0   0x080001c0   0x00000000   Code   RO         1245    .ARM.Collect$$libinit$$00000023  c_w.l(libinit2.o)
    0x080001c0   0x080001c0   0x00000000   Code   RO         1247    .ARM.Collect$$libinit$$00000025  c_w.l(libinit2.o)
    0x080001c0   0x080001c0   0x00000000   Code   RO         1249    .ARM.Collect$$libinit$$00000027  c_w.l(libinit2.o)
    0x080001c0   0x080001c0   0x00000000   Code   RO         1253    .ARM.Collect$$libinit$$0000002E  c_w.l(libinit2.o)
    0x080001c0   0x080001c0   0x00000000   Code   RO         1255    .ARM.Collect$$libinit$$00000030  c_w.l(libinit2.o)
    0x080001c0   0x080001c0   0x00000000   Code   RO         1257    .ARM.Collect$$libinit$$00000032  c_w.l(libinit2.o)
    0x080001c0   0x080001c0   0x00000000   Code   RO         1259    .ARM.Collect$$libinit$$00000034  c_w.l(libinit2.o)
    0x080001c0   0x080001c0   0x00000002   Code   RO         1260    .ARM.Collect$$libinit$$00000035  c_w.l(libinit2.o)
    0x080001c2   0x080001c2   0x00000002   Code   RO         1296    .ARM.Collect$$libshutdown$$00000000  c_w.l(libshutdown.o)
    0x080001c4   0x080001c4   0x00000000   Code   RO         1307    .ARM.Collect$$libshutdown$$00000002  c_w.l(libshutdown2.o)
    0x080001c4   0x080001c4   0x00000000   Code   RO         1309    .ARM.Collect$$libshutdown$$00000004  c_w.l(libshutdown2.o)
    0x080001c4   0x080001c4   0x00000000   Code   RO         1312    .ARM.Collect$$libshutdown$$00000007  c_w.l(libshutdown2.o)
    0x080001c4   0x080001c4   0x00000000   Code   RO         1315    .ARM.Collect$$libshutdown$$0000000A  c_w.l(libshutdown2.o)
    0x080001c4   0x080001c4   0x00000000   Code   RO         1317    .ARM.Collect$$libshutdown$$0000000C  c_w.l(libshutdown2.o)
    0x080001c4   0x080001c4   0x00000000   Code   RO         1320    .ARM.Collect$$libshutdown$$0000000F  c_w.l(libshutdown2.o)
    0x080001c4   0x080001c4   0x00000002   Code   RO         1321    .ARM.Collect$$libshutdown$$00000010  c_w.l(libshutdown2.o)
    0x080001c6   0x080001c6   0x00000000   Code   RO         1110    .ARM.Collect$$rtentry$$00000000  c_w.l(__rtentry.o)
    0x080001c6   0x080001c6   0x00000000   Code   RO         1136    .ARM.Collect$$rtentry$$00000002  c_w.l(__rtentry2.o)
    0x080001c6   0x080001c6   0x00000006   Code   RO         1148    .ARM.Collect$$rtentry$$00000004  c_w.l(__rtentry4.o)
    0x080001cc   0x080001cc   0x00000000   Code   RO         1138    .ARM.Collect$$rtentry$$00000009  c_w.l(__rtentry2.o)
    0x080001cc   0x080001cc   0x00000004   Code   RO         1139    .ARM.Collect$$rtentry$$0000000A  c_w.l(__rtentry2.o)
    0x080001d0   0x080001d0   0x00000000   Code   RO         1141    .ARM.Collect$$rtentry$$0000000C  c_w.l(__rtentry2.o)
    0x080001d0   0x080001d0   0x00000008   Code   RO         1142    .ARM.Collect$$rtentry$$0000000D  c_w.l(__rtentry2.o)
    0x080001d8   0x080001d8   0x00000002   Code   RO         1261    .ARM.Collect$$rtexit$$00000000  c_w.l(rtexit.o)
    0x080001da   0x080001da   0x00000000   Code   RO         1270    .ARM.Collect$$rtexit$$00000002  c_w.l(rtexit2.o)
    0x080001da   0x080001da   0x00000004   Code   RO         1271    .ARM.Collect$$rtexit$$00000003  c_w.l(rtexit2.o)
    0x080001de   0x080001de   0x00000006   Code   RO         1272    .ARM.Collect$$rtexit$$00000004  c_w.l(rtexit2.o)
    0x080001e4   0x080001e4   0x00000040   Code   RO            4    .text               startup_stm32f103xe.o
    0x08000224   0x08000224   0x00000040   Code   RO         1036    .text               c_w.l(noretval__2snprintf.o)
    0x08000264   0x08000264   0x0000010e   Code   RO         1048    .text               c_w.l(__printf_wp.o)
    0x08000372   0x08000372   0x00000006   Code   RO         1062    .text               c_w.l(heapauxi.o)
    0x08000378   0x08000378   0x0000041c   Code   RO         1111    .text               c_w.l(_printf_fp_dec.o)
    0x08000794   0x08000794   0x00000030   Code   RO         1115    .text               c_w.l(_printf_char_common.o)
    0x080007c4   0x080007c4   0x00000010   Code   RO         1117    .text               c_w.l(_snputc.o)
    0x080007d4   0x080007d4   0x00000008   Code   RO         1153    .text               c_w.l(rt_locale_intlibspace.o)
    0x080007dc   0x080007dc   0x0000008a   Code   RO         1155    .text               c_w.l(lludiv10.o)
    0x08000866   0x08000866   0x00000002   PAD
    0x08000868   0x08000868   0x00000080   Code   RO         1157    .text               c_w.l(_printf_fp_infnan.o)
    0x080008e8   0x080008e8   0x000000e4   Code   RO         1161    .text               c_w.l(bigflt0.o)
    0x080009cc   0x080009cc   0x00000008   Code   RO         1197    .text               c_w.l(libspace.o)
    0x080009d4   0x080009d4   0x0000004a   Code   RO         1200    .text               c_w.l(sys_stackheap_outer.o)
    0x08000a1e   0x08000a1e   0x00000012   Code   RO         1204    .text               c_w.l(exit.o)
    0x08000a30   0x08000a30   0x00000080   Code   RO         1206    .text               c_w.l(strcmpv7m.o)
    0x08000ab0   0x08000ab0   0x0000000c   Code   RO         1282    .text               c_w.l(sys_exit.o)
    0x08000abc   0x08000abc   0x00000002   Code   RO         1297    .text               c_w.l(use_no_semi.o)
    0x08000abe   0x08000abe   0x00000000   Code   RO         1299    .text               c_w.l(indicate_semi.o)
    0x08000abe   0x08000abe   0x00000002   PAD
    0x08000ac0   0x08000ac0   0x00000002   Code   RO          117    .text.BusFault_Handler  stm32f1xx_it.o
    0x08000ac2   0x08000ac2   0x00000002   PAD
    0x08000ac4   0x08000ac4   0x00000002   Code   RO          123    .text.DebugMon_Handler  stm32f1xx_it.o
    0x08000ac6   0x08000ac6   0x00000002   PAD
    0x08000ac8   0x08000ac8   0x0000004c   Code   RO          614    .text.FSMC_NORSRAM_Extended_Timing_Init  stm32f1xx_ll_fsmc.o
    0x08000b14   0x08000b14   0x00000086   Code   RO          608    .text.FSMC_NORSRAM_Init  stm32f1xx_ll_fsmc.o
    0x08000b9a   0x08000b9a   0x00000002   PAD
    0x08000b9c   0x08000b9c   0x00000044   Code   RO          612    .text.FSMC_NORSRAM_Timing_Init  stm32f1xx_ll_fsmc.o
    0x08000be0   0x08000be0   0x0000018c   Code   RO          225    .text.HAL_ADC_ConfigChannel  stm32f1xx_hal_adc.o
    0x08000d6c   0x08000d6c   0x00000006   Code   RO          213    .text.HAL_ADC_GetValue  stm32f1xx_hal_adc.o
    0x08000d72   0x08000d72   0x00000002   PAD
    0x08000d74   0x08000d74   0x00000160   Code   RO          179    .text.HAL_ADC_Init  stm32f1xx_hal_adc.o
    0x08000ed4   0x08000ed4   0x00000062   Code   RO          143    .text.HAL_ADC_MspInit  stm32f1xx_hal_msp.o
    0x08000f36   0x08000f36   0x00000002   PAD
    0x08000f38   0x08000f38   0x000001da   Code   RO          195    .text.HAL_ADC_PollForConversion  stm32f1xx_hal_adc.o
    0x08001112   0x08001112   0x00000002   PAD
    0x08001114   0x08001114   0x0000014e   Code   RO          189    .text.HAL_ADC_Start  stm32f1xx_hal_adc.o
    0x08001262   0x08001262   0x00000002   PAD
    0x08001264   0x08001264   0x00000028   Code   RO          295    .text.HAL_Delay     stm32f1xx_hal.o
    0x0800128c   0x0800128c   0x000001fa   Code   RO          387    .text.HAL_GPIO_Init  stm32f1xx_hal_gpio.o
    0x08001486   0x08001486   0x00000002   PAD
    0x08001488   0x08001488   0x0000000a   Code   RO          391    .text.HAL_GPIO_ReadPin  stm32f1xx_hal_gpio.o
    0x08001492   0x08001492   0x00000002   PAD
    0x08001494   0x08001494   0x0000000a   Code   RO          393    .text.HAL_GPIO_WritePin  stm32f1xx_hal_gpio.o
    0x0800149e   0x0800149e   0x00000002   PAD
    0x080014a0   0x080014a0   0x0000000c   Code   RO          287    .text.HAL_GetTick   stm32f1xx_hal.o
    0x080014ac   0x080014ac   0x0000001a   Code   RO          285    .text.HAL_IncTick   stm32f1xx_hal.o
    0x080014c6   0x080014c6   0x00000002   PAD
    0x080014c8   0x080014c8   0x00000026   Code   RO          275    .text.HAL_Init      stm32f1xx_hal.o
    0x080014ee   0x080014ee   0x00000002   PAD
    0x080014f0   0x080014f0   0x00000048   Code   RO          277    .text.HAL_InitTick  stm32f1xx_hal.o
    0x08001538   0x08001538   0x00000042   Code   RO          141    .text.HAL_MspInit   stm32f1xx_hal_msp.o
    0x0800157a   0x0800157a   0x00000002   PAD
    0x0800157c   0x0800157c   0x00000026   Code   RO          447    .text.HAL_NVIC_EnableIRQ  stm32f1xx_hal_cortex.o
    0x080015a2   0x080015a2   0x00000002   PAD
    0x080015a4   0x080015a4   0x00000056   Code   RO          445    .text.HAL_NVIC_SetPriority  stm32f1xx_hal_cortex.o
    0x080015fa   0x080015fa   0x00000002   PAD
    0x080015fc   0x080015fc   0x00000020   Code   RO          443    .text.HAL_NVIC_SetPriorityGrouping  stm32f1xx_hal_cortex.o
    0x0800161c   0x0800161c   0x00000110   Code   RO          377    .text.HAL_RCCEx_GetPeriphCLKFreq  stm32f1xx_hal_rcc_ex.o
    0x0800172c   0x0800172c   0x0000010a   Code   RO          373    .text.HAL_RCCEx_PeriphCLKConfig  stm32f1xx_hal_rcc_ex.o
    0x08001836   0x08001836   0x00000002   PAD
    0x08001838   0x08001838   0x000001be   Code   RO          339    .text.HAL_RCC_ClockConfig  stm32f1xx_hal_rcc.o
    0x080019f6   0x080019f6   0x00000002   PAD
    0x080019f8   0x080019f8   0x00000026   Code   RO          353    .text.HAL_RCC_GetPCLK2Freq  stm32f1xx_hal_rcc.o
    0x08001a1e   0x08001a1e   0x00000002   PAD
    0x08001a20   0x08001a20   0x00000056   Code   RO          341    .text.HAL_RCC_GetSysClockFreq  stm32f1xx_hal_rcc.o
    0x08001a76   0x08001a76   0x00000002   PAD
    0x08001a78   0x08001a78   0x000003b4   Code   RO          337    .text.HAL_RCC_OscConfig  stm32f1xx_hal_rcc.o
    0x08001e2c   0x08001e2c   0x0000006c   Code   RO          652    .text.HAL_SRAM_Init  stm32f1xx_hal_sram.o
    0x08001e98   0x08001e98   0x0000008e   Code   RO          151    .text.HAL_SRAM_MspInit  stm32f1xx_hal_msp.o
    0x08001f26   0x08001f26   0x00000002   PAD
    0x08001f28   0x08001f28   0x0000002c   Code   RO          455    .text.HAL_SYSTICK_Config  stm32f1xx_hal_cortex.o
    0x08001f54   0x08001f54   0x00000002   Code   RO         1004    .text.HAL_TIMEx_BreakCallback  stm32f1xx_hal_tim_ex.o
    0x08001f56   0x08001f56   0x00000002   PAD
    0x08001f58   0x08001f58   0x00000002   Code   RO         1000    .text.HAL_TIMEx_CommutCallback  stm32f1xx_hal_tim_ex.o
    0x08001f5a   0x08001f5a   0x00000002   PAD
    0x08001f5c   0x08001f5c   0x00000092   Code   RO          994    .text.HAL_TIMEx_MasterConfigSynchronization  stm32f1xx_hal_tim_ex.o
    0x08001fee   0x08001fee   0x00000002   PAD
    0x08001ff0   0x08001ff0   0x00000126   Code   RO          700    .text.HAL_TIM_Base_Init  stm32f1xx_hal_tim.o
    0x08002116   0x08002116   0x00000002   PAD
    0x08002118   0x08002118   0x00000074   Code   RO          147    .text.HAL_TIM_Base_MspInit  stm32f1xx_hal_msp.o
    0x0800218c   0x0800218c   0x0000007e   Code   RO          710    .text.HAL_TIM_Base_Start  stm32f1xx_hal_tim.o
    0x0800220a   0x0800220a   0x00000002   PAD
    0x0800220c   0x0800220c   0x00000086   Code   RO          714    .text.HAL_TIM_Base_Start_IT  stm32f1xx_hal_tim.o
    0x08002292   0x08002292   0x00000002   PAD
    0x08002294   0x08002294   0x00000002   Code   RO          836    .text.HAL_TIM_IC_CaptureCallback  stm32f1xx_hal_tim.o
    0x08002296   0x08002296   0x00000002   PAD
    0x08002298   0x08002298   0x00000170   Code   RO          834    .text.HAL_TIM_IRQHandler  stm32f1xx_hal_tim.o
    0x08002408   0x08002408   0x00000002   Code   RO          838    .text.HAL_TIM_OC_DelayElapsedCallback  stm32f1xx_hal_tim.o
    0x0800240a   0x0800240a   0x00000002   PAD
    0x0800240c   0x0800240c   0x00000002   Code   RO          840    .text.HAL_TIM_PWM_PulseFinishedCallback  stm32f1xx_hal_tim.o
    0x0800240e   0x0800240e   0x00000002   PAD
    0x08002410   0x08002410   0x00000002   Code   RO          842    .text.HAL_TIM_PeriodElapsedCallback  stm32f1xx_hal_tim.o
    0x08002412   0x08002412   0x00000002   PAD
    0x08002414   0x08002414   0x00000002   Code   RO          844    .text.HAL_TIM_TriggerCallback  stm32f1xx_hal_tim.o
    0x08002416   0x08002416   0x00000002   PAD
    0x08002418   0x08002418   0x00000002   Code   RO          113    .text.HardFault_Handler  stm32f1xx_it.o
    0x0800241a   0x0800241a   0x00000002   PAD
    0x0800241c   0x0800241c   0x000000ae   Code   RO           23    .text.LCD_Clear     lcd.o
    0x080024ca   0x080024ca   0x00000002   PAD
    0x080024cc   0x080024cc   0x0000004a   Code   RO           21    .text.LCD_DisplayStringLine  lcd.o
    0x08002516   0x08002516   0x00000002   PAD
    0x08002518   0x08002518   0x0000015a   Code   RO           29    .text.LCD_DrawChar  lcd.o
    0x08002672   0x08002672   0x00000002   PAD
    0x08002674   0x08002674   0x00000018   Code   RO           17    .text.LCD_SetBackColor  lcd.o
    0x0800268c   0x0800268c   0x00000018   Code   RO           15    .text.LCD_SetTextColor  lcd.o
    0x080026a4   0x080026a4   0x00000002   Code   RO          115    .text.MemManage_Handler  stm32f1xx_it.o
    0x080026a6   0x080026a6   0x00000002   PAD
    0x080026a8   0x080026a8   0x00000002   Code   RO          111    .text.NMI_Handler   stm32f1xx_it.o
    0x080026aa   0x080026aa   0x00000002   PAD
    0x080026ac   0x080026ac   0x00000002   Code   RO          125    .text.PendSV_Handler  stm32f1xx_it.o
    0x080026ae   0x080026ae   0x00000002   PAD
    0x080026b0   0x080026b0   0x00000202   Code   RO           11    .text.STM3210E_LCD_Init  lcd.o
    0x080028b2   0x080028b2   0x00000002   PAD
    0x080028b4   0x080028b4   0x00000002   Code   RO          121    .text.SVC_Handler   stm32f1xx_it.o
    0x080028b6   0x080028b6   0x00000002   PAD
    0x080028b8   0x080028b8   0x00000004   Code   RO          127    .text.SysTick_Handler  stm32f1xx_it.o
    0x080028bc   0x080028bc   0x00000002   Code   RO         1018    .text.SystemInit    system_stm32f1xx.o
    0x080028be   0x080028be   0x00000002   PAD
    0x080028c0   0x080028c0   0x0000007a   Code   RO          129    .text.TIM6_IRQHandler  stm32f1xx_it.o
    0x0800293a   0x0800293a   0x00000002   PAD
    0x0800293c   0x0800293c   0x00000a8a   Code   RO          131    .text.TIM7_IRQHandler  stm32f1xx_it.o
    0x080033c6   0x080033c6   0x00000002   PAD
    0x080033c8   0x080033c8   0x00000002   Code   RO          119    .text.UsageFault_Handler  stm32f1xx_it.o
    0x080033ca   0x080033ca   0x00000002   PAD
    0x080033cc   0x080033cc   0x0000079c   Code   RO           71    .text.main          main.o
    0x08003b68   0x08003b68   0x0000003e   Code   RO         1164    CL$$btod_d2e        c_w.l(btod.o)
    0x08003ba6   0x08003ba6   0x00000046   Code   RO         1166    CL$$btod_d2e_denorm_low  c_w.l(btod.o)
    0x08003bec   0x08003bec   0x00000060   Code   RO         1165    CL$$btod_d2e_norm_op1  c_w.l(btod.o)
    0x08003c4c   0x08003c4c   0x00000338   Code   RO         1174    CL$$btod_div_common  c_w.l(btod.o)
    0x08003f84   0x08003f84   0x000000dc   Code   RO         1171    CL$$btod_e2e        c_w.l(btod.o)
    0x08004060   0x08004060   0x0000002a   Code   RO         1168    CL$$btod_ediv       c_w.l(btod.o)
    0x0800408a   0x0800408a   0x0000002a   Code   RO         1167    CL$$btod_emul       c_w.l(btod.o)
    0x080040b4   0x080040b4   0x00000244   Code   RO         1173    CL$$btod_mult_common  c_w.l(btod.o)
    0x080042f8   0x080042f8   0x00000028   Code   RO         1195    i.__ARM_fpclassify  m_ws.l(fpclassify.o)
    0x08004320   0x08004320   0x0000000e   Code   RO         1050    i._is_digit         c_w.l(__printf_wp.o)
    0x0800432e   0x0800432e   0x00000002   PAD
    0x08004330   0x08004330   0x0000002c   Code   RO         1189    locale$$code        c_w.l(lc_numeric_c.o)
    0x0800435c   0x0800435c   0x00000062   Code   RO         1066    x$fpl$d2f           fz_ws.l(d2f.o)
    0x080043be   0x080043be   0x00000002   PAD
    0x080043c0   0x080043c0   0x00000150   Code   RO         1068    x$fpl$dadd          fz_ws.l(daddsub_clz.o)
    0x08004510   0x08004510   0x000002b4   Code   RO         1075    x$fpl$ddiv          fz_ws.l(ddiv.o)
    0x080047c4   0x080047c4   0x00000026   Code   RO         1078    x$fpl$dfltu         fz_ws.l(dflt_clz.o)
    0x080047ea   0x080047ea   0x00000002   PAD
    0x080047ec   0x080047ec   0x00000154   Code   RO         1084    x$fpl$dmul          fz_ws.l(dmul.o)
    0x08004940   0x08004940   0x0000009c   Code   RO         1120    x$fpl$dnaninf       fz_ws.l(dnaninf.o)
    0x080049dc   0x080049dc   0x0000000c   Code   RO         1122    x$fpl$dretinf       fz_ws.l(dretinf.o)
    0x080049e8   0x080049e8   0x000001dc   Code   RO         1070    x$fpl$dsub          fz_ws.l(daddsub_clz.o)
    0x08004bc4   0x08004bc4   0x00000056   Code   RO         1086    x$fpl$f2d           fz_ws.l(f2d.o)
    0x08004c1a   0x08004c1a   0x00000002   PAD
    0x08004c1c   0x08004c1c   0x000000c4   Code   RO         1088    x$fpl$fadd          fz_ws.l(faddsub_clz.o)
    0x08004ce0   0x08004ce0   0x00000054   Code   RO         1094    x$fpl$fcmp          fz_ws.l(fcmp.o)
    0x08004d34   0x08004d34   0x00000018   Code   RO         1191    x$fpl$fcmpinf       fz_ws.l(fcmpi.o)
    0x08004d4c   0x08004d4c   0x00000184   Code   RO         1097    x$fpl$fdiv          fz_ws.l(fdiv.o)
    0x08004ed0   0x08004ed0   0x00000068   Code   RO         1124    x$fpl$feqf          fz_ws.l(feqf.o)
    0x08004f38   0x08004f38   0x00000026   Code   RO         1100    x$fpl$ffltu         fz_ws.l(fflt_clz.o)
    0x08004f5e   0x08004f5e   0x00000002   PAD
    0x08004f60   0x08004f60   0x00000068   Code   RO         1126    x$fpl$fgeqf         fz_ws.l(fgeqf.o)
    0x08004fc8   0x08004fc8   0x00000068   Code   RO         1128    x$fpl$fleqf         fz_ws.l(fleqf.o)
    0x08005030   0x08005030   0x00000102   Code   RO         1106    x$fpl$fmul          fz_ws.l(fmul.o)
    0x08005132   0x08005132   0x0000008c   Code   RO         1130    x$fpl$fnaninf       fz_ws.l(fnaninf.o)
    0x080051be   0x080051be   0x0000000a   Code   RO         1132    x$fpl$fretinf       fz_ws.l(fretinf.o)
    0x080051c8   0x080051c8   0x000000ea   Code   RO         1090    x$fpl$fsub          fz_ws.l(faddsub_clz.o)
    0x080052b2   0x080052b2   0x00000004   Code   RO         1108    x$fpl$printf1       fz_ws.l(printf1.o)
    0x080052b6   0x080052b6   0x00000000   Code   RO         1134    x$fpl$usenofp       fz_ws.l(usenofp.o)
    0x080052b6   0x080052b6   0x00000002   PAD
    0x080052b8   0x080052b8   0x00000094   Data   RO         1162    .constdata          c_w.l(bigflt0.o)
    0x0800534c   0x0800534c   0x00000002   Data   RO          364    .rodata..L__const.HAL_RCC_GetSysClockFreq.aPredivFactorTable  stm32f1xx_hal_rcc.o
    0x0800534e   0x0800534e   0x00000010   Data   RO         1023    .rodata.AHBPrescTable  system_stm32f1xx.o
    0x0800535e   0x0800535e   0x00000008   Data   RO         1024    .rodata.APBPrescTable  system_stm32f1xx.o
    0x08005366   0x08005366   0x000011d0   Data   RO           59    .rodata.ASCII_Table  lcd.o
    0x08006536   0x08006536   0x00000010   Data   RO          363    .rodata.cst16       stm32f1xx_hal_rcc.o
    0x08006546   0x08006546   0x0000002d   Data   RO           99    .rodata.str1.1      main.o
    0x08006573   0x08006573   0x00000001   PAD
    0x08006574   0x08006574   0x00000020   Data   RO         1349    Region$$Table       anon$$obj.o
    0x08006594   0x08006594   0x0000001c   Data   RO         1188    locale$$data        c_w.l(lc_numeric_c.o)


    Execution Region RW_IRAM1 (Exec base: 0x20000000, Load base: 0x080065b0, Size: 0x000007a8, Max: 0x00010000, ABSOLUTE)

    Exec Addr    Load Addr    Size         Type   Attr      Idx    E Section Name        Object

    0x20000000   0x080065b0   0x00000008   Data   RW          326    .data..L_MergedGlobals  stm32f1xx_hal.o
    0x20000008   0x080065b8   0x00000002   Data   RW           62    .data.BackColor     lcd.o
    0x2000000a   0x080065ba   0x00000002   PAD
    0x2000000c   0x080065bc   0x00000004   Data   RW         1022    .data.SystemCoreClock  system_stm32f1xx.o
    0x20000010   0x080065c0   0x00000001   Data   RW           80    .data.symbol        main.o
    0x20000011   0x080065c1   0x00000007   PAD
    0x20000018        -       0x00000060   Zero   RW         1198    .bss                c_w.l(libspace.o)
    0x20000078        -       0x00000038   Zero   RW          102    .bss..L_MergedGlobals  main.o
    0x200000b0        -       0x00000001   Zero   RW          155    .bss.FSMC_Initialized  stm32f1xx_hal_msp.o
    0x200000b1        -       0x00000001   Zero   RW           78    .bss.JOY_DOWN       main.o
    0x200000b2        -       0x00000001   Zero   RW           79    .bss.JOY_SEL        main.o
    0x200000b3        -       0x00000001   Zero   RW           77    .bss.JOY_UP         main.o
    0x200000b4        -       0x00000002   Zero   RW           61    .bss.TextColor      lcd.o
    0x200000b6   0x080065c1   0x00000002   PAD
    0x200000b8        -       0x00000048   Zero   RW          100    .bss.hsram3         main.o
    0x20000100        -       0x00000048   Zero   RW           98    .bss.htim6          main.o
    0x20000148        -       0x00000048   Zero   RW           97    .bss.htim7          main.o
    0x20000190        -       0x00000001   Zero   RW           81    .bss.klawisz_0      main.o
    0x20000191        -       0x00000001   Zero   RW           82    .bss.klawisz_1      main.o
    0x20000192        -       0x00000001   Zero   RW           83    .bss.klawisz_2      main.o
    0x20000193        -       0x00000001   Zero   RW           84    .bss.klawisz_3      main.o
    0x20000194        -       0x00000001   Zero   RW           85    .bss.klawisz_4      main.o
    0x20000195        -       0x00000001   Zero   RW           86    .bss.klawisz_5      main.o
    0x20000196        -       0x00000001   Zero   RW           87    .bss.klawisz_6      main.o
    0x20000197        -       0x00000001   Zero   RW           88    .bss.klawisz_7      main.o
    0x20000198        -       0x00000001   Zero   RW           89    .bss.klawisz_8      main.o
    0x20000199        -       0x00000001   Zero   RW           90    .bss.klawisz_9      main.o
    0x2000019a        -       0x00000001   Zero   RW           91    .bss.klawisz_A      main.o
    0x2000019b        -       0x00000001   Zero   RW           92    .bss.klawisz_B      main.o
    0x2000019c        -       0x00000001   Zero   RW           93    .bss.klawisz_C      main.o
    0x2000019d        -       0x00000001   Zero   RW           94    .bss.klawisz_D      main.o
    0x2000019e        -       0x00000001   Zero   RW           96    .bss.klawisz_G      main.o
    0x2000019f        -       0x00000001   Zero   RW           95    .bss.klawisz_K      main.o
    0x200001a0        -       0x00000004   Zero   RW          325    .bss.uwTick         stm32f1xx_hal.o
    0x200001a4   0x080065c1   0x00000004   PAD
    0x200001a8        -       0x00000200   Zero   RW            2    HEAP                startup_stm32f103xe.o
    0x200003a8        -       0x00000400   Zero   RW            1    STACK               startup_stm32f103xe.o


==============================================================================

Image component sizes


      Code (inc. data)   RO Data    RW Data    ZI Data      Debug   Object Name

      1156          0       4560          2          2      21353   lcd.o
      1948         76         45          1        291      10928   main.o
        64         26        304          0       1536        828   startup_stm32f103xe.o
       188          0          0          8          4       6115   stm32f1xx_hal.o
      1562          0          0          0          0      13384   stm32f1xx_hal_adc.o
       200          0          0          0          0       8873   stm32f1xx_hal_cortex.o
       526         20          0          0          0       4596   stm32f1xx_hal_gpio.o
       422          0          0          0          1       9405   stm32f1xx_hal_msp.o
      1518          0         18          0          0       7706   stm32f1xx_hal_rcc.o
       538         36          0          0          0       3823   stm32f1xx_hal_rcc_ex.o
       108          0          0          0          0      12683   stm32f1xx_hal_sram.o
       932          0          0          0          0      54594   stm32f1xx_hal_tim.o
       150          0          0          0          0      20465   stm32f1xx_hal_tim_ex.o
      2840        120          0          0          0       4833   stm32f1xx_it.o
       278          0          0          0          0       7624   stm32f1xx_ll_fsmc.o
         2          0         24          4          0       1665   system_stm32f1xx.o

    ----------------------------------------------------------------------
     12520        278       4984         20       1844     188875   Object Totals
         0          0         32          0          0          0   (incl. Generated)
        88          0          1          5         10          0   (incl. Padding)

    ----------------------------------------------------------------------

      Code (inc. data)   RO Data    RW Data    ZI Data      Debug   Library Member Name

         8          0          0          0          0         68   __main.o
       284          0          0          0          0        156   __printf_wp.o
         0          0          0          0          0          0   __rtentry.o
        12          0          0          0          0          0   __rtentry2.o
         6          0          0          0          0          0   __rtentry4.o
        52          8          0          0          0          0   __scatter.o
        26          0          0          0          0          0   __scatter_copy.o
        28          0          0          0          0          0   __scatter_zi.o
        48          6          0          0          0         96   _printf_char_common.o
         6          0          0          0          0          0   _printf_f.o
      1052          0          0          0          0        148   _printf_fp_dec.o
       128         16          0          0          0         84   _printf_fp_infnan.o
         0          0          0          0          0          0   _printf_percent.o
         4          0          0          0          0          0   _printf_percent_end.o
        16          0          0          0          0         68   _snputc.o
       228          4        148          0          0         96   bigflt0.o
      1936        128          0          0          0        668   btod.o
        18          0          0          0          0         80   exit.o
         6          0          0          0          0        152   heapauxi.o
         0          0          0          0          0          0   indicate_semi.o
        44         10         28          0          0         76   lc_numeric_c.o
         2          0          0          0          0          0   libinit.o
        18          0          0          0          0          0   libinit2.o
         2          0          0          0          0          0   libshutdown.o
         2          0          0          0          0          0   libshutdown2.o
         8          4          0          0         96         68   libspace.o
       138          0          0          0          0         80   lludiv10.o
        64          6          0          0          0         84   noretval__2snprintf.o
         8          4          0          0          0         68   rt_locale_intlibspace.o
         2          0          0          0          0          0   rtexit.o
        10          0          0          0          0          0   rtexit2.o
       128          0          0          0          0         68   strcmpv7m.o
        12          4          0          0          0         68   sys_exit.o
        74          0          0          0          0         80   sys_stackheap_outer.o
         2          0          0          0          0         68   use_no_semi.o
        98          4          0          0          0         92   d2f.o
       812         16          0          0          0        296   daddsub_clz.o
       692        140          0          0          0        216   ddiv.o
        38          0          0          0          0         68   dflt_clz.o
       340         12          0          0          0        104   dmul.o
       156          4          0          0          0         92   dnaninf.o
        12          0          0          0          0         68   dretinf.o
        86          4          0          0          0         84   f2d.o
       430          8          0          0          0        168   faddsub_clz.o
        84          0          0          0          0        196   fcmp.o
        24          0          0          0          0         68   fcmpi.o
       388         76          0          0          0         96   fdiv.o
       104          4          0          0          0         84   feqf.o
        38          0          0          0          0         68   fflt_clz.o
       104          4          0          0          0         84   fgeqf.o
       104          4          0          0          0         84   fleqf.o
       258          4          0          0          0         84   fmul.o
       140          4          0          0          0         84   fnaninf.o
        10          0          0          0          0         68   fretinf.o
         4          0          0          0          0         68   printf1.o
         0          0          0          0          0          0   usenofp.o
        40          0          0          0          0         68   fpclassify.o

    ----------------------------------------------------------------------
      8352        474        176          0         96       4516   Library Totals
        18          0          0          0          0          0   (incl. Padding)

    ----------------------------------------------------------------------

      Code (inc. data)   RO Data    RW Data    ZI Data      Debug   Library Name

      4372        190        176          0         96       2276   c_w.l
      3922        284          0          0          0       2172   fz_ws.l
        40          0          0          0          0         68   m_ws.l

    ----------------------------------------------------------------------
      8352        474        176          0         96       4516   Library Totals

    ----------------------------------------------------------------------

==============================================================================


      Code (inc. data)   RO Data    RW Data    ZI Data      Debug   

     20872        752       5160         20       1940     190767   Grand Totals
     20872        752       5160         20       1940     190767   ELF Image Totals
     20872        752       5160         20          0          0   ROM Totals

==============================================================================

    Total RO  Size (Code + RO Data)                26032 (  25.42kB)
    Total RW  Size (RW Data + ZI Data)              1960 (   1.91kB)
    Total ROM Size (Code + RO Data + RW Data)      26052 (  25.44kB)

==============================================================================

